stm32f4xx_adc.c:213:6:ADC_DeInit	8	static
stm32f4xx_adc.c:235:6:ADC_Init	24	static
stm32f4xx_adc.c:310:6:ADC_StructInit	16	static
stm32f4xx_adc.c:341:6:ADC_CommonInit	24	static
stm32f4xx_adc.c:377:6:ADC_CommonStructInit	16	static
stm32f4xx_adc.c:399:6:ADC_Cmd	16	static
stm32f4xx_adc.c:455:6:ADC_AnalogWatchdogCmd	24	static
stm32f4xx_adc.c:484:6:ADC_AnalogWatchdogThresholdsConfig	16	static
stm32f4xx_adc.c:525:6:ADC_AnalogWatchdogSingleChannelConfig	24	static
stm32f4xx_adc.c:589:6:ADC_TempSensorVrefintCmd	16	static
stm32f4xx_adc.c:615:6:ADC_VBATCmd	16	static
stm32f4xx_adc.c:716:6:ADC_RegularChannelConfig	24	static
stm32f4xx_adc.c:836:6:ADC_SoftwareStartConv	16	static
stm32f4xx_adc.c:850:12:ADC_GetSoftwareStartConvStatus	24	static
stm32f4xx_adc.c:880:6:ADC_EOCOnEachRegularChannelCmd	16	static
stm32f4xx_adc.c:905:6:ADC_ContinuousModeCmd	16	static
stm32f4xx_adc.c:931:6:ADC_DiscModeChannelCountConfig	24	static
stm32f4xx_adc.c:963:6:ADC_DiscModeCmd	16	static
stm32f4xx_adc.c:986:10:ADC_GetConversionValue	16	static
stm32f4xx_adc.c:1007:10:ADC_GetMultiModeConversionValue	4	static
stm32f4xx_adc.c:1053:6:ADC_DMACmd	16	static
stm32f4xx_adc.c:1077:6:ADC_DMARequestAfterLastTransferCmd	16	static
stm32f4xx_adc.c:1104:6:ADC_MultiModeDMARequestAfterLastTransferCmd	16	static
stm32f4xx_adc.c:1191:6:ADC_InjectedChannelConfig	32	static
stm32f4xx_adc.c:1254:6:ADC_InjectedSequencerLengthConfig	24	static
stm32f4xx_adc.c:1289:6:ADC_SetInjectedOffset	24	static
stm32f4xx_adc.c:1327:6:ADC_ExternalTrigInjectedConvConfig	24	static
stm32f4xx_adc.c:1361:6:ADC_ExternalTrigInjectedConvEdgeConfig	24	static
stm32f4xx_adc.c:1382:6:ADC_SoftwareStartInjectedConv	16	static
stm32f4xx_adc.c:1395:12:ADC_GetSoftwareStartInjectedConvCmdStatus	24	static
stm32f4xx_adc.c:1424:6:ADC_AutoInjectedConvCmd	16	static
stm32f4xx_adc.c:1450:6:ADC_InjectedDiscModeCmd	16	static
stm32f4xx_adc.c:1478:10:ADC_GetInjectedConversionValue	24	static
stm32f4xx_adc.c:1585:6:ADC_ITConfig	24	static
stm32f4xx_adc.c:1622:12:ADC_GetFlagStatus	24	static
stm32f4xx_adc.c:1657:6:ADC_ClearFlag	16	static
stm32f4xx_adc.c:1678:10:ADC_GetITStatus	32	static
stm32f4xx_adc.c:1719:6:ADC_ClearITPendingBit	24	static
