ff.c:1747:5:pattern_matching	32	static
ff.c:2067:5:get_ldnumber	20	static
ff.c:655:9:sync_window.part.3	24	static
ff.c:684:9:move_window.part.4	24	static
ff.c:715:9:sync_fs	24	static
ff.c:892:9:remove_chain.part.10	40	static
ff.c:773:7:get_fat.part.6	40	static
ff.c:1083:9:dir_next.constprop	16	static
ff.c:1471:9:dir_read.constprop	32	static
ff.c:828:9:put_fat.part.8	40	static
ff.c:945:7:create_chain	48	static
ff.c:2642:9:f_write.part.12	72	static
ff.c:4427:6:putc_bfd	24	static
ff.c:1035:9:dir_sdi	56	static
ff.c:2005:9:follow_path	40	static
ff.c:1530:9:dir_register	56	static
ff.c:2156:9:find_volume	48	static
ff.c:755:7:clust2sect	0	static
ff.c:773:7:get_fat	40	static
ff.c:828:9:put_fat	40	static
ff.c:2358:9:f_mount	24	static
ff.c:2405:9:f_open	88	static
ff.c:2541:9:f_read	72	static
ff.c:2642:9:f_write	24	static
ff.c:2764:9:f_sync	32	static
ff.c:2813:9:f_close	32	static
ff.c:2852:9:f_chdrive	16	static
ff.c:2869:9:f_chdir	88	static
ff.c:2902:9:f_getcwd	128	static
ff.c:2985:9:f_lseek	24	static
ff.c:3143:9:f_opendir	40	static
ff.c:3199:9:f_closedir	8	static
ff.c:3231:9:f_readdir	32	static
ff.c:3273:9:f_findnext	56	static
ff.c:3299:9:f_findfirst	64	static
ff.c:3325:9:f_stat	96	static
ff.c:3360:9:f_getfree	72	static
ff.c:3427:9:f_truncate	16	static
ff.c:3483:9:f_unlink	120	static
ff.c:3552:9:f_mkdir	128	static
ff.c:3626:9:f_chmod	96	static
ff.c:3669:9:f_rename	144	static
ff.c:3747:9:f_utime	88	static
ff.c:3795:9:f_getlabel	96	static
ff.c:3862:9:f_setlabel	96	static
ff.c:4021:9:f_mkfs	80	static
ff.c:4340:8:f_gets	32	static
ff.c:4482:5:f_putc	96	static
ff.c:4509:5:f_puts	104	static
ff.c:4537:5:f_printf	148	static
