bargraph_defines.c:85:6:makeLabelEntries_linear.constprop	56	static
bargraph_defines.c:85:6:makeLabelEntries_linear.constprop	56	static
bargraph_defines.c:42:6:makeLabelEntries_Power	72	static
bargraph_defines.c:65:6:makeLabelEntries_SWR	64	static
bargraph_defines.c:85:6:makeLabelEntries_linear	64	static
bargraph_defines.c:109:6:init_bars	96	static
bargraph_defines.c:347:6:show_mainbars	8	static
bargraph_defines.c:363:6:show_bigbars	8	static
bargraph_defines.c:369:6:show_bridge_bars	8	static
bargraph_defines.c:379:6:bar_initstruct	0	static
bargraph_defines.c:384:6:bar_setxy	4	static
bargraph_defines.c:392:6:bar_title	16	static
bargraph_defines.c:401:6:bar_style	0	static
bargraph_defines.c:406:6:bar_labelunit	8	static
bargraph_defines.c:413:6:bar_labelentry	16	static
bargraph_defines.c:422:6:bar_value	16	static
bargraph_defines.c:433:6:bar_barinfo	0	static
