calib.c:55:6:draw_buttons_calib.part.0	40	static
calib.c:55:6:draw_buttons_calib	32	static
calib.c:114:8:getfValsPtr	0	static
calib.c:139:6:drawCalibVppHelp	72	static
calib.c:154:6:draw_calib_buttons	96	static
calib.c:82:6:draw_menu_calib	56	static
calib.c:187:6:calib_touch	24	static
calib.c:208:6:select_gridfield	0	static
calib.c:254:6:calib_changevalue	16	static
calib.c:297:6:calib_readvalue	8	static
calib.c:216:5:do_button_calib	24	static
calib.c:319:6:checkmV	0	static
calib.c:328:9:calibvalsOK	0	static
