menu.c:32:6:switchto_emergencymode	8	static
menu.c:70:5:switchto_active	16	static
menu.c:97:6:switchto_standby	16	static
menu.c:377:6:show_selectionmenu	104	static
menu.c:533:6:draw_menu_overview	8	static
menu.c:540:6:draw_menu_bridges	56	static
menu.c:583:6:draw_menu_hist	8	static
menu.c:647:6:draw_menu_adcvals	104	static
menu.c:668:6:draw_menu_realvals	112	static
menu.c:689:6:draw_menu_status	88	static
menu.c:740:6:draw_menu_switch	80	static
menu.c:791:6:draw_menu_antsw	24	static
menu.c:817:6:draw_menu_touchcal	32	static
menu.c:853:6:draw_values_overviewbar	16	static
menu.c:890:7:draw_value_bridges	160	static
menu.c:949:6:draw_values_adcvals	112	static
menu.c:962:6:draw_values_realvals	104	static
menu.c:1037:6:draw_statbutton	56	static
menu.c:1079:6:draw_values_status	56	static
menu.c:1123:6:switch_outputs	0	static
menu.c:1183:6:draw_values_switch	64	static
menu.c:1218:6:touchcal	112	static
menu.c:1313:6:draw_values_touch	40	static
menu.c:1380:6:draw_menu_emergency	152	static
menu.c:1439:6:draw_menu_bar	40	static
menu.c:1470:6:draw_values_bigbar	168	static
menu.c:1551:6:draw_values_meter	120	static
menu.c:1513:6:draw_menu_meter	48	static
menu.c:825:7:draw_menu_frame	32	static
menu.c:49:6:switchto_ON	16	static
menu.c:496:6:draw_menu_startup	40	static
menu.c:112:5:process_button	112	static,ignoring_inline_asm
menu.c:426:6:selection_menu	40	static
menu.c:1361:7:draw_values	112	static
menu.c:1607:6:statusline	216	static
menu.c:1673:6:old_statusline	80	static
