diskio.c:120:6:TM_FATFS_AddDriver	16	static
diskio.c:140:9:disk_initialize	16	static
diskio.c:156:9:disk_status	16	static
diskio.c:172:9:disk_read	24	static
diskio.c:199:9:disk_write	24	static
diskio.c:226:9:disk_ioctl	16	static
diskio.c:245:14:get_fattime	4	static
diskio.c:256:16:TM_FATFS_SD_SDIO_disk_initialize	4	static
diskio.c:257:16:TM_FATFS_SD_disk_initialize	4	static
diskio.c:258:16:TM_FATFS_USB_disk_initialize	4	static
diskio.c:259:16:TM_FATFS_SDRAM_disk_initialize	4	static
diskio.c:260:16:TM_FATFS_SPI_FLASH_disk_initialize	4	static
diskio.c:262:16:TM_FATFS_SD_SDIO_disk_status	4	static
diskio.c:263:16:TM_FATFS_SD_disk_status	4	static
diskio.c:264:16:TM_FATFS_USB_disk_status	4	static
diskio.c:265:16:TM_FATFS_SDRAM_disk_status	4	static
diskio.c:266:16:TM_FATFS_SPI_FLASH_disk_status	4	static
diskio.c:268:16:TM_FATFS_SD_SDIO_disk_ioctl	16	static
diskio.c:269:16:TM_FATFS_SD_disk_ioctl	16	static
diskio.c:270:16:TM_FATFS_USB_disk_ioctl	16	static
diskio.c:271:16:TM_FATFS_SDRAM_disk_ioctl	16	static
diskio.c:272:16:TM_FATFS_SPI_FLASH_disk_ioctl	16	static
diskio.c:274:16:TM_FATFS_SD_SDIO_disk_read	24	static
diskio.c:275:16:TM_FATFS_SD_disk_read	24	static
diskio.c:276:16:TM_FATFS_USB_disk_read	24	static
diskio.c:277:16:TM_FATFS_SDRAM_disk_read	24	static
diskio.c:278:16:TM_FATFS_SPI_FLASH_disk_read	24	static
diskio.c:280:16:TM_FATFS_SD_SDIO_disk_write	24	static
diskio.c:281:16:TM_FATFS_SD_disk_write	24	static
diskio.c:282:16:TM_FATFS_USB_disk_write	24	static
diskio.c:283:16:TM_FATFS_SDRAM_disk_write	24	static
diskio.c:284:16:TM_FATFS_SPI_FLASH_disk_write	24	static
