tm_stm32f4_spi.h:436:25:TM_SPI_Send	16	static
fatfs_sd.c:35:13:init_spi	8	static
fatfs_sd.c:49:13:rcvr_spi_multi	16	static
fatfs_sd.c:61:13:xmit_spi_multi	16	static
fatfs_sd.c:76:12:wait_ready	24	static
fatfs_sd.c:102:13:deselect	8	static
fatfs_sd.c:115:12:select_km	8	static
fatfs_sd.c:135:12:rcvr_datablock	24	static
fatfs_sd.c:166:12:xmit_datablock	24	static
fatfs_sd.c:199:13:send_cmd	24	static
fatfs_sd.c:242:6:TM_FATFS_InitPins	16	static
fatfs_sd.c:257:9:TM_FATFS_Detect	4	static
fatfs_sd.c:265:9:TM_FATFS_WriteEnabled	4	static
fatfs_sd.c:273:9:TM_FATFS_SD_disk_initialize	24	static
fatfs_sd.c:338:9:TM_FATFS_SD_disk_status	8	static
fatfs_sd.c:361:9:TM_FATFS_SD_disk_read	24	static
fatfs_sd.c:403:9:TM_FATFS_SD_disk_write	24	static
fatfs_sd.c:458:9:TM_FATFS_SD_disk_ioctl	56	static
