ff.c:462:6:mem_cpy	32	static
ff.c:479:6:mem_set	32	static
ff.c:488:5:mem_cmp	40	static
ff.c:498:5:chk_chr	16	static
ff.c:655:9:sync_window	32	static
ff.c:684:9:move_window	24	static
ff.c:715:9:sync_fs	24	static
ff.c:755:7:clust2sect	16	static
ff.c:773:7:get_fat	32	static
ff.c:828:9:put_fat	40	static
ff.c:892:9:remove_chain	24	static
ff.c:945:7:create_chain	32	static
ff.c:1035:9:dir_sdi	32	static
ff.c:1083:9:dir_next	40	static
ff.c:1154:9:dir_alloc	24	static
ff.c:1190:7:ld_clust	24	static
ff.c:1207:6:st_clust	16	static
ff.c:1410:9:dir_find	32	static
ff.c:1471:9:dir_read	32	static
ff.c:1530:9:dir_register	24	static
ff.c:1608:9:dir_remove	24	static
ff.c:1655:6:get_fileinfo	32	static
ff.c:1725:7:get_achar	24	static
ff.c:1747:5:pattern_matching	48	static
ff.c:1795:9:create_name	40	static
ff.c:2005:9:follow_path	24	static
ff.c:2067:5:get_ldnumber	40	static
ff.c:2128:6:check_fs	16	static
ff.c:2156:9:find_volume	96	static
ff.c:2325:9:validate	24	static
ff.c:2358:9:f_mount	40	static
ff.c:2405:9:f_open	88	static
ff.c:2541:9:f_read	56	static
ff.c:2642:9:f_write	48	static
ff.c:2764:9:f_sync	32	static
ff.c:2813:9:f_close	24	static
ff.c:2852:9:f_chdrive	24	static
ff.c:2869:9:f_chdir	72	static
ff.c:2902:9:f_getcwd	104	static
ff.c:2985:9:f_lseek	40	static
ff.c:3143:9:f_opendir	40	static
ff.c:3199:9:f_closedir	24	static
ff.c:3231:9:f_readdir	32	static
ff.c:3273:9:f_findnext	24	static
ff.c:3299:9:f_findfirst	32	static
ff.c:3325:9:f_stat	64	static
ff.c:3360:9:f_getfree	64	static
ff.c:3427:9:f_truncate	24	static
ff.c:3483:9:f_unlink	104	static
ff.c:3552:9:f_mkdir	88	static
ff.c:3626:9:f_chmod	72	static
ff.c:3669:9:f_rename	136	static
ff.c:3747:9:f_utime	72	static
ff.c:3795:9:f_getlabel	72	static
ff.c:3862:9:f_setlabel	88	static
ff.c:4021:9:f_mkfs	104	static
ff.c:4340:8:f_gets	40	static
ff.c:4427:6:putc_bfd	24	static
ff.c:4482:5:f_putc	104	static
ff.c:4509:5:f_puts	104	static
ff.c:4537:5:f_printf	148	static
