Archive member included to satisfy reference by file (symbol)

/home/kurt/Ac6/SystemWorkbench/plugins/fr.ac6.mcu.externaltools.arm-none.linux64_1.15.0.201708311556/tools/compiler/bin/../lib/gcc/arm-none-eabi/6.3.1/../../../../arm-none-eabi/lib/thumb/v7e-m/fpv4-sp/hard/libm.a(lib_a-s_cos.o)
                              src/tft_highlevel.o (cos)
/home/kurt/Ac6/SystemWorkbench/plugins/fr.ac6.mcu.externaltools.arm-none.linux64_1.15.0.201708311556/tools/compiler/bin/../lib/gcc/arm-none-eabi/6.3.1/../../../../arm-none-eabi/lib/thumb/v7e-m/fpv4-sp/hard/libm.a(lib_a-s_sin.o)
                              src/tft_highlevel.o (sin)
/home/kurt/Ac6/SystemWorkbench/plugins/fr.ac6.mcu.externaltools.arm-none.linux64_1.15.0.201708311556/tools/compiler/bin/../lib/gcc/arm-none-eabi/6.3.1/../../../../arm-none-eabi/lib/thumb/v7e-m/fpv4-sp/hard/libm.a(lib_a-w_log10.o)
                              src/instrument.o (log10)
/home/kurt/Ac6/SystemWorkbench/plugins/fr.ac6.mcu.externaltools.arm-none.linux64_1.15.0.201708311556/tools/compiler/bin/../lib/gcc/arm-none-eabi/6.3.1/../../../../arm-none-eabi/lib/thumb/v7e-m/fpv4-sp/hard/libm.a(lib_a-w_pow.o)
                              src/pwrswr.o (pow)
/home/kurt/Ac6/SystemWorkbench/plugins/fr.ac6.mcu.externaltools.arm-none.linux64_1.15.0.201708311556/tools/compiler/bin/../lib/gcc/arm-none-eabi/6.3.1/../../../../arm-none-eabi/lib/thumb/v7e-m/fpv4-sp/hard/libm.a(lib_a-w_sqrt.o)
                              src/calib.o (sqrt)
/home/kurt/Ac6/SystemWorkbench/plugins/fr.ac6.mcu.externaltools.arm-none.linux64_1.15.0.201708311556/tools/compiler/bin/../lib/gcc/arm-none-eabi/6.3.1/../../../../arm-none-eabi/lib/thumb/v7e-m/fpv4-sp/hard/libm.a(lib_a-e_log10.o)
                              /home/kurt/Ac6/SystemWorkbench/plugins/fr.ac6.mcu.externaltools.arm-none.linux64_1.15.0.201708311556/tools/compiler/bin/../lib/gcc/arm-none-eabi/6.3.1/../../../../arm-none-eabi/lib/thumb/v7e-m/fpv4-sp/hard/libm.a(lib_a-w_log10.o) (__ieee754_log10)
/home/kurt/Ac6/SystemWorkbench/plugins/fr.ac6.mcu.externaltools.arm-none.linux64_1.15.0.201708311556/tools/compiler/bin/../lib/gcc/arm-none-eabi/6.3.1/../../../../arm-none-eabi/lib/thumb/v7e-m/fpv4-sp/hard/libm.a(lib_a-e_pow.o)
                              /home/kurt/Ac6/SystemWorkbench/plugins/fr.ac6.mcu.externaltools.arm-none.linux64_1.15.0.201708311556/tools/compiler/bin/../lib/gcc/arm-none-eabi/6.3.1/../../../../arm-none-eabi/lib/thumb/v7e-m/fpv4-sp/hard/libm.a(lib_a-w_pow.o) (__ieee754_pow)
/home/kurt/Ac6/SystemWorkbench/plugins/fr.ac6.mcu.externaltools.arm-none.linux64_1.15.0.201708311556/tools/compiler/bin/../lib/gcc/arm-none-eabi/6.3.1/../../../../arm-none-eabi/lib/thumb/v7e-m/fpv4-sp/hard/libm.a(lib_a-e_rem_pio2.o)
                              /home/kurt/Ac6/SystemWorkbench/plugins/fr.ac6.mcu.externaltools.arm-none.linux64_1.15.0.201708311556/tools/compiler/bin/../lib/gcc/arm-none-eabi/6.3.1/../../../../arm-none-eabi/lib/thumb/v7e-m/fpv4-sp/hard/libm.a(lib_a-s_cos.o) (__ieee754_rem_pio2)
/home/kurt/Ac6/SystemWorkbench/plugins/fr.ac6.mcu.externaltools.arm-none.linux64_1.15.0.201708311556/tools/compiler/bin/../lib/gcc/arm-none-eabi/6.3.1/../../../../arm-none-eabi/lib/thumb/v7e-m/fpv4-sp/hard/libm.a(lib_a-e_sqrt.o)
                              /home/kurt/Ac6/SystemWorkbench/plugins/fr.ac6.mcu.externaltools.arm-none.linux64_1.15.0.201708311556/tools/compiler/bin/../lib/gcc/arm-none-eabi/6.3.1/../../../../arm-none-eabi/lib/thumb/v7e-m/fpv4-sp/hard/libm.a(lib_a-w_sqrt.o) (__ieee754_sqrt)
/home/kurt/Ac6/SystemWorkbench/plugins/fr.ac6.mcu.externaltools.arm-none.linux64_1.15.0.201708311556/tools/compiler/bin/../lib/gcc/arm-none-eabi/6.3.1/../../../../arm-none-eabi/lib/thumb/v7e-m/fpv4-sp/hard/libm.a(lib_a-k_cos.o)
                              /home/kurt/Ac6/SystemWorkbench/plugins/fr.ac6.mcu.externaltools.arm-none.linux64_1.15.0.201708311556/tools/compiler/bin/../lib/gcc/arm-none-eabi/6.3.1/../../../../arm-none-eabi/lib/thumb/v7e-m/fpv4-sp/hard/libm.a(lib_a-s_cos.o) (__kernel_cos)
/home/kurt/Ac6/SystemWorkbench/plugins/fr.ac6.mcu.externaltools.arm-none.linux64_1.15.0.201708311556/tools/compiler/bin/../lib/gcc/arm-none-eabi/6.3.1/../../../../arm-none-eabi/lib/thumb/v7e-m/fpv4-sp/hard/libm.a(lib_a-k_rem_pio2.o)
                              /home/kurt/Ac6/SystemWorkbench/plugins/fr.ac6.mcu.externaltools.arm-none.linux64_1.15.0.201708311556/tools/compiler/bin/../lib/gcc/arm-none-eabi/6.3.1/../../../../arm-none-eabi/lib/thumb/v7e-m/fpv4-sp/hard/libm.a(lib_a-e_rem_pio2.o) (__kernel_rem_pio2)
/home/kurt/Ac6/SystemWorkbench/plugins/fr.ac6.mcu.externaltools.arm-none.linux64_1.15.0.201708311556/tools/compiler/bin/../lib/gcc/arm-none-eabi/6.3.1/../../../../arm-none-eabi/lib/thumb/v7e-m/fpv4-sp/hard/libm.a(lib_a-k_sin.o)
[...]
Memory Configuration

Name             Origin             Length             Attributes
RAM              0x0000000020000000 0x0000000000030000 xrw
ROMRESET         0x0000000008000000 0x0000000000004000 xr
ROM              0x0000000008008000 0x0000000000078000 xr
*default*        0x0000000000000000 0xffffffffffffffff

Linker script and memory map

LOAD /home/kurt/Ac6/SystemWorkbench/plugins/fr.ac6.mcu.externaltools.arm-none.linux64_1.15.0.201708311556/tools/compiler/bin/../lib/gcc/arm-none-eabi/6.3.1/thumb/v7e-m/fpv4-sp/hard/crti.o
LOAD /home/kurt/Ac6/SystemWorkbench/plugins/fr.ac6.mcu.externaltools.arm-none.linux64_1.15.0.201708311556/tools/compiler/bin/../lib/gcc/arm-none-eabi/6.3.1/thumb/v7e-m/fpv4-sp/hard/crtbegin.o
LOAD /home/kurt/Ac6/SystemWorkbench/plugins/fr.ac6.mcu.externaltools.arm-none.linux64_1.15.0.201708311556/tools/compiler/bin/../lib/gcc/arm-none-eabi/6.3.1/../../../../arm-none-eabi/lib/thumb/v7e-m/fpv4-sp/hard/crt0.o
LOAD StdPeriph_Driver/src/misc.o
LOAD StdPeriph_Driver/src/stm32f4xx_adc.o
LOAD StdPeriph_Driver/src/stm32f4xx_can.o
LOAD StdPeriph_Driver/src/stm32f4xx_cec.o
LOAD StdPeriph_Driver/src/stm32f4xx_crc.o
LOAD StdPeriph_Driver/src/stm32f4xx_cryp.o
LOAD StdPeriph_Driver/src/stm32f4xx_cryp_aes.o
LOAD StdPeriph_Driver/src/stm32f4xx_cryp_des.o
LOAD StdPeriph_Driver/src/stm32f4xx_cryp_tdes.o
LOAD StdPeriph_Driver/src/stm32f4xx_dac.o
LOAD StdPeriph_Driver/src/stm32f4xx_dbgmcu.o
LOAD StdPeriph_Driver/src/stm32f4xx_dcmi.o
LOAD StdPeriph_Driver/src/stm32f4xx_dfsdm.o
LOAD StdPeriph_Driver/src/stm32f4xx_dma.o
LOAD StdPeriph_Driver/src/stm32f4xx_dma2d.o
LOAD StdPeriph_Driver/src/stm32f4xx_dsi.o
LOAD StdPeriph_Driver/src/stm32f4xx_exti.o
LOAD StdPeriph_Driver/src/stm32f4xx_flash.o
LOAD StdPeriph_Driver/src/stm32f4xx_flash_ramfunc.o
LOAD StdPeriph_Driver/src/stm32f4xx_fmc.o
LOAD StdPeriph_Driver/src/stm32f4xx_fmip2c.o
LOAD StdPeriph_Driver/src/stm32f4xx_fsmc.o
LOAD StdPeriph_Driver/src/stm32f4xx_gpio.o
LOAD StdPeriph_Driver/src/stm32f4xx_hash.o
LOAD StdPeriph_Driver/src/stm32f4xx_hash_md5.o
LOAD StdPeriph_Driver/src/stm32f4xx_hash_sha1.o
LOAD StdPeriph_Driver/src/stm32f4xx_i2c.o
LOAD StdPeriph_Driver/src/stm32f4xx_iwdg.o
LOAD StdPeriph_Driver/src/stm32f4xx_lptim.o
LOAD StdPeriph_Driver/src/stm32f4xx_ltdc.o
LOAD StdPeriph_Driver/src/stm32f4xx_pwr.o
LOAD StdPeriph_Driver/src/stm32f4xx_qspi.o
LOAD StdPeriph_Driver/src/stm32f4xx_rcc.o
LOAD StdPeriph_Driver/src/stm32f4xx_rng.o
LOAD StdPeriph_Driver/src/stm32f4xx_rtc.o
LOAD StdPeriph_Driver/src/stm32f4xx_sai.o
LOAD StdPeriph_Driver/src/stm32f4xx_sdio.o
LOAD StdPeriph_Driver/src/stm32f4xx_spdifrx.o
LOAD StdPeriph_Driver/src/stm32f4xx_spi.o
LOAD StdPeriph_Driver/src/stm32f4xx_syscfg.o
LOAD StdPeriph_Driver/src/stm32f4xx_tim.o
LOAD StdPeriph_Driver/src/stm32f4xx_usart.o
LOAD StdPeriph_Driver/src/stm32f4xx_wwdg.o
LOAD src/adc3_dma.o
LOAD src/adc_dma.o
LOAD src/adc_getvals.o
LOAD src/antsel.o
LOAD src/bandsel.o
LOAD src/bargraph.o
LOAD src/bargraph_defines.o
LOAD src/calib.o
LOAD src/controller.o
LOAD src/flashdata.o
LOAD src/freq_meas.o
LOAD src/gpio.o
LOAD src/history.o
LOAD src/instrument.o
LOAD src/language.o
LOAD src/led.o
LOAD src/main.o
LOAD src/mainloop.o
LOAD src/menu.o
LOAD src/messagebox.o
LOAD src/ntc.o
LOAD src/powerlog.o
LOAD src/pwrswr.o
LOAD src/setup.o
LOAD src/smallflash.o
LOAD src/syscalls.o
LOAD src/system.o
LOAD src/system2.o
LOAD src/system_stm32f4xx.o
LOAD src/tft_highlevel.o
LOAD src/tft_lowlevel.o
LOAD src/tick1ms.o
LOAD src/touch_xsp2046.o
LOAD src/touchbutton.o
LOAD src/uart.o
LOAD src/uart_civ.o
LOAD src/wifi_if.o
LOAD src/fatfs/diskio.o
LOAD src/fatfs/fatfs_sd.o
LOAD src/fatfs/ff.o
LOAD src/fatfs/syscall.o
LOAD src/fatfs/tm_stm32f4_fatfs.o
LOAD src/fatfs/tm_stm32f4_gpio.o
LOAD src/fatfs/tm_stm32f4_spi.o
LOAD src/fatfs/unicode.o
LOAD src/fonts/font.o
LOAD src/fonts/lucida_console12.o
LOAD src/fonts/lucida_console14.o
LOAD src/fonts/lucida_console18.o
LOAD src/fonts/lucida_console22.o
LOAD src/fonts/lucida_console_bold_18.o
LOAD src/fonts/verdana10.o
LOAD src/fonts/verdana12.o
LOAD src/fonts/verdana18.o
LOAD src/fonts/verdana22.o
LOAD src/fonts/verdana36.o
LOAD startup/startup_stm32.o
LOAD /home/kurt/Ac6/SystemWorkbench/plugins/fr.ac6.mcu.externaltools.arm-none.linux64_1.15.0.201708311556/tools/compiler/bin/../lib/gcc/arm-none-eabi/6.3.1/../../../../arm-none-eabi/lib/thumb/v7e-m/fpv4-sp/hard/libm.a
START GROUP
LOAD /home/kurt/Ac6/SystemWorkbench/plugins/fr.ac6.mcu.externaltools.arm-none.linux64_1.15.0.201708311556/tools/compiler/bin/../lib/gcc/arm-none-eabi/6.3.1/thumb/v7e-m/fpv4-sp/hard/libgcc.a
LOAD /home/kurt/Ac6/SystemWorkbench/plugins/fr.ac6.mcu.externaltools.arm-none.linux64_1.15.0.201708311556/tools/compiler/bin/../lib/gcc/arm-none-eabi/6.3.1/../../../../arm-none-eabi/lib/thumb/v7e-m/fpv4-sp/hard/libc.a
END GROUP
LOAD /home/kurt/Ac6/SystemWorkbench/plugins/fr.ac6.mcu.externaltools.arm-none.linux64_1.15.0.201708311556/tools/compiler/bin/../lib/gcc/arm-none-eabi/6.3.1/thumb/v7e-m/fpv4-sp/hard/crtend.o
LOAD /home/kurt/Ac6/SystemWorkbench/plugins/fr.ac6.mcu.externaltools.arm-none.linux64_1.15.0.201708311556/tools/compiler/bin/../lib/gcc/arm-none-eabi/6.3.1/thumb/v7e-m/fpv4-sp/hard/crtn.o
                0x0000000020030000                _estack = 0x20030000
                0x0000000000000000                _Min_Heap_Size = 0x0
                0x0000000000001000                _Min_Stack_Size = 0x1000

.isr_vector     0x0000000008000000      0x184
                0x0000000008000000                . = ALIGN (0x4)
 *(.isr_vector)
 .isr_vector    0x0000000008000000      0x184 startup/startup_stm32.o
                0x0000000008000000                g_pfnVectors
                0x0000000008000184                . = ALIGN (0x4)

.text           0x0000000008008000    0x148dc
                0x0000000008008000                . = ALIGN (0x4)
 *(.text)
 .text          0x0000000008008000       0x6c /home/kurt/Ac6/SystemWorkbench/plugins/fr.ac6.mcu.externaltools.arm-none.linux64_1.15.0.201708311556/tools/compiler/bin/../lib/gcc/arm-none-eabi/6.3.1/thumb/v7e-m/fpv4-sp/hard/crtbegin.o
 .text          0x000000000800806c      0x370 /home/kurt/Ac6/SystemWorkbench/plugins/fr.ac6.mcu.externaltools.arm-none.linux64_1.15.0.201708311556/tools/compiler/bin/../lib/gcc/arm-none-eabi/6.3.1/thumb/v7e-m/fpv4-sp/hard/libgcc.a(_arm_addsubdf3.o)
                0x000000000800806c                __aeabi_drsub
                0x0000000008008074                __aeabi_dsub
                0x0000000008008074                __subdf3
                0x0000000008008078                __adddf3
                0x0000000008008078                __aeabi_dadd
                0x00000000080082f0                __aeabi_ui2d
                0x00000000080082f0                __floatunsidf
                0x0000000008008310                __floatsidf
                0x0000000008008310                __aeabi_i2d
                0x0000000008008334                __extendsfdf2
                0x0000000008008334                __aeabi_f2d
                0x0000000008008370                __aeabi_ul2d
                0x0000000008008370                __floatundidf
                0x0000000008008380                __floatdidf
                0x0000000008008380                __aeabi_l2d
 .text          0x00000000080083dc      0x424 /home/kurt/Ac6/SystemWorkbench/plugins/fr.ac6.mcu.externaltools.arm-none.linux64_1.15.0.201708311556/tools/compiler/bin/../lib/gcc/arm-none-eabi/6.3.1/thumb/v7e-m/fpv4-sp/hard/libgcc.a(_arm_muldivdf3.o)
                0x00000000080083dc                __aeabi_dmul
                0x00000000080083dc                __muldf3
                0x0000000008008630                __aeabi_ddiv
                0x0000000008008630                __divdf3
 .text          0x0000000008008800      0x110 /home/kurt/Ac6/SystemWorkbench/plugins/fr.ac6.mcu.externaltools.arm-none.linux64_1.15.0.201708311556/tools/compiler/bin/../lib/gcc/arm-none-eabi/6.3.1/thumb/v7e-m/fpv4-sp/hard/libgcc.a(_arm_cmpdf2.o)
                0x0000000008008800                __gtdf2
                0x0000000008008800                __gedf2
                0x0000000008008808                __ltdf2
                0x0000000008008808                __ledf2
                0x0000000008008810                __cmpdf2
                0x0000000008008810                __eqdf2
                0x0000000008008810                __nedf2
                0x000000000800888c                __aeabi_cdrcmple
                0x000000000800889c                __aeabi_cdcmple
                0x000000000800889c                __aeabi_cdcmpeq
                0x00000000080088ac                __aeabi_dcmpeq
                0x00000000080088c0                __aeabi_dcmplt
                0x00000000080088d4                __aeabi_dcmple
                0x00000000080088e8                __aeabi_dcmpge
                0x00000000080088fc                __aeabi_dcmpgt
 .text          0x0000000008008910       0x2c /home/kurt/Ac6/SystemWorkbench/plugins/fr.ac6.mcu.externaltools.arm-none.linux64_1.15.0.201708311556/tools/compiler/bin/../lib/gcc/arm-none-eabi/6.3.1/thumb/v7e-m/fpv4-sp/hard/libgcc.a(_arm_unorddf2.o)
                0x0000000008008910                __aeabi_dcmpun
                0x0000000008008910                __unorddf2
 .text          0x000000000800893c       0x50 /home/kurt/Ac6/SystemWorkbench/plugins/fr.ac6.mcu.externaltools.arm-none.linux64_1.15.0.201708311556/tools/compiler/bin/../lib/gcc/arm-none-eabi/6.3.1/thumb/v7e-m/fpv4-sp/hard/libgcc.a(_arm_fixdfsi.o)
                0x000000000800893c                __fixdfsi
                0x000000000800893c                __aeabi_d2iz
 .text          0x000000000800898c       0xa0 /home/kurt/Ac6/SystemWorkbench/plugins/fr.ac6.mcu.externaltools.arm-none.linux64_1.15.0.201708311556/tools/compiler/bin/../lib/gcc/arm-none-eabi/6.3.1/thumb/v7e-m/fpv4-sp/hard/libgcc.a(_arm_truncdfsf2.o)
                0x000000000800898c                __aeabi_d2f
                0x000000000800898c                __truncdfsf2
 .text          0x0000000008008a2c       0x30 /home/kurt/Ac6/SystemWorkbench/plugins/fr.ac6.mcu.externaltools.arm-none.linux64_1.15.0.201708311556/tools/compiler/bin/../lib/gcc/arm-none-eabi/6.3.1/thumb/v7e-m/fpv4-sp/hard/libgcc.a(_aeabi_uldivmod.o)
                0x0000000008008a2c                __aeabi_uldivmod
 .text          0x0000000008008a5c      0x2dc /home/kurt/Ac6/SystemWorkbench/plugins/fr.ac6.mcu.externaltools.arm-none.linux64_1.15.0.201708311556/tools/compiler/bin/../lib/gcc/arm-none-eabi/6.3.1/thumb/v7e-m/fpv4-sp/hard/libgcc.a(_udivmoddi4.o)
                0x0000000008008a5c                __udivmoddi4
 .text          0x0000000008008d38        0x4 /home/kurt/Ac6/SystemWorkbench/plugins/fr.ac6.mcu.externaltools.arm-none.linux64_1.15.0.201708311556/tools/compiler/bin/../lib/gcc/arm-none-eabi/6.3.1/thumb/v7e-m/fpv4-sp/hard/libgcc.a(_dvmd_tls.o)
                0x0000000008008d38                __aeabi_ldiv0
                0x0000000008008d38                __aeabi_idiv0
 .text          0x0000000008008d3c      0x134 /home/kurt/Ac6/SystemWorkbench/plugins/fr.ac6.mcu.externaltools.arm-none.linux64_1.15.0.201708311556/tools/compiler/bin/../lib/gcc/arm-none-eabi/6.3.1/../../../../arm-none-eabi/lib/thumb/v7e-m/fpv4-sp/hard/libc.a(lib_a-memcpy.o)
                0x0000000008008d3c                memcpy
 *fill*         0x0000000008008e70       0x10 
 .text          0x0000000008008e80       0xdc /home/kurt/Ac6/SystemWorkbench/plugins/fr.ac6.mcu.externaltools.arm-none.linux64_1.15.0.201708311556/tools/compiler/bin/../lib/gcc/arm-none-eabi/6.3.1/../../../../arm-none-eabi/lib/thumb/v7e-m/fpv4-sp/hard/libc.a(lib_a-strlen.o)
                0x0000000008008e80                strlen
 *fill*         0x0000000008008f5c        0x4 
 .text          0x0000000008008f60       0xa0 /home/kurt/Ac6/SystemWorkbench/plugins/fr.ac6.mcu.externaltools.arm-none.linux64_1.15.0.201708311556/tools/compiler/bin/../lib/gcc/arm-none-eabi/6.3.1/../../../../arm-none-eabi/lib/thumb/v7e-m/fpv4-sp/hard/libc.a(lib_a-memchr.o)
                0x0000000008008f60                memchr
 *(.text*)
 .text.NVIC_Init
                0x0000000008009000       0x68 StdPeriph_Driver/src/misc.o
                0x0000000008009000                NVIC_Init
 .text.ADC_Init
                0x0000000008009068       0x4c StdPeriph_Driver/src/stm32f4xx_adc.o
                0x0000000008009068                ADC_Init
 .text.ADC_CommonInit
                0x00000000080090b4       0x28 StdPeriph_Driver/src/stm32f4xx_adc.o
                0x00000000080090b4                ADC_CommonInit
 .text.ADC_Cmd  0x00000000080090dc       0x14 StdPeriph_Driver/src/stm32f4xx_adc.o
                0x00000000080090dc                ADC_Cmd
 .text.ADC_RegularChannelConfig
                0x00000000080090f0       0x8c StdPeriph_Driver/src/stm32f4xx_adc.o
                0x00000000080090f0                ADC_RegularChannelConfig
 .text.ADC_SoftwareStartConv
                0x000000000800917c        0xc StdPeriph_Driver/src/stm32f4xx_adc.o
                0x000000000800917c                ADC_SoftwareStartConv
 .text.ADC_DMACmd
                0x0000000008009188       0x14 StdPeriph_Driver/src/stm32f4xx_adc.o
                0x0000000008009188                ADC_DMACmd
 .text.ADC_DMARequestAfterLastTransferCmd
                0x000000000800919c       0x14 StdPeriph_Driver/src/stm32f4xx_adc.o
                0x000000000800919c                ADC_DMARequestAfterLastTransferCmd
 .text.DMA_Init
                0x00000000080091b0       0x58 StdPeriph_Driver/src/stm32f4xx_dma.o
                0x00000000080091b0                DMA_Init
 .text.DMA_Cmd  0x0000000008009208       0x14 StdPeriph_Driver/src/stm32f4xx_dma.o
                0x0000000008009208                DMA_Cmd
 .text.DMA_ITConfig
                0x000000000800921c       0x40 StdPeriph_Driver/src/stm32f4xx_dma.o
                0x000000000800921c                DMA_ITConfig
 .text.DMA_GetITStatus
                0x000000000800925c       0x54 StdPeriph_Driver/src/stm32f4xx_dma.o
                0x000000000800925c                DMA_GetITStatus
 .text.DMA_ClearITPendingBit
                0x00000000080092b0       0x34 StdPeriph_Driver/src/stm32f4xx_dma.o
                0x00000000080092b0                DMA_ClearITPendingBit
 .text.FLASH_Unlock
                0x00000000080092e4       0x20 StdPeriph_Driver/src/stm32f4xx_flash.o
                0x00000000080092e4                FLASH_Unlock
 .text.FLASH_Lock
                0x0000000008009304       0x10 StdPeriph_Driver/src/stm32f4xx_flash.o
                0x0000000008009304                FLASH_Lock
 .text.FLASH_WaitForLastOperation
                0x0000000008009314       0xac StdPeriph_Driver/src/stm32f4xx_flash.o
                0x0000000008009314                FLASH_WaitForLastOperation
 .text.FLASH_EraseSector
                0x00000000080093c0       0x74 StdPeriph_Driver/src/stm32f4xx_flash.o
                0x00000000080093c0                FLASH_EraseSector
 .text.FLASH_ProgramByte
                0x0000000008009434       0x3c StdPeriph_Driver/src/stm32f4xx_flash.o
                0x0000000008009434                FLASH_ProgramByte
 .text.FMC_NORSRAMInit
                0x0000000008009470       0xfc StdPeriph_Driver/src/stm32f4xx_fmc.o
                0x0000000008009470                FMC_NORSRAMInit
 .text.FMC_NORSRAMCmd
                0x000000000800956c       0x20 StdPeriph_Driver/src/stm32f4xx_fmc.o
                0x000000000800956c                FMC_NORSRAMCmd
 .text.GPIO_Init
                0x000000000800958c       0xa8 StdPeriph_Driver/src/stm32f4xx_gpio.o
                0x000000000800958c                GPIO_Init
 .text.GPIO_SetBits
                0x0000000008009634        0x4 StdPeriph_Driver/src/stm32f4xx_gpio.o
                0x0000000008009634                GPIO_SetBits
 .text.GPIO_ResetBits
                0x0000000008009638        0x4 StdPeriph_Driver/src/stm32f4xx_gpio.o
                0x0000000008009638                GPIO_ResetBits
 .text.GPIO_WriteBit
                0x000000000800963c        0xc StdPeriph_Driver/src/stm32f4xx_gpio.o
                0x000000000800963c                GPIO_WriteBit
 .text.GPIO_PinAFConfig
                0x0000000008009648       0x2c StdPeriph_Driver/src/stm32f4xx_gpio.o
                0x0000000008009648                GPIO_PinAFConfig
 .text.RCC_GetClocksFreq
                0x0000000008009674       0x90 StdPeriph_Driver/src/stm32f4xx_rcc.o
                0x0000000008009674                RCC_GetClocksFreq
 .text.RCC_AHB1PeriphClockCmd
                0x0000000008009704       0x18 StdPeriph_Driver/src/stm32f4xx_rcc.o
                0x0000000008009704                RCC_AHB1PeriphClockCmd
 .text.RCC_AHB3PeriphClockCmd
                0x000000000800971c       0x18 StdPeriph_Driver/src/stm32f4xx_rcc.o
                0x000000000800971c                RCC_AHB3PeriphClockCmd
 .text.RCC_APB1PeriphClockCmd
                0x0000000008009734       0x18 StdPeriph_Driver/src/stm32f4xx_rcc.o
                0x0000000008009734                RCC_APB1PeriphClockCmd
 .text.RCC_APB2PeriphClockCmd
                0x000000000800974c       0x18 StdPeriph_Driver/src/stm32f4xx_rcc.o
                0x000000000800974c                RCC_APB2PeriphClockCmd
 .text.SPI_Init
                0x0000000008009764       0x40 StdPeriph_Driver/src/stm32f4xx_spi.o
                0x0000000008009764                SPI_Init
 .text.SPI_StructInit
                0x00000000080097a4       0x18 StdPeriph_Driver/src/stm32f4xx_spi.o
                0x00000000080097a4                SPI_StructInit
 .text.SPI_Cmd  0x00000000080097bc       0x1c StdPeriph_Driver/src/stm32f4xx_spi.o
                0x00000000080097bc                SPI_Cmd
 .text.TIM_TimeBaseInit
                0x00000000080097d8       0x9c StdPeriph_Driver/src/stm32f4xx_tim.o
                0x00000000080097d8                TIM_TimeBaseInit
 .text.TIM_Cmd  0x0000000008009874       0x1c StdPeriph_Driver/src/stm32f4xx_tim.o
                0x0000000008009874                TIM_Cmd
 .text.TIM_ITConfig
                0x0000000008009890       0x14 StdPeriph_Driver/src/stm32f4xx_tim.o
                0x0000000008009890                TIM_ITConfig
 .text.TIM_GetITStatus
                0x00000000080098a4       0x18 StdPeriph_Driver/src/stm32f4xx_tim.o
                0x00000000080098a4                TIM_GetITStatus
 .text.TIM_ClearITPendingBit
                0x00000000080098bc        0x8 StdPeriph_Driver/src/stm32f4xx_tim.o
                0x00000000080098bc                TIM_ClearITPendingBit
 .text.USART_Init
                0x00000000080098c4       0xc4 StdPeriph_Driver/src/stm32f4xx_usart.o
                0x00000000080098c4                USART_Init
 .text.USART_Cmd
                0x0000000008009988       0x1c StdPeriph_Driver/src/stm32f4xx_usart.o
                0x0000000008009988                USART_Cmd
 .text.USART_ReceiveData
                0x00000000080099a4        0x8 StdPeriph_Driver/src/stm32f4xx_usart.o
                0x00000000080099a4                USART_ReceiveData
 .text.USART_ITConfig
                0x00000000080099ac       0x3c StdPeriph_Driver/src/stm32f4xx_usart.o
                0x00000000080099ac                USART_ITConfig
 .text.USART_ClearFlag
                0x00000000080099e8        0x8 StdPeriph_Driver/src/stm32f4xx_usart.o
                0x00000000080099e8                USART_ClearFlag
 .text.dsp7_ADC3_Init
                0x00000000080099f0      0x10c src/adc3_dma.o
                0x00000000080099f0                dsp7_ADC3_Init
 .text.DMA2_Stream1_IRQHandler
                0x0000000008009afc       0x30 src/adc3_dma.o
                0x0000000008009afc                DMA2_Stream1_IRQHandler
 .text.dsp7_ADC_Init
                0x0000000008009b2c      0x1bc src/adc_dma.o
                0x0000000008009b2c                dsp7_ADC_Init
 .text.clear_peakvals
                0x0000000008009ce8       0x10 src/adc_dma.o
                0x0000000008009ce8                clear_peakvals
 .text.DMA2_Stream0_IRQHandler
                0x0000000008009cf8       0x30 src/adc_dma.o
                0x0000000008009cf8                DMA2_Stream0_IRQHandler
 .text.draw_touchbuttons_antswitch
                0x0000000008009d28       0x3c src/antsel.o
                0x0000000008009d28                draw_touchbuttons_antswitch
 .text.showSelectedBandsForAntenna
                0x0000000008009d64      0x390 src/antsel.o
                0x0000000008009d64                showSelectedBandsForAntenna
 .text.draw_antswmenu
                0x000000000800a0f4      0x11c src/antsel.o
                0x000000000800a0f4                draw_antswmenu
 .text.activate_bandtouchbutton
                0x000000000800a210      0x158 src/bandsel.o
                0x000000000800a210                activate_bandtouchbutton
 .text.show_bar
                0x000000000800a368      0x1b8 src/bargraph.o
                0x000000000800a368                show_bar
 .text.makeLabelEntries_linear.constprop.2
                0x000000000800a520       0xa8 src/bargraph_defines.o
 .text.makeLabelEntries_linear.constprop.3
                0x000000000800a5c8       0xa8 src/bargraph_defines.o
 .text.makeLabelEntries_Power
                0x000000000800a670      0x1cc src/bargraph_defines.o
                0x000000000800a670                makeLabelEntries_Power
 .text.makeLabelEntries_linear
                0x000000000800a83c      0x1c4 src/bargraph_defines.o
                0x000000000800a83c                makeLabelEntries_linear
 .text.init_bars
                0x000000000800aa00     0x128c src/bargraph_defines.o
                0x000000000800aa00                init_bars
 .text.show_mainbars
                0x000000000800bc8c       0x70 src/bargraph_defines.o
                0x000000000800bc8c                show_mainbars
 .text.show_bigbars
                0x000000000800bcfc       0x1c src/bargraph_defines.o
                0x000000000800bcfc                show_bigbars
 .text.show_bridge_bars
                0x000000000800bd18       0x44 src/bargraph_defines.o
                0x000000000800bd18                show_bridge_bars
 .text.draw_buttons_calib.part.0
                0x000000000800bd5c       0xc4 src/calib.o
 .text.drawCalibVppHelp
                0x000000000800be20       0xd8 src/calib.o
                0x000000000800be20                drawCalibVppHelp
 .text.draw_calib_buttons
                0x000000000800bef8      0x1c0 src/calib.o
                0x000000000800bef8                draw_calib_buttons
 .text.draw_menu_calib
                0x000000000800c0b8      0x1d8 src/calib.o
                0x000000000800c0b8                draw_menu_calib
 .text.copy_ram_to_flash
                0x000000000800c290      0x154 src/flashdata.o
                0x000000000800c290                copy_ram_to_flash
 .text.setDefaults
                0x000000000800c3e4      0x10c src/flashdata.o
                0x000000000800c3e4                setDefaults
 .text.copy_flash_to_ram
                0x000000000800c4f0      0x2b4 src/flashdata.o
                0x000000000800c4f0                copy_flash_to_ram
 .text.init_freq_meas
                0x000000000800c7a4       0xc4 src/freq_meas.o
                0x000000000800c7a4                init_freq_meas
 .text.TIM6_DAC_IRQHandler
                0x000000000800c868       0x68 src/freq_meas.o
                0x000000000800c868                TIM6_DAC_IRQHandler
 .text.init_GPIOs
                0x000000000800c8d0      0x108 src/gpio.o
                0x000000000800c8d0                init_GPIOs
 .text.hist_drawcoord
                0x000000000800c9d8      0x450 src/history.o
                0x000000000800c9d8                hist_drawcoord
 .text.hist_draw_frame
                0x000000000800ce28       0x20 src/history.o
                0x000000000800ce28                hist_draw_frame
 .text.draw_forward
                0x000000000800ce48      0x1f0 src/instrument.o
                0x000000000800ce48                draw_forward
 .text.draw_reverse
                0x000000000800d038      0x1bc src/instrument.o
                0x000000000800d038                draw_reverse
 .text.draw_needle
                0x000000000800d1f4       0xa0 src/instrument.o
                0x000000000800d1f4                draw_needle
 *fill*         0x000000000800d294        0x4 
 .text.printFwdScaleValue
                0x000000000800d298      0x18c src/instrument.o
                0x000000000800d298                printFwdScaleValue
 *fill*         0x000000000800d424        0x4 
 .text.printRevScaleValue
                0x000000000800d428      0x168 src/instrument.o
                0x000000000800d428                printRevScaleValue
 .text.draw_scale
                0x000000000800d590      0x2b0 src/instrument.o
                0x000000000800d590                draw_scale
 .text.setup_instrument
                0x000000000800d840       0x68 src/instrument.o
                0x000000000800d840                setup_instrument
 .text.getLang  0x000000000800d8a8       0x38 src/language.o
                0x000000000800d8a8                getLang
 .text.getLangadd
                0x000000000800d8e0       0x4c src/language.o
                0x000000000800d8e0                getLangadd
 .text.init_LEDs
                0x000000000800d92c       0x3c src/led.o
                0x000000000800d92c                init_LEDs
 .text.startup.main
                0x000000000800d968       0x70 src/main.o
                0x000000000800d968                main
 .text.draw_menu_bridges
                0x000000000800d9d8      0x204 src/menu.o
                0x000000000800d9d8                draw_menu_bridges
 .text.draw_menu_adcvals
                0x000000000800dbdc       0xd4 src/menu.o
                0x000000000800dbdc                draw_menu_adcvals
 .text.draw_menu_realvals
                0x000000000800dcb0       0xd8 src/menu.o
                0x000000000800dcb0                draw_menu_realvals
 .text.draw_menu_status
                0x000000000800dd88      0x28c src/menu.o
                0x000000000800dd88                draw_menu_status
 .text.draw_menu_switch
                0x000000000800e014      0x26c src/menu.o
                0x000000000800e014                draw_menu_switch
 .text.draw_menu_antsw
                0x000000000800e280       0xb0 src/menu.o
                0x000000000800e280                draw_menu_antsw
 .text.draw_menu_bar
                0x000000000800e330      0x17c src/menu.o
                0x000000000800e330                draw_menu_bar
 .text.draw_values_meter
                0x000000000800e4ac      0x3e4 src/menu.o
                0x000000000800e4ac                draw_values_meter
 .text.draw_menu_meter
                0x000000000800e890      0x164 src/menu.o
                0x000000000800e890                draw_menu_meter
 .text.draw_menu_frame
                0x000000000800e9f4      0x144 src/menu.o
                0x000000000800e9f4                draw_menu_frame
 .text.draw_menu_startup
                0x000000000800eb38      0x134 src/menu.o
                0x000000000800eb38                draw_menu_startup
 .text.messagebox
                0x000000000800ec6c       0xe0 src/messagebox.o
                0x000000000800ec6c                messagebox
 .text.lin_log  0x000000000800ed4c       0x9c src/powerlog.o
                0x000000000800ed4c                lin_log
 .text.lin_log_percent_swr
                0x000000000800ede8       0xa0 src/powerlog.o
                0x000000000800ede8                lin_log_percent_swr
 .text.log_percent
                0x000000000800ee88       0x9c src/powerlog.o
                0x000000000800ee88                log_percent
 .text.getMaxPower
                0x000000000800ef24       0x18 src/powerlog.o
                0x000000000800ef24                getMaxPower
 .text.getMaxDrvPower
                0x000000000800ef3c       0x1c src/powerlog.o
                0x000000000800ef3c                getMaxDrvPower
 .text.init_setup_buttons
                0x000000000800ef58       0xc8 src/setup.o
                0x000000000800ef58                init_setup_buttons
 .text.setup_drawvalues
                0x000000000800f020      0x178 src/setup.o
                0x000000000800f020                setup_drawvalues
 .text.draw_menu_setup
                0x000000000800f198       0xf8 src/setup.o
                0x000000000800f198                draw_menu_setup
 .text.restore_smallflash_data
                0x000000000800f290       0x60 src/smallflash.o
                0x000000000800f290                restore_smallflash_data
 .text._sbrk    0x000000000800f2f0       0x34 src/syscalls.o
                0x000000000800f2f0                _sbrk
 .text.init_system_buttons
                0x000000000800f324       0xcc src/system.o
                0x000000000800f324                init_system_buttons
 .text.draw_values_system
                0x000000000800f3f0      0x1f8 src/system.o
                0x000000000800f3f0                draw_values_system
 .text.draw_menu_system
                0x000000000800f5e8       0xc4 src/system.o
                0x000000000800f5e8                draw_menu_system
 .text.init_system_buttons2
                0x000000000800f6ac       0xa4 src/system2.o
                0x000000000800f6ac                init_system_buttons2
 .text.draw_values_system2
                0x000000000800f750      0x150 src/system2.o
                0x000000000800f750                draw_values_system2
 .text.draw_menu_system2
                0x000000000800f8a0       0x90 src/system2.o
                0x000000000800f8a0                draw_menu_system2
 .text.SystemInit
                0x000000000800f930      0x11c src/system_stm32f4xx.o
                0x000000000800f930                SystemInit
 .text.TFT_setRegion
                0x000000000800fa4c       0x64 src/tft_highlevel.o
                0x000000000800fa4c                TFT_setRegion
 .text.TFT_Fill_Rectangle
                0x000000000800fab0       0xa4 src/tft_highlevel.o
                0x000000000800fab0                TFT_Fill_Rectangle
 .text.TFT_Fill_Screen
                0x000000000800fb54       0x54 src/tft_highlevel.o
                0x000000000800fb54                TFT_Fill_Screen
 .text.TFT_Hor_Line
                0x000000000800fba8       0xd8 src/tft_highlevel.o
                0x000000000800fba8                TFT_Hor_Line
 .text.TFT_Vert_Line
                0x000000000800fc80       0xfc src/tft_highlevel.o
                0x000000000800fc80                TFT_Vert_Line
 .text.TFT_DrawLine_aboveY
                0x000000000800fd7c      0x178 src/tft_highlevel.o
                0x000000000800fd7c                TFT_DrawLine_aboveY
 .text.TFT_DeleteLastLine
                0x000000000800fef4      0x15c src/tft_highlevel.o
                0x000000000800fef4                TFT_DeleteLastLine
 .text.TFT_Rectangle
                0x0000000008010050      0x2b4 src/tft_highlevel.o
                0x0000000008010050                TFT_Rectangle
 *fill*         0x0000000008010304        0x4 
 .text.TFT_PolarToKartesian
                0x0000000008010308       0xb4 src/tft_highlevel.o
                0x0000000008010308                TFT_PolarToKartesian
 .text.tft_copy_sd_to_flash
                0x00000000080103bc      0x14c src/tft_highlevel.o
                0x00000000080103bc                tft_copy_sd_to_flash
 .text.copy_bmp_to_flash
                0x0000000008010508      0x1dc src/tft_highlevel.o
                0x0000000008010508                copy_bmp_to_flash
 .text.TFT_DrawFlash
                0x00000000080106e4      0x21c src/tft_highlevel.o
                0x00000000080106e4                TFT_DrawFlash
 .text.TFT_CtrlLinesConfig
                0x0000000008010900      0x140 src/tft_lowlevel.o
                0x0000000008010900                TFT_CtrlLinesConfig
 .text.SSD1963_Init1
                0x0000000008010a40      0x14c src/tft_lowlevel.o
                0x0000000008010a40                SSD1963_Init1
 .text.init_TFT_and_Perif
                0x0000000008010b8c       0x70 src/tft_lowlevel.o
                0x0000000008010b8c                init_TFT_and_Perif
 .text.TIM3_IRQHandler
                0x0000000008010bfc       0xc4 src/tick1ms.o
                0x0000000008010bfc                TIM3_IRQHandler
 .text.TIM3_Initialization
                0x0000000008010cc0       0x54 src/tick1ms.o
                0x0000000008010cc0                TIM3_Initialization
 .text.delay_1ms
                0x0000000008010d14       0x14 src/tick1ms.o
                0x0000000008010d14                delay_1ms
 .text.set_Downcounter
                0x0000000008010d28        0xc src/tick1ms.o
                0x0000000008010d28                set_Downcounter
 .text.check_Downcounter
                0x0000000008010d34        0xc src/tick1ms.o
                0x0000000008010d34                check_Downcounter
 .text.touch_init
                0x0000000008010d40       0xbc src/touch_xsp2046.o
                0x0000000008010d40                touch_init
 .text.init_touchbuttons
                0x0000000008010dfc     0x16e0 src/touchbutton.o
                0x0000000008010dfc                init_touchbuttons
 .text.setup_touchbutton
                0x00000000080124dc       0xac src/touchbutton.o
                0x00000000080124dc                setup_touchbutton
 .text.draw_touchbutton
                0x0000000008012588       0x70 src/touchbutton.o
                0x0000000008012588                draw_touchbutton
 .text.draw_touchbuttons_history
                0x00000000080125f8       0x94 src/touchbutton.o
                0x00000000080125f8                draw_touchbuttons_history
 .text.draw_touchbuttons_bottom
                0x000000000801268c       0x94 src/touchbutton.o
                0x000000000801268c                draw_touchbuttons_bottom
 .text.draw_touchbuttons_mainmenu
                0x0000000008012720       0xfc src/touchbutton.o
                0x0000000008012720                draw_touchbuttons_mainmenu
 .text.init_wifi_uart
                0x000000000801281c       0xfc src/uart.o
                0x000000000801281c                init_wifi_uart
 .text.DMA1_Stream6_IRQHandler
                0x0000000008012918       0x24 src/uart.o
                0x0000000008012918                DMA1_Stream6_IRQHandler
 .text.USART2_IRQHandler
                0x000000000801293c       0x38 src/uart.o
                0x000000000801293c                USART2_IRQHandler
 .text.init_CIV_uart
                0x0000000008012974      0x100 src/uart_civ.o
                0x0000000008012974                init_CIV_uart
 .text.USART1_IRQHandler
                0x0000000008012a74      0x130 src/uart_civ.o
                0x0000000008012a74                USART1_IRQHandler
 .text.DMA2_Stream7_IRQHandler
                0x0000000008012ba4       0x24 src/uart_civ.o
                0x0000000008012ba4                DMA2_Stream7_IRQHandler
 .text.handle_wifi
                0x0000000008012bc8      0x13c src/wifi_if.o
                0x0000000008012bc8                handle_wifi
 .text.TM_FATFS_SPI_FLASH_disk_status
                0x0000000008012d04        0x4 src/fatfs/diskio.o
                0x0000000008012d04                TM_FATFS_SPI_FLASH_disk_status
 .text.TM_FATFS_SPI_FLASH_disk_ioctl
                0x0000000008012d08        0x4 src/fatfs/diskio.o
                0x0000000008012d08                TM_FATFS_SPI_FLASH_disk_ioctl
 .text.TM_FATFS_SPI_FLASH_disk_write
                0x0000000008012d0c        0x4 src/fatfs/diskio.o
                0x0000000008012d0c                TM_FATFS_SPI_FLASH_disk_write
 .text.TM_FATFS_SDRAM_disk_write
                0x0000000008012d10        0x4 src/fatfs/diskio.o
                0x0000000008012d10                TM_FATFS_SDRAM_disk_write
 .text.TM_FATFS_USB_disk_read
                0x0000000008012d14        0x4 src/fatfs/diskio.o
                0x0000000008012d14                TM_FATFS_USB_disk_read
 .text.TM_FATFS_SDRAM_disk_read
                0x0000000008012d18        0x4 src/fatfs/diskio.o
                0x0000000008012d18                TM_FATFS_SDRAM_disk_read
 .text.TM_FATFS_SPI_FLASH_disk_read
                0x0000000008012d1c        0x4 src/fatfs/diskio.o
                0x0000000008012d1c                TM_FATFS_SPI_FLASH_disk_read
 .text.TM_FATFS_USB_disk_write
                0x0000000008012d20        0x4 src/fatfs/diskio.o
                0x0000000008012d20                TM_FATFS_USB_disk_write
 .text.TM_FATFS_USB_disk_ioctl
                0x0000000008012d24        0x4 src/fatfs/diskio.o
                0x0000000008012d24                TM_FATFS_USB_disk_ioctl
 .text.TM_FATFS_SDRAM_disk_ioctl
                0x0000000008012d28        0x4 src/fatfs/diskio.o
                0x0000000008012d28                TM_FATFS_SDRAM_disk_ioctl
 .text.TM_FATFS_USB_disk_initialize
                0x0000000008012d2c        0x4 src/fatfs/diskio.o
                0x0000000008012d2c                TM_FATFS_USB_disk_initialize
 .text.TM_FATFS_SDRAM_disk_initialize
                0x0000000008012d30        0x4 src/fatfs/diskio.o
                0x0000000008012d30                TM_FATFS_SDRAM_disk_initialize
 .text.TM_FATFS_SPI_FLASH_disk_initialize
                0x0000000008012d34        0x4 src/fatfs/diskio.o
                0x0000000008012d34                TM_FATFS_SPI_FLASH_disk_initialize
 .text.TM_FATFS_USB_disk_status
                0x0000000008012d38        0x4 src/fatfs/diskio.o
                0x0000000008012d38                TM_FATFS_USB_disk_status
 .text.TM_FATFS_SDRAM_disk_status
                0x0000000008012d3c        0x4 src/fatfs/diskio.o
                0x0000000008012d3c                TM_FATFS_SDRAM_disk_status
 .text.disk_initialize
                0x0000000008012d40       0x18 src/fatfs/diskio.o
                0x0000000008012d40                disk_initialize
 .text.disk_status
                0x0000000008012d58       0x18 src/fatfs/diskio.o
                0x0000000008012d58                disk_status
 .text.disk_read
                0x0000000008012d70       0x30 src/fatfs/diskio.o
                0x0000000008012d70                disk_read
 .text.disk_write
                0x0000000008012da0       0x30 src/fatfs/diskio.o
                0x0000000008012da0                disk_write
 .text.disk_ioctl
                0x0000000008012dd0       0x1c src/fatfs/diskio.o
                0x0000000008012dd0                disk_ioctl
 .text.get_fattime
                0x0000000008012dec        0x8 src/fatfs/diskio.o
                0x0000000008012dec                get_fattime
 .text.select_km
                0x0000000008012df4       0xbc src/fatfs/fatfs_sd.o
 .text.xmit_datablock
                0x0000000008012eb0      0x12c src/fatfs/fatfs_sd.o
 .text.rcvr_datablock
                0x0000000008012fdc       0xc0 src/fatfs/fatfs_sd.o
 .text.send_cmd
                0x000000000801309c      0x23c src/fatfs/fatfs_sd.o
 .text.TM_FATFS_SD_disk_initialize
                0x00000000080132d8      0x208 src/fatfs/fatfs_sd.o
                0x00000000080132d8                TM_FATFS_SD_disk_initialize
 .text.TM_FATFS_SD_disk_status
                0x00000000080134e0       0x14 src/fatfs/fatfs_sd.o
                0x00000000080134e0                TM_FATFS_SD_disk_status
 .text.TM_FATFS_SD_disk_read
                0x00000000080134f4       0xb4 src/fatfs/fatfs_sd.o
                0x00000000080134f4                TM_FATFS_SD_disk_read
 .text.TM_FATFS_SD_disk_write
                0x00000000080135a8      0x134 src/fatfs/fatfs_sd.o
                0x00000000080135a8                TM_FATFS_SD_disk_write
 .text.TM_FATFS_SD_disk_ioctl
                0x00000000080136dc      0x2ac src/fatfs/fatfs_sd.o
                0x00000000080136dc                TM_FATFS_SD_disk_ioctl
 .text.pattern_matching
                0x0000000008013988       0xec src/fatfs/ff.o
 .text.get_ldnumber
                0x0000000008013a74       0xa8 src/fatfs/ff.o
 .text.unlikely.sync_window.part.3
                0x0000000008013b1c       0x48 src/fatfs/ff.o
 .text.unlikely.move_window
                0x0000000008013b64       0x7e src/fatfs/ff.o
 *fill*         0x0000000008013be2        0x2 
 .text.find_volume
                0x0000000008013be4      0x464 src/fatfs/ff.o
 .text.sync_fs  0x0000000008014048       0xe8 src/fatfs/ff.o
 .text.put_fat.part.7
                0x0000000008014130      0x2b8 src/fatfs/ff.o
 .text.remove_chain.part.9
                0x00000000080143e8      0x29c src/fatfs/ff.o
 .text.get_fat.part.5
                0x0000000008014684      0x268 src/fatfs/ff.o
 .text.dir_sdi  0x00000000080148ec       0xa0 src/fatfs/ff.o
 .text.create_chain
                0x000000000801498c      0x324 src/fatfs/ff.o
 .text.f_read.part.10
                0x0000000008014cb0      0x348 src/fatfs/ff.o
 .text.dir_next.constprop.18
                0x0000000008014ff8       0x88 src/fatfs/ff.o
 .text.dir_alloc.constprop.17
                0x0000000008015080      0x1c8 src/fatfs/ff.o
 .text.follow_path
                0x0000000008015248      0x38c src/fatfs/ff.o
 .text.f_mount  0x00000000080155d4       0x5c src/fatfs/ff.o
                0x00000000080155d4                f_mount
 .text.f_open   0x0000000008015630      0x730 src/fatfs/ff.o
                0x0000000008015630                f_open
 .text.f_read   0x0000000008015d60       0x5c src/fatfs/ff.o
                0x0000000008015d60                f_read
 .text.f_close  0x0000000008015dbc      0x154 src/fatfs/ff.o
                0x0000000008015dbc                f_close
 .text.f_findnext
                0x0000000008015f10      0x364 src/fatfs/ff.o
                0x0000000008015f10                f_findnext
 .text.f_findfirst
                0x0000000008016274      0x4d0 src/fatfs/ff.o
                0x0000000008016274                f_findfirst
 .text.TM_GPIO_Init
                0x0000000008016744      0x144 src/fatfs/tm_stm32f4_gpio.o
                0x0000000008016744                TM_GPIO_Init
 .text.TM_GPIO_InitAlternate
                0x0000000008016888      0x264 src/fatfs/tm_stm32f4_gpio.o
                0x0000000008016888                TM_GPIO_InitAlternate
 .text.TM_SPI_WriteMulti
                0x0000000008016aec       0x30 src/fatfs/tm_stm32f4_spi.o
                0x0000000008016aec                TM_SPI_WriteMulti
 .text.TM_SPI_ReadMulti
                0x0000000008016b1c       0x38 src/fatfs/tm_stm32f4_spi.o
                0x0000000008016b1c                TM_SPI_ReadMulti
 .text.TM_SPI_InitCustomPinsCallback
                0x0000000008016b54        0x4 src/fatfs/tm_stm32f4_spi.o
                0x0000000008016b54                TM_SPI_InitCustomPinsCallback
 .text.TM_SPI_Init
                0x0000000008016b58      0x1c4 src/fatfs/tm_stm32f4_spi.o
                0x0000000008016b58                TM_SPI_Init
 .text.tft_print_restclear
                0x0000000008016d1c      0x12c src/fonts/font.o
                0x0000000008016d1c                tft_print_restclear
 .text.tft_print
                0x0000000008016e48       0x1c src/fonts/font.o
                0x0000000008016e48                tft_print
 .text.tft_textwidth_pixel
                0x0000000008016e64       0x4c src/fonts/font.o
                0x0000000008016e64                tft_textwidth_pixel
 .text.Reset_Handler
                0x0000000008016eb0       0x48 startup/startup_stm32.o
                0x0000000008016eb0                Reset_Handler
 .text.Default_Handler
                0x0000000008016ef8        0x2 startup/startup_stm32.o
                0x0000000008016ef8                RTC_Alarm_IRQHandler
                0x0000000008016ef8                HASH_RNG_IRQHandler
                0x0000000008016ef8                EXTI2_IRQHandler
                0x0000000008016ef8                TIM8_CC_IRQHandler
                0x0000000008016ef8                DebugMon_Handler
                0x0000000008016ef8                TIM1_CC_IRQHandler
                0x0000000008016ef8                DMA2_Stream5_IRQHandler
                0x0000000008016ef8                HardFault_Handler
                0x0000000008016ef8                DMA1_Stream5_IRQHandler
                0x0000000008016ef8                SysTick_Handler
                0x0000000008016ef8                PVD_IRQHandler
                0x0000000008016ef8                SDIO_IRQHandler
                0x0000000008016ef8                TAMP_STAMP_IRQHandler
                0x0000000008016ef8                PendSV_Handler
                0x0000000008016ef8                NMI_Handler
                0x0000000008016ef8                CAN2_RX1_IRQHandler
                0x0000000008016ef8                EXTI3_IRQHandler
                0x0000000008016ef8                TIM8_TRG_COM_TIM14_IRQHandler
                0x0000000008016ef8                TIM1_UP_TIM10_IRQHandler
                0x0000000008016ef8                TIM8_UP_TIM13_IRQHandler
                0x0000000008016ef8                I2C3_ER_IRQHandler
                0x0000000008016ef8                EXTI0_IRQHandler
                0x0000000008016ef8                I2C2_EV_IRQHandler
                0x0000000008016ef8                DMA1_Stream2_IRQHandler
                0x0000000008016ef8                CAN1_RX0_IRQHandler
                0x0000000008016ef8                OTG_HS_WKUP_IRQHandler
                0x0000000008016ef8                UsageFault_Handler
                0x0000000008016ef8                CAN2_SCE_IRQHandler
                0x0000000008016ef8                DMA2_Stream2_IRQHandler
                0x0000000008016ef8                SPI1_IRQHandler
                0x0000000008016ef8                TIM1_BRK_TIM9_IRQHandler
                0x0000000008016ef8                DCMI_IRQHandler
                0x0000000008016ef8                CAN2_RX0_IRQHandler
                0x0000000008016ef8                DMA2_Stream3_IRQHandler
                0x0000000008016ef8                USART6_IRQHandler
                0x0000000008016ef8                USART3_IRQHandler
                0x0000000008016ef8                CAN1_RX1_IRQHandler
                0x0000000008016ef8                UART5_IRQHandler
                0x0000000008016ef8                TIM4_IRQHandler
                0x0000000008016ef8                I2C1_EV_IRQHandler
                0x0000000008016ef8                DMA1_Stream1_IRQHandler
                0x0000000008016ef8                UART4_IRQHandler
                0x0000000008016ef8                RCC_IRQHandler
                0x0000000008016ef8                TIM8_BRK_TIM12_IRQHandler
                0x0000000008016ef8                Default_Handler
                0x0000000008016ef8                EXTI15_10_IRQHandler
                0x0000000008016ef8                ADC_IRQHandler
                0x0000000008016ef8                DMA1_Stream7_IRQHandler
                0x0000000008016ef8                TIM7_IRQHandler
                0x0000000008016ef8                CAN2_TX_IRQHandler
                0x0000000008016ef8                TIM5_IRQHandler
                0x0000000008016ef8                I2C3_EV_IRQHandler
                0x0000000008016ef8                EXTI9_5_IRQHandler
                0x0000000008016ef8                RTC_WKUP_IRQHandler
                0x0000000008016ef8                ETH_WKUP_IRQHandler
                0x0000000008016ef8                SPI2_IRQHandler
                0x0000000008016ef8                OTG_HS_EP1_IN_IRQHandler
                0x0000000008016ef8                MemManage_Handler
                0x0000000008016ef8                DMA1_Stream0_IRQHandler
                0x0000000008016ef8                CAN1_TX_IRQHandler
                0x0000000008016ef8                SVC_Handler
                0x0000000008016ef8                EXTI4_IRQHandler
                0x0000000008016ef8                FSMC_IRQHandler
                0x0000000008016ef8                ETH_IRQHandler
                0x0000000008016ef8                OTG_HS_EP1_OUT_IRQHandler
                0x0000000008016ef8                WWDG_IRQHandler
                0x0000000008016ef8                TIM2_IRQHandler
                0x0000000008016ef8                OTG_FS_WKUP_IRQHandler
                0x0000000008016ef8                TIM1_TRG_COM_TIM11_IRQHandler
                0x0000000008016ef8                OTG_HS_IRQHandler
                0x0000000008016ef8                EXTI1_IRQHandler
                0x0000000008016ef8                I2C2_ER_IRQHandler
                0x0000000008016ef8                CAN1_SCE_IRQHandler
                0x0000000008016ef8                FLASH_IRQHandler
                0x0000000008016ef8                DMA2_Stream4_IRQHandler
                0x0000000008016ef8                BusFault_Handler
                0x0000000008016ef8                OTG_FS_IRQHandler
                0x0000000008016ef8                SPI3_IRQHandler
                0x0000000008016ef8                DMA1_Stream4_IRQHandler
                0x0000000008016ef8                I2C1_ER_IRQHandler
                0x0000000008016ef8                DMA2_Stream6_IRQHandler
                0x0000000008016ef8                DMA1_Stream3_IRQHandler
 *fill*         0x0000000008016efa        0x6 
 .text.cos      0x0000000008016f00       0xc0 /home/kurt/Ac6/SystemWorkbench/plugins/fr.ac6.mcu.externaltools.arm-none.linux64_1.15.0.201708311556/tools/compiler/bin/../lib/gcc/arm-none-eabi/6.3.1/../../../../arm-none-eabi/lib/thumb/v7e-m/fpv4-sp/hard/libm.a(lib_a-s_cos.o)
                0x0000000008016f00                cos
 .text.sin      0x0000000008016fc0       0xc0 /home/kurt/Ac6/SystemWorkbench/plugins/fr.ac6.mcu.externaltools.arm-none.linux64_1.15.0.201708311556/tools/compiler/bin/../lib/gcc/arm-none-eabi/6.3.1/../../../../arm-none-eabi/lib/thumb/v7e-m/fpv4-sp/hard/libm.a(lib_a-s_sin.o)
                0x0000000008016fc0                sin
 .text.log10    0x0000000008017080      0x108 /home/kurt/Ac6/SystemWorkbench/plugins/fr.ac6.mcu.externaltools.arm-none.linux64_1.15.0.201708311556/tools/compiler/bin/../lib/gcc/arm-none-eabi/6.3.1/../../../../arm-none-eabi/lib/thumb/v7e-m/fpv4-sp/hard/libm.a(lib_a-w_log10.o)
                0x0000000008017080                log10
 .text.sqrt     0x0000000008017188       0xb8 /home/kurt/Ac6/SystemWorkbench/plugins/fr.ac6.mcu.externaltools.arm-none.linux64_1.15.0.201708311556/tools/compiler/bin/../lib/gcc/arm-none-eabi/6.3.1/../../../../arm-none-eabi/lib/thumb/v7e-m/fpv4-sp/hard/libm.a(lib_a-w_sqrt.o)
                0x0000000008017188                sqrt
 .text.__ieee754_log10
                0x0000000008017240      0x144 /home/kurt/Ac6/SystemWorkbench/plugins/fr.ac6.mcu.externaltools.arm-none.linux64_1.15.0.201708311556/tools/compiler/bin/../lib/gcc/arm-none-eabi/6.3.1/../../../../arm-none-eabi/lib/thumb/v7e-m/fpv4-sp/hard/libm.a(lib_a-e_log10.o)
                0x0000000008017240                __ieee754_log10
 *fill*         0x0000000008017384        0x4 
 .text.__ieee754_rem_pio2
                0x0000000008017388      0x44c /home/kurt/Ac6/SystemWorkbench/plugins/fr.ac6.mcu.externaltools.arm-none.linux64_1.15.0.201708311556/tools/compiler/bin/../lib/gcc/arm-none-eabi/6.3.1/../../../../arm-none-eabi/lib/thumb/v7e-m/fpv4-sp/hard/libm.a(lib_a-e_rem_pio2.o)
                0x0000000008017388                __ieee754_rem_pio2
 .text.__ieee754_sqrt
                0x00000000080177d4      0x198 /home/kurt/Ac6/SystemWorkbench/plugins/fr.ac6.mcu.externaltools.arm-none.linux64_1.15.0.201708311556/tools/compiler/bin/../lib/gcc/arm-none-eabi/6.3.1/../../../../arm-none-eabi/lib/thumb/v7e-m/fpv4-sp/hard/libm.a(lib_a-e_sqrt.o)
                0x00000000080177d4                __ieee754_sqrt
 *fill*         0x000000000801796c        0x4 
 .text.__kernel_cos
                0x0000000008017970      0x284 /home/kurt/Ac6/SystemWorkbench/plugins/fr.ac6.mcu.externaltools.arm-none.linux64_1.15.0.201708311556/tools/compiler/bin/../lib/gcc/arm-none-eabi/6.3.1/../../../../arm-none-eabi/lib/thumb/v7e-m/fpv4-sp/hard/libm.a(lib_a-k_cos.o)
                0x0000000008017970                __kernel_cos
 *fill*         0x0000000008017bf4        0x4 
 .text.__kernel_rem_pio2
                0x0000000008017bf8      0x870 /home/kurt/Ac6/SystemWorkbench/plugins/fr.ac6.mcu.externaltools.arm-none.linux64_1.15.0.201708311556/tools/compiler/bin/../lib/gcc/arm-none-eabi/6.3.1/../../../../arm-none-eabi/lib/thumb/v7e-m/fpv4-sp/hard/libm.a(lib_a-k_rem_pio2.o)
                0x0000000008017bf8                __kernel_rem_pio2
 .text.__kernel_sin
                0x0000000008018468      0x194 /home/kurt/Ac6/SystemWorkbench/plugins/fr.ac6.mcu.externaltools.arm-none.linux64_1.15.0.201708311556/tools/compiler/bin/../lib/gcc/arm-none-eabi/6.3.1/../../../../arm-none-eabi/lib/thumb/v7e-m/fpv4-sp/hard/libm.a(lib_a-k_sin.o)
                0x0000000008018468                __kernel_sin
 .text.fabs     0x00000000080185fc       0x10 /home/kurt/Ac6/SystemWorkbench/plugins/fr.ac6.mcu.externaltools.arm-none.linux64_1.15.0.201708311556/tools/compiler/bin/../lib/gcc/arm-none-eabi/6.3.1/../../../../arm-none-eabi/lib/thumb/v7e-m/fpv4-sp/hard/libm.a(lib_a-s_fabs.o)
                0x00000000080185fc                fabs
 *fill*         0x000000000801860c        0x4 
 .text.floor    0x0000000008018610      0x120 /home/kurt/Ac6/SystemWorkbench/plugins/fr.ac6.mcu.externaltools.arm-none.linux64_1.15.0.201708311556/tools/compiler/bin/../lib/gcc/arm-none-eabi/6.3.1/../../../../arm-none-eabi/lib/thumb/v7e-m/fpv4-sp/hard/libm.a(lib_a-s_floor.o)
                0x0000000008018610                floor
 .text.matherr  0x0000000008018730        0x4 /home/kurt/Ac6/SystemWorkbench/plugins/fr.ac6.mcu.externaltools.arm-none.linux64_1.15.0.201708311556/tools/compiler/bin/../lib/gcc/arm-none-eabi/6.3.1/../../../../arm-none-eabi/lib/thumb/v7e-m/fpv4-sp/hard/libm.a(lib_a-s_matherr.o)
                0x0000000008018730                matherr
 *fill*         0x0000000008018734        0x4 
 .text.nan      0x0000000008018738       0x10 /home/kurt/Ac6/SystemWorkbench/plugins/fr.ac6.mcu.externaltools.arm-none.linux64_1.15.0.201708311556/tools/compiler/bin/../lib/gcc/arm-none-eabi/6.3.1/../../../../arm-none-eabi/lib/thumb/v7e-m/fpv4-sp/hard/libm.a(lib_a-s_nan.o)
                0x0000000008018738                nan
 .text.scalbn   0x0000000008018748      0x10c /home/kurt/Ac6/SystemWorkbench/plugins/fr.ac6.mcu.externaltools.arm-none.linux64_1.15.0.201708311556/tools/compiler/bin/../lib/gcc/arm-none-eabi/6.3.1/../../../../arm-none-eabi/lib/thumb/v7e-m/fpv4-sp/hard/libm.a(lib_a-s_scalbn.o)
                0x0000000008018748                scalbn
 *fill*         0x0000000008018854        0x4 
 .text.__ieee754_log
                0x0000000008018858      0x408 /home/kurt/Ac6/SystemWorkbench/plugins/fr.ac6.mcu.externaltools.arm-none.linux64_1.15.0.201708311556/tools/compiler/bin/../lib/gcc/arm-none-eabi/6.3.1/../../../../arm-none-eabi/lib/thumb/v7e-m/fpv4-sp/hard/libm.a(lib_a-e_log.o)
                0x0000000008018858                __ieee754_log
 .text.copysign
                0x0000000008018c60       0x1c /home/kurt/Ac6/SystemWorkbench/plugins/fr.ac6.mcu.externaltools.arm-none.linux64_1.15.0.201708311556/tools/compiler/bin/../lib/gcc/arm-none-eabi/6.3.1/../../../../arm-none-eabi/lib/thumb/v7e-m/fpv4-sp/hard/libm.a(lib_a-s_copysign.o)
                0x0000000008018c60                copysign
 .text.__errno  0x0000000008018c7c        0xc /home/kurt/Ac6/SystemWorkbench/plugins/fr.ac6.mcu.externaltools.arm-none.linux64_1.15.0.201708311556/tools/compiler/bin/../lib/gcc/arm-none-eabi/6.3.1/../../../../arm-none-eabi/lib/thumb/v7e-m/fpv4-sp/hard/libc.a(lib_a-errno.o)
                0x0000000008018c7c                __errno
 .text.__libc_init_array
                0x0000000008018c88       0x50 /home/kurt/Ac6/SystemWorkbench/plugins/fr.ac6.mcu.externaltools.arm-none.linux64_1.15.0.201708311556/tools/compiler/bin/../lib/gcc/arm-none-eabi/6.3.1/../../../../arm-none-eabi/lib/thumb/v7e-m/fpv4-sp/hard/libc.a(lib_a-init.o)
                0x0000000008018c88                __libc_init_array
 .text.__locale_ctype_ptr
                0x0000000008018cd8       0x1c /home/kurt/Ac6/SystemWorkbench/plugins/fr.ac6.mcu.externaltools.arm-none.linux64_1.15.0.201708311556/tools/compiler/bin/../lib/gcc/arm-none-eabi/6.3.1/../../../../arm-none-eabi/lib/thumb/v7e-m/fpv4-sp/hard/libc.a(lib_a-locale.o)
                0x0000000008018cd8                __locale_ctype_ptr
 .text.malloc   0x0000000008018cf4       0x10 /home/kurt/Ac6/SystemWorkbench/plugins/fr.ac6.mcu.externaltools.arm-none.linux64_1.15.0.201708311556/tools/compiler/bin/../lib/gcc/arm-none-eabi/6.3.1/../../../../arm-none-eabi/lib/thumb/v7e-m/fpv4-sp/hard/libc.a(lib_a-malloc.o)
                0x0000000008018cf4                malloc
 .text._malloc_r
                0x0000000008018d04      0x560 /home/kurt/Ac6/SystemWorkbench/plugins/fr.ac6.mcu.externaltools.arm-none.linux64_1.15.0.201708311556/tools/compiler/bin/../lib/gcc/arm-none-eabi/6.3.1/../../../../arm-none-eabi/lib/thumb/v7e-m/fpv4-sp/hard/libc.a(lib_a-mallocr.o)
                0x0000000008018d04                _malloc_r
 .text.__ascii_mbtowc
                0x0000000008019264       0x2c /home/kurt/Ac6/SystemWorkbench/plugins/fr.ac6.mcu.externaltools.arm-none.linux64_1.15.0.201708311556/tools/compiler/bin/../lib/gcc/arm-none-eabi/6.3.1/../../../../arm-none-eabi/lib/thumb/v7e-m/fpv4-sp/hard/libc.a(lib_a-mbtowc_r.o)
                0x0000000008019264                __ascii_mbtowc
 .text.memcmp   0x0000000008019290       0x60 /home/kurt/Ac6/SystemWorkbench/plugins/fr.ac6.mcu.externaltools.arm-none.linux64_1.15.0.201708311556/tools/compiler/bin/../lib/gcc/arm-none-eabi/6.3.1/../../../../arm-none-eabi/lib/thumb/v7e-m/fpv4-sp/hard/libc.a(lib_a-memcmp.o)
                0x0000000008019290                memcmp
 .text.memmove  0x00000000080192f0       0xc8 /home/kurt/Ac6/SystemWorkbench/plugins/fr.ac6.mcu.externaltools.arm-none.linux64_1.15.0.201708311556/tools/compiler/bin/../lib/gcc/arm-none-eabi/6.3.1/../../../../arm-none-eabi/lib/thumb/v7e-m/fpv4-sp/hard/libc.a(lib_a-memmove.o)
                0x00000000080192f0                memmove
 .text.memset   0x00000000080193b8       0x9c /home/kurt/Ac6/SystemWorkbench/plugins/fr.ac6.mcu.externaltools.arm-none.linux64_1.15.0.201708311556/tools/compiler/bin/../lib/gcc/arm-none-eabi/6.3.1/../../../../arm-none-eabi/lib/thumb/v7e-m/fpv4-sp/hard/libc.a(lib_a-memset.o)
                0x00000000080193b8                memset
 .text.__malloc_lock
                0x0000000008019454        0xc /home/kurt/Ac6/SystemWorkbench/plugins/fr.ac6.mcu.externaltools.arm-none.linux64_1.15.0.201708311556/tools/compiler/bin/../lib/gcc/arm-none-eabi/6.3.1/../../../../arm-none-eabi/lib/thumb/v7e-m/fpv4-sp/hard/libc.a(lib_a-mlock.o)
                0x0000000008019454                __malloc_lock
 .text.__malloc_unlock
                0x0000000008019460        0xc /home/kurt/Ac6/SystemWorkbench/plugins/fr.ac6.mcu.externaltools.arm-none.linux64_1.15.0.201708311556/tools/compiler/bin/../lib/gcc/arm-none-eabi/6.3.1/../../../../arm-none-eabi/lib/thumb/v7e-m/fpv4-sp/hard/libc.a(lib_a-mlock.o)
                0x0000000008019460                __malloc_unlock
 .text._sbrk_r  0x000000000801946c       0x24 /home/kurt/Ac6/SystemWorkbench/plugins/fr.ac6.mcu.externaltools.arm-none.linux64_1.15.0.201708311556/tools/compiler/bin/../lib/gcc/arm-none-eabi/6.3.1/../../../../arm-none-eabi/lib/thumb/v7e-m/fpv4-sp/hard/libc.a(lib_a-sbrkr.o)
                0x000000000801946c                _sbrk_r
 .text.sprintf  0x0000000008019490       0x4c /home/kurt/Ac6/SystemWorkbench/plugins/fr.ac6.mcu.externaltools.arm-none.linux64_1.15.0.201708311556/tools/compiler/bin/../lib/gcc/arm-none-eabi/6.3.1/../../../../arm-none-eabi/lib/thumb/v7e-m/fpv4-sp/hard/libc.a(lib_a-sprintf.o)
                0x0000000008019490                sprintf
 .text.stpcpy   0x00000000080194dc       0x5c /home/kurt/Ac6/SystemWorkbench/plugins/fr.ac6.mcu.externaltools.arm-none.linux64_1.15.0.201708311556/tools/compiler/bin/../lib/gcc/arm-none-eabi/6.3.1/../../../../arm-none-eabi/lib/thumb/v7e-m/fpv4-sp/hard/libc.a(lib_a-stpcpy.o)
                0x00000000080194dc                stpcpy
 .text.strcpy   0x0000000008019538       0xbc /home/kurt/Ac6/SystemWorkbench/plugins/fr.ac6.mcu.externaltools.arm-none.linux64_1.15.0.201708311556/tools/compiler/bin/../lib/gcc/arm-none-eabi/6.3.1/../../../../arm-none-eabi/lib/thumb/v7e-m/fpv4-sp/hard/libc.a(lib_a-strcpy.o)
                0x0000000008019538                strcpy
 .text.strncpy  0x00000000080195f4       0x64 /home/kurt/Ac6/SystemWorkbench/plugins/fr.ac6.mcu.externaltools.arm-none.linux64_1.15.0.201708311556/tools/compiler/bin/../lib/gcc/arm-none-eabi/6.3.1/../../../../arm-none-eabi/lib/thumb/v7e-m/fpv4-sp/hard/libc.a(lib_a-strncpy.o)
                0x00000000080195f4                strncpy
 .text._svfprintf_r
                0x0000000008019658     0x1494 /home/kurt/Ac6/SystemWorkbench/plugins/fr.ac6.mcu.externaltools.arm-none.linux64_1.15.0.201708311556/tools/compiler/bin/../lib/gcc/arm-none-eabi/6.3.1/../../../../arm-none-eabi/lib/thumb/v7e-m/fpv4-sp/hard/libc.a(lib_a-svfprintf.o)
                0x0000000008019658                _svfprintf_r
 .text.__ascii_wctomb
                0x000000000801aaec       0x1c /home/kurt/Ac6/SystemWorkbench/plugins/fr.ac6.mcu.externaltools.arm-none.linux64_1.15.0.201708311556/tools/compiler/bin/../lib/gcc/arm-none-eabi/6.3.1/../../../../arm-none-eabi/lib/thumb/v7e-m/fpv4-sp/hard/libc.a(lib_a-wctomb_r.o)
                0x000000000801aaec                __ascii_wctomb
 .text.startup.register_fini
                0x000000000801ab08       0x14 /home/kurt/Ac6/SystemWorkbench/plugins/fr.ac6.mcu.externaltools.arm-none.linux64_1.15.0.201708311556/tools/compiler/bin/../lib/gcc/arm-none-eabi/6.3.1/../../../../arm-none-eabi/lib/thumb/v7e-m/fpv4-sp/hard/libc.a(lib_a-__call_atexit.o)
 .text.atexit   0x000000000801ab1c        0xc /home/kurt/Ac6/SystemWorkbench/plugins/fr.ac6.mcu.externaltools.arm-none.linux64_1.15.0.201708311556/tools/compiler/bin/../lib/gcc/arm-none-eabi/6.3.1/../../../../arm-none-eabi/lib/thumb/v7e-m/fpv4-sp/hard/libc.a(lib_a-atexit.o)
                0x000000000801ab1c                atexit
 .text.quorem   0x000000000801ab28      0x128 /home/kurt/Ac6/SystemWorkbench/plugins/fr.ac6.mcu.externaltools.arm-none.linux64_1.15.0.201708311556/tools/compiler/bin/../lib/gcc/arm-none-eabi/6.3.1/../../../../arm-none-eabi/lib/thumb/v7e-m/fpv4-sp/hard/libc.a(lib_a-dtoa.o)
 .text._dtoa_r  0x000000000801ac50      0xe4c /home/kurt/Ac6/SystemWorkbench/plugins/fr.ac6.mcu.externaltools.arm-none.linux64_1.15.0.201708311556/tools/compiler/bin/../lib/gcc/arm-none-eabi/6.3.1/../../../../arm-none-eabi/lib/thumb/v7e-m/fpv4-sp/hard/libc.a(lib_a-dtoa.o)
                0x000000000801ac50                _dtoa_r
 .text.__libc_fini_array
                0x000000000801ba9c       0x34 /home/kurt/Ac6/SystemWorkbench/plugins/fr.ac6.mcu.externaltools.arm-none.linux64_1.15.0.201708311556/tools/compiler/bin/../lib/gcc/arm-none-eabi/6.3.1/../../../../arm-none-eabi/lib/thumb/v7e-m/fpv4-sp/hard/libc.a(lib_a-fini.o)
                0x000000000801ba9c                __libc_fini_array
 .text._malloc_trim_r
                0x000000000801bad0       0xa0 /home/kurt/Ac6/SystemWorkbench/plugins/fr.ac6.mcu.externaltools.arm-none.linux64_1.15.0.201708311556/tools/compiler/bin/../lib/gcc/arm-none-eabi/6.3.1/../../../../arm-none-eabi/lib/thumb/v7e-m/fpv4-sp/hard/libc.a(lib_a-freer.o)
                0x000000000801bad0                _malloc_trim_r
 .text._free_r  0x000000000801bb70      0x1cc /home/kurt/Ac6/SystemWorkbench/plugins/fr.ac6.mcu.externaltools.arm-none.linux64_1.15.0.201708311556/tools/compiler/bin/../lib/gcc/arm-none-eabi/6.3.1/../../../../arm-none-eabi/lib/thumb/v7e-m/fpv4-sp/hard/libc.a(lib_a-freer.o)
                0x000000000801bb70                _free_r
 .text._localeconv_r
                0x000000000801bd3c       0x1c /home/kurt/Ac6/SystemWorkbench/plugins/fr.ac6.mcu.externaltools.arm-none.linux64_1.15.0.201708311556/tools/compiler/bin/../lib/gcc/arm-none-eabi/6.3.1/../../../../arm-none-eabi/lib/thumb/v7e-m/fpv4-sp/hard/libc.a(lib_a-localeconv.o)
                0x000000000801bd3c                _localeconv_r
 .text.__retarget_lock_acquire_recursive
                0x000000000801bd58        0x4 /home/kurt/Ac6/SystemWorkbench/plugins/fr.ac6.mcu.externaltools.arm-none.linux64_1.15.0.201708311556/tools/compiler/bin/../lib/gcc/arm-none-eabi/6.3.1/../../../../arm-none-eabi/lib/thumb/v7e-m/fpv4-sp/hard/libc.a(lib_a-lock.o)
                0x000000000801bd58                __retarget_lock_acquire_recursive
 .text.__retarget_lock_release_recursive
                0x000000000801bd5c        0x4 /home/kurt/Ac6/SystemWorkbench/plugins/fr.ac6.mcu.externaltools.arm-none.linux64_1.15.0.201708311556/tools/compiler/bin/../lib/gcc/arm-none-eabi/6.3.1/../../../../arm-none-eabi/lib/thumb/v7e-m/fpv4-sp/hard/libc.a(lib_a-lock.o)
                0x000000000801bd5c                __retarget_lock_release_recursive
 .text._Balloc  0x000000000801bd60       0x4c /home/kurt/Ac6/SystemWorkbench/plugins/fr.ac6.mcu.externaltools.arm-none.linux64_1.15.0.201708311556/tools/compiler/bin/../lib/gcc/arm-none-eabi/6.3.1/../../../../arm-none-eabi/lib/thumb/v7e-m/fpv4-sp/hard/libc.a(lib_a-mprec.o)
                0x000000000801bd60                _Balloc
 .text._Bfree   0x000000000801bdac       0x14 /home/kurt/Ac6/SystemWorkbench/plugins/fr.ac6.mcu.externaltools.arm-none.linux64_1.15.0.201708311556/tools/compiler/bin/../lib/gcc/arm-none-eabi/6.3.1/../../../../arm-none-eabi/lib/thumb/v7e-m/fpv4-sp/hard/libc.a(lib_a-mprec.o)
                0x000000000801bdac                _Bfree
 .text.__multadd
                0x000000000801bdc0       0x80 /home/kurt/Ac6/SystemWorkbench/plugins/fr.ac6.mcu.externaltools.arm-none.linux64_1.15.0.201708311556/tools/compiler/bin/../lib/gcc/arm-none-eabi/6.3.1/../../../../arm-none-eabi/lib/thumb/v7e-m/fpv4-sp/hard/libc.a(lib_a-mprec.o)
                0x000000000801bdc0                __multadd
 .text.__hi0bits
                0x000000000801be40       0x40 /home/kurt/Ac6/SystemWorkbench/plugins/fr.ac6.mcu.externaltools.arm-none.linux64_1.15.0.201708311556/tools/compiler/bin/../lib/gcc/arm-none-eabi/6.3.1/../../../../arm-none-eabi/lib/thumb/v7e-m/fpv4-sp/hard/libc.a(lib_a-mprec.o)
                0x000000000801be40                __hi0bits
 .text.__lo0bits
                0x000000000801be80       0x60 /home/kurt/Ac6/SystemWorkbench/plugins/fr.ac6.mcu.externaltools.arm-none.linux64_1.15.0.201708311556/tools/compiler/bin/../lib/gcc/arm-none-eabi/6.3.1/../../../../arm-none-eabi/lib/thumb/v7e-m/fpv4-sp/hard/libc.a(lib_a-mprec.o)
                0x000000000801be80                __lo0bits
 .text.__i2b    0x000000000801bee0       0x14 /home/kurt/Ac6/SystemWorkbench/plugins/fr.ac6.mcu.externaltools.arm-none.linux64_1.15.0.201708311556/tools/compiler/bin/../lib/gcc/arm-none-eabi/6.3.1/../../../../arm-none-eabi/lib/thumb/v7e-m/fpv4-sp/hard/libc.a(lib_a-mprec.o)
                0x000000000801bee0                __i2b
 .text.__multiply
                0x000000000801bef4      0x124 /home/kurt/Ac6/SystemWorkbench/plugins/fr.ac6.mcu.externaltools.arm-none.linux64_1.15.0.201708311556/tools/compiler/bin/../lib/gcc/arm-none-eabi/6.3.1/../../../../arm-none-eabi/lib/thumb/v7e-m/fpv4-sp/hard/libc.a(lib_a-mprec.o)
                0x000000000801bef4                __multiply
 .text.__pow5mult
                0x000000000801c018       0xa0 /home/kurt/Ac6/SystemWorkbench/plugins/fr.ac6.mcu.externaltools.arm-none.linux64_1.15.0.201708311556/tools/compiler/bin/../lib/gcc/arm-none-eabi/6.3.1/../../../../arm-none-eabi/lib/thumb/v7e-m/fpv4-sp/hard/libc.a(lib_a-mprec.o)
                0x000000000801c018                __pow5mult
 .text.__lshift
                0x000000000801c0b8       0xa4 /home/kurt/Ac6/SystemWorkbench/plugins/fr.ac6.mcu.externaltools.arm-none.linux64_1.15.0.201708311556/tools/compiler/bin/../lib/gcc/arm-none-eabi/6.3.1/../../../../arm-none-eabi/lib/thumb/v7e-m/fpv4-sp/hard/libc.a(lib_a-mprec.o)
                0x000000000801c0b8                __lshift
 .text.__mcmp   0x000000000801c15c       0x38 /home/kurt/Ac6/SystemWorkbench/plugins/fr.ac6.mcu.externaltools.arm-none.linux64_1.15.0.201708311556/tools/compiler/bin/../lib/gcc/arm-none-eabi/6.3.1/../../../../arm-none-eabi/lib/thumb/v7e-m/fpv4-sp/hard/libc.a(lib_a-mprec.o)
                0x000000000801c15c                __mcmp
 .text.__mdiff  0x000000000801c194      0x108 /home/kurt/Ac6/SystemWorkbench/plugins/fr.ac6.mcu.externaltools.arm-none.linux64_1.15.0.201708311556/tools/compiler/bin/../lib/gcc/arm-none-eabi/6.3.1/../../../../arm-none-eabi/lib/thumb/v7e-m/fpv4-sp/hard/libc.a(lib_a-mprec.o)
                0x000000000801c194                __mdiff
 .text.__d2b    0x000000000801c29c       0xbc /home/kurt/Ac6/SystemWorkbench/plugins/fr.ac6.mcu.externaltools.arm-none.linux64_1.15.0.201708311556/tools/compiler/bin/../lib/gcc/arm-none-eabi/6.3.1/../../../../arm-none-eabi/lib/thumb/v7e-m/fpv4-sp/hard/libc.a(lib_a-mprec.o)
                0x000000000801c29c                __d2b
 .text.__ssprint_r
                0x000000000801c358       0xfc /home/kurt/Ac6/SystemWorkbench/plugins/fr.ac6.mcu.externaltools.arm-none.linux64_1.15.0.201708311556/tools/compiler/bin/../lib/gcc/arm-none-eabi/6.3.1/../../../../arm-none-eabi/lib/thumb/v7e-m/fpv4-sp/hard/libc.a(lib_a-svfiprintf.o)
                0x000000000801c358                __ssprint_r
 .text.__register_exitproc
                0x000000000801c454       0xc4 /home/kurt/Ac6/SystemWorkbench/plugins/fr.ac6.mcu.externaltools.arm-none.linux64_1.15.0.201708311556/tools/compiler/bin/../lib/gcc/arm-none-eabi/6.3.1/../../../../arm-none-eabi/lib/thumb/v7e-m/fpv4-sp/hard/libc.a(lib_a-__atexit.o)
                0x000000000801c454                __register_exitproc
 .text._calloc_r
                0x000000000801c518       0x60 /home/kurt/Ac6/SystemWorkbench/plugins/fr.ac6.mcu.externaltools.arm-none.linux64_1.15.0.201708311556/tools/compiler/bin/../lib/gcc/arm-none-eabi/6.3.1/../../../../arm-none-eabi/lib/thumb/v7e-m/fpv4-sp/hard/libc.a(lib_a-callocr.o)
                0x000000000801c518                _calloc_r
 .text._realloc_r
                0x000000000801c578      0x34c /home/kurt/Ac6/SystemWorkbench/plugins/fr.ac6.mcu.externaltools.arm-none.linux64_1.15.0.201708311556/tools/compiler/bin/../lib/gcc/arm-none-eabi/6.3.1/../../../../arm-none-eabi/lib/thumb/v7e-m/fpv4-sp/hard/libc.a(lib_a-reallocr.o)
                0x000000000801c578                _realloc_r
 *(.glue_7)
 .glue_7        0x000000000801c8c4        0x0 linker stubs
 *(.glue_7t)
 .glue_7t       0x000000000801c8c4        0x0 linker stubs
 *(.eh_frame)
 .eh_frame      0x000000000801c8c4        0x0 /home/kurt/Ac6/SystemWorkbench/plugins/fr.ac6.mcu.externaltools.arm-none.linux64_1.15.0.201708311556/tools/compiler/bin/../lib/gcc/arm-none-eabi/6.3.1/thumb/v7e-m/fpv4-sp/hard/crtbegin.o
 *(.init)
 .init          0x000000000801c8c4        0x4 /home/kurt/Ac6/SystemWorkbench/plugins/fr.ac6.mcu.externaltools.arm-none.linux64_1.15.0.201708311556/tools/compiler/bin/../lib/gcc/arm-none-eabi/6.3.1/thumb/v7e-m/fpv4-sp/hard/crti.o
                0x000000000801c8c4                _init
 .init          0x000000000801c8c8        0x8 /home/kurt/Ac6/SystemWorkbench/plugins/fr.ac6.mcu.externaltools.arm-none.linux64_1.15.0.201708311556/tools/compiler/bin/../lib/gcc/arm-none-eabi/6.3.1/thumb/v7e-m/fpv4-sp/hard/crtn.o
 *(.fini)
 .fini          0x000000000801c8d0        0x4 /home/kurt/Ac6/SystemWorkbench/plugins/fr.ac6.mcu.externaltools.arm-none.linux64_1.15.0.201708311556/tools/compiler/bin/../lib/gcc/arm-none-eabi/6.3.1/thumb/v7e-m/fpv4-sp/hard/crti.o
                0x000000000801c8d0                _fini
 .fini          0x000000000801c8d4        0x8 /home/kurt/Ac6/SystemWorkbench/plugins/fr.ac6.mcu.externaltools.arm-none.linux64_1.15.0.201708311556/tools/compiler/bin/../lib/gcc/arm-none-eabi/6.3.1/thumb/v7e-m/fpv4-sp/hard/crtn.o
                0x000000000801c8dc                . = ALIGN (0x4)
                0x000000000801c8dc                _etext = .

.vfp11_veneer   0x000000000801c8dc        0x0
 .vfp11_veneer  0x000000000801c8dc        0x0 linker stubs

.v4_bx          0x000000000801c8dc        0x0
 .v4_bx         0x000000000801c8dc        0x0 linker stubs

.iplt           0x000000000801c8dc        0x0
 .iplt          0x000000000801c8dc        0x0 /home/kurt/Ac6/SystemWorkbench/plugins/fr.ac6.mcu.externaltools.arm-none.linux64_1.15.0.201708311556/tools/compiler/bin/../lib/gcc/arm-none-eabi/6.3.1/thumb/v7e-m/fpv4-sp/hard/crtbegin.o

.rodata         0x000000000801c8e0    0x118d4
                0x000000000801c8e0                . = ALIGN (0x4)
 *(.rodata)
 .rodata        0x000000000801c8e0     0x2008 src/language.o
                0x000000000801c8e0                english
                0x000000000801d8e4                deutsch
 .rodata        0x000000000801e8e8       0xba src/fatfs/ff.o
 *fill*         0x000000000801e9a2        0x2 
 .rodata        0x000000000801e9a4      0xed8 src/fonts/lucida_console12.o
                0x000000000801e9a4                lucidaConsole_12ptDescriptors
                0x000000000801ec9c                lucidaConsole_12ptBitmaps
 .rodata        0x000000000801f87c     0x1112 src/fonts/lucida_console14.o
                0x000000000801f87c                lucidaConsole_14ptDescriptors
                0x000000000801fb74                lucidaConsole_14ptBitmaps
 *fill*         0x000000000802098e        0x2 
 .rodata        0x0000000008020990     0x14c8 src/fonts/lucida_console18.o
                0x0000000008020990                lucidaConsole_18ptDescriptors
                0x0000000008020c88                lucidaConsole_18ptBitmaps
 .rodata        0x0000000008021e58     0x2341 src/fonts/lucida_console22.o
                0x0000000008021e58                lucidaConsole_22ptDescriptors
                0x0000000008022150                lucidaConsole_22ptBitmaps
 *fill*         0x0000000008024199        0x3 
 .rodata        0x000000000802419c     0x14c8 src/fonts/lucida_console_bold_18.o
                0x000000000802419c                lucidaConsoleBold_18ptDescriptors
                0x0000000008024494                lucidaConsoleBold_18ptBitmaps
 .rodata        0x0000000008025664      0x8d2 src/fonts/verdana10.o
                0x0000000008025664                verdana_10ptDescriptors
                0x000000000802595c                verdana_10ptBitmaps
 *fill*         0x0000000008025f36        0x2 
 .rodata        0x0000000008025f38      0xc3a src/fonts/verdana12.o
                0x0000000008025f38                verdana_12ptDescriptors
                0x0000000008026230                verdana_12ptBitmaps
 *fill*         0x0000000008026b72        0x2 
 .rodata        0x0000000008026b74     0x1360 src/fonts/verdana18.o
                0x0000000008026b74                verdana_18ptDescriptors
                0x0000000008026e6c                verdana_18ptBitmaps
 .rodata        0x0000000008027ed4     0x19f7 src/fonts/verdana22.o
                0x0000000008027ed4                verdana_22ptDescriptors
                0x00000000080281cc                verdana_22ptBitmaps
 *fill*         0x00000000080298cb        0x1 
 .rodata        0x00000000080298cc     0x3f20 src/fonts/verdana36.o
                0x00000000080298cc                verdana_36ptDescriptors
                0x0000000008029bc4                verdana_36ptBitmaps
 *(.rodata*)
 .rodata.str1.4
                0x000000000802d7ec        0xf src/antsel.o
 *fill*         0x000000000802d7fb        0x1 
 .rodata.str1.4
                0x000000000802d7fc       0x53 src/bargraph_defines.o
                                         0x5f (size before relaxing)
 *fill*         0x000000000802d84f        0x1 
 .rodata.str1.4
                0x000000000802d850       0x4b src/calib.o
 *fill*         0x000000000802d89b        0x1 
 .rodata.str1.4
                0x000000000802d89c       0x12 src/history.o
                                         0x2a (size before relaxing)
 *fill*         0x000000000802d8ae        0x2 
 .rodata.str1.4
                0x000000000802d8b0        0x7 src/instrument.o
                                          0xb (size before relaxing)
 *fill*         0x000000000802d8b7        0x1 
 .rodata.str1.4
                0x000000000802d8b8        0x9 src/language.o
 *fill*         0x000000000802d8c1        0x3 
 .rodata.str1.4
                0x000000000802d8c4      0x332 src/menu.o
                                        0x352 (size before relaxing)
 *fill*         0x000000000802dbf6        0x2 
 .rodata.str1.4
                0x000000000802dbf8       0x1b src/setup.o
 *fill*         0x000000000802dc13        0x1 
 .rodata.str1.4
                0x000000000802dc14        0x3 src/system.o
 *fill*         0x000000000802dc17        0x1 
 .rodata.str1.4
                0x000000000802dc18        0x5 src/system2.o
                                          0xb (size before relaxing)
 *fill*         0x000000000802dc1d        0x3 
 .rodata.str1.4
                0x000000000802dc20       0x1c src/tft_highlevel.o
                                         0x20 (size before relaxing)
 .rodata.str1.4
                0x000000000802dc3c       0x7a src/touchbutton.o
                                         0x7e (size before relaxing)
 *fill*         0x000000000802dcb6        0x2 
 .rodata.str1.4
                0x000000000802dcb8       0x96 src/fatfs/ff.o
 *fill*         0x000000000802dd4e        0x2 
 .rodata.log10.str1.4
                0x000000000802dd50        0x6 /home/kurt/Ac6/SystemWorkbench/plugins/fr.ac6.mcu.externaltools.arm-none.linux64_1.15.0.201708311556/tools/compiler/bin/../lib/gcc/arm-none-eabi/6.3.1/../../../../arm-none-eabi/lib/thumb/v7e-m/fpv4-sp/hard/libm.a(lib_a-w_log10.o)
                                          0x9 (size before relaxing)
 *fill*         0x000000000802dd56        0x2 
 .rodata.sqrt.str1.4
                0x000000000802dd58        0x5 /home/kurt/Ac6/SystemWorkbench/plugins/fr.ac6.mcu.externaltools.arm-none.linux64_1.15.0.201708311556/tools/compiler/bin/../lib/gcc/arm-none-eabi/6.3.1/../../../../arm-none-eabi/lib/thumb/v7e-m/fpv4-sp/hard/libm.a(lib_a-w_sqrt.o)
 *fill*         0x000000000802dd5d        0x3 
 .rodata.npio2_hw
                0x000000000802dd60       0x80 /home/kurt/Ac6/SystemWorkbench/plugins/fr.ac6.mcu.externaltools.arm-none.linux64_1.15.0.201708311556/tools/compiler/bin/../lib/gcc/arm-none-eabi/6.3.1/../../../../arm-none-eabi/lib/thumb/v7e-m/fpv4-sp/hard/libm.a(lib_a-e_rem_pio2.o)
 .rodata.two_over_pi
                0x000000000802dde0      0x108 /home/kurt/Ac6/SystemWorkbench/plugins/fr.ac6.mcu.externaltools.arm-none.linux64_1.15.0.201708311556/tools/compiler/bin/../lib/gcc/arm-none-eabi/6.3.1/../../../../arm-none-eabi/lib/thumb/v7e-m/fpv4-sp/hard/libm.a(lib_a-e_rem_pio2.o)
 .rodata.PIo2   0x000000000802dee8       0x40 /home/kurt/Ac6/SystemWorkbench/plugins/fr.ac6.mcu.externaltools.arm-none.linux64_1.15.0.201708311556/tools/compiler/bin/../lib/gcc/arm-none-eabi/6.3.1/../../../../arm-none-eabi/lib/thumb/v7e-m/fpv4-sp/hard/libm.a(lib_a-k_rem_pio2.o)
 .rodata.init_jk
                0x000000000802df28       0x10 /home/kurt/Ac6/SystemWorkbench/plugins/fr.ac6.mcu.externaltools.arm-none.linux64_1.15.0.201708311556/tools/compiler/bin/../lib/gcc/arm-none-eabi/6.3.1/../../../../arm-none-eabi/lib/thumb/v7e-m/fpv4-sp/hard/libm.a(lib_a-k_rem_pio2.o)
 .rodata._global_impure_ptr
                0x000000000802df38        0x4 /home/kurt/Ac6/SystemWorkbench/plugins/fr.ac6.mcu.externaltools.arm-none.linux64_1.15.0.201708311556/tools/compiler/bin/../lib/gcc/arm-none-eabi/6.3.1/../../../../arm-none-eabi/lib/thumb/v7e-m/fpv4-sp/hard/libc.a(lib_a-impure.o)
                0x000000000802df38                _global_impure_ptr
 .rodata._setlocale_r.str1.4
                0x000000000802df3c        0x6 /home/kurt/Ac6/SystemWorkbench/plugins/fr.ac6.mcu.externaltools.arm-none.linux64_1.15.0.201708311556/tools/compiler/bin/../lib/gcc/arm-none-eabi/6.3.1/../../../../arm-none-eabi/lib/thumb/v7e-m/fpv4-sp/hard/libc.a(lib_a-locale.o)
                                          0xd (size before relaxing)
 .rodata.str1.4
                0x000000000802df42        0x6 /home/kurt/Ac6/SystemWorkbench/plugins/fr.ac6.mcu.externaltools.arm-none.linux64_1.15.0.201708311556/tools/compiler/bin/../lib/gcc/arm-none-eabi/6.3.1/../../../../arm-none-eabi/lib/thumb/v7e-m/fpv4-sp/hard/libc.a(lib_a-locale.o)
                                          0x2 (size before relaxing)
 *fill*         0x000000000802df42        0x2 
 .rodata._svfprintf_r.str1.4
                0x000000000802df44       0x3f /home/kurt/Ac6/SystemWorkbench/plugins/fr.ac6.mcu.externaltools.arm-none.linux64_1.15.0.201708311556/tools/compiler/bin/../lib/gcc/arm-none-eabi/6.3.1/../../../../arm-none-eabi/lib/thumb/v7e-m/fpv4-sp/hard/libc.a(lib_a-svfprintf.o)
                                         0x42 (size before relaxing)
 *fill*         0x000000000802df83        0x1 
 .rodata.blanks.8346
                0x000000000802df84       0x10 /home/kurt/Ac6/SystemWorkbench/plugins/fr.ac6.mcu.externaltools.arm-none.linux64_1.15.0.201708311556/tools/compiler/bin/../lib/gcc/arm-none-eabi/6.3.1/../../../../arm-none-eabi/lib/thumb/v7e-m/fpv4-sp/hard/libc.a(lib_a-svfprintf.o)
 .rodata.zeroes.8347
                0x000000000802df94       0x10 /home/kurt/Ac6/SystemWorkbench/plugins/fr.ac6.mcu.externaltools.arm-none.linux64_1.15.0.201708311556/tools/compiler/bin/../lib/gcc/arm-none-eabi/6.3.1/../../../../arm-none-eabi/lib/thumb/v7e-m/fpv4-sp/hard/libc.a(lib_a-svfprintf.o)
 .rodata._ctype_
                0x000000000802dfa4      0x101 /home/kurt/Ac6/SystemWorkbench/plugins/fr.ac6.mcu.externaltools.arm-none.linux64_1.15.0.201708311556/tools/compiler/bin/../lib/gcc/arm-none-eabi/6.3.1/../../../../arm-none-eabi/lib/thumb/v7e-m/fpv4-sp/hard/libc.a(lib_a-ctype_.o)
                0x000000000802dfa4                _ctype_
 *fill*         0x000000000802e0a5        0x3 
 .rodata._dtoa_r.str1.4
                0x000000000802e0a8       0x10 /home/kurt/Ac6/SystemWorkbench/plugins/fr.ac6.mcu.externaltools.arm-none.linux64_1.15.0.201708311556/tools/compiler/bin/../lib/gcc/arm-none-eabi/6.3.1/../../../../arm-none-eabi/lib/thumb/v7e-m/fpv4-sp/hard/libc.a(lib_a-dtoa.o)
                                         0x12 (size before relaxing)
 .rodata.__mprec_bigtens
                0x000000000802e0b8       0x28 /home/kurt/Ac6/SystemWorkbench/plugins/fr.ac6.mcu.externaltools.arm-none.linux64_1.15.0.201708311556/tools/compiler/bin/../lib/gcc/arm-none-eabi/6.3.1/../../../../arm-none-eabi/lib/thumb/v7e-m/fpv4-sp/hard/libc.a(lib_a-mprec.o)
                0x000000000802e0b8                __mprec_bigtens
 .rodata.__mprec_tens
                0x000000000802e0e0       0xc8 /home/kurt/Ac6/SystemWorkbench/plugins/fr.ac6.mcu.externaltools.arm-none.linux64_1.15.0.201708311556/tools/compiler/bin/../lib/gcc/arm-none-eabi/6.3.1/../../../../arm-none-eabi/lib/thumb/v7e-m/fpv4-sp/hard/libc.a(lib_a-mprec.o)
                0x000000000802e0e0                __mprec_tens
 .rodata.p05.7178
                0x000000000802e1a8        0xc /home/kurt/Ac6/SystemWorkbench/plugins/fr.ac6.mcu.externaltools.arm-none.linux64_1.15.0.201708311556/tools/compiler/bin/../lib/gcc/arm-none-eabi/6.3.1/../../../../arm-none-eabi/lib/thumb/v7e-m/fpv4-sp/hard/libc.a(lib_a-mprec.o)
                0x000000000802e1b4                . = ALIGN (0x4)

.ARM.extab      0x000000000802e1b4        0x0
                0x000000000802e1b4                . = ALIGN (0x4)
 *(.ARM.extab* .gnu.linkonce.armextab.*)
                0x000000000802e1b4                . = ALIGN (0x4)

.ARM            0x000000000802e1b4        0x8
                0x000000000802e1b4                . = ALIGN (0x4)
                0x000000000802e1b4                __exidx_start = .
 *(.ARM.exidx*)
 .ARM.exidx     0x000000000802e1b4        0x8 /home/kurt/Ac6/SystemWorkbench/plugins/fr.ac6.mcu.externaltools.arm-none.linux64_1.15.0.201708311556/tools/compiler/bin/../lib/gcc/arm-none-eabi/6.3.1/thumb/v7e-m/fpv4-sp/hard/libgcc.a(_udivmoddi4.o)
                0x000000000802e1bc                __exidx_end = .
                0x000000000802e1bc                . = ALIGN (0x4)

.rel.dyn        0x000000000802e1bc        0x0
 .rel.iplt      0x000000000802e1bc        0x0 /home/kurt/Ac6/SystemWorkbench/plugins/fr.ac6.mcu.externaltools.arm-none.linux64_1.15.0.201708311556/tools/compiler/bin/../lib/gcc/arm-none-eabi/6.3.1/thumb/v7e-m/fpv4-sp/hard/crtbegin.o

.preinit_array  0x000000000802e1bc        0x0
                0x000000000802e1bc                . = ALIGN (0x4)
                0x000000000802e1bc                PROVIDE (__preinit_array_start, .)
 *(.preinit_array*)
                0x000000000802e1bc                PROVIDE (__preinit_array_end, .)
                0x000000000802e1bc                . = ALIGN (0x4)

.init_array     0x000000000802e1bc        0x8
                0x000000000802e1bc                . = ALIGN (0x4)
                0x000000000802e1bc                PROVIDE (__init_array_start, .)
 *(SORT(.init_array.*))
 .init_array.00000
                0x000000000802e1bc        0x4 /home/kurt/Ac6/SystemWorkbench/plugins/fr.ac6.mcu.externaltools.arm-none.linux64_1.15.0.201708311556/tools/compiler/bin/../lib/gcc/arm-none-eabi/6.3.1/../../../../arm-none-eabi/lib/thumb/v7e-m/fpv4-sp/hard/libc.a(lib_a-__call_atexit.o)
 *(.init_array*)
 .init_array    0x000000000802e1c0        0x4 /home/kurt/Ac6/SystemWorkbench/plugins/fr.ac6.mcu.externaltools.arm-none.linux64_1.15.0.201708311556/tools/compiler/bin/../lib/gcc/arm-none-eabi/6.3.1/thumb/v7e-m/fpv4-sp/hard/crtbegin.o
                0x000000000802e1c4                PROVIDE (__init_array_end, .)
                0x000000000802e1c4                . = ALIGN (0x4)

.fini_array     0x000000000802e1c4        0x4
                0x000000000802e1c4                . = ALIGN (0x4)
                0x000000000802e1c4                PROVIDE (__fini_array_start, .)
 *(SORT(.fini_array.*))
 *(.fini_array*)
 .fini_array    0x000000000802e1c4        0x4 /home/kurt/Ac6/SystemWorkbench/plugins/fr.ac6.mcu.externaltools.arm-none.linux64_1.15.0.201708311556/tools/compiler/bin/../lib/gcc/arm-none-eabi/6.3.1/thumb/v7e-m/fpv4-sp/hard/crtbegin.o
                0x000000000802e1c8                PROVIDE (__fini_array_end, .)
                0x000000000802e1c8                . = ALIGN (0x4)
                0x000000000802e1c8                _sidata = LOADADDR (.data)

.data           0x0000000020000000     0x24d0 load address 0x000000000802e1c8
                0x0000000020000000                . = ALIGN (0x4)
                0x0000000020000000                _sdata = .
 *(.data)
 .data          0x0000000020000000       0x10 StdPeriph_Driver/src/stm32f4xx_rcc.o
 .data          0x0000000020000010        0x1 src/adc_dma.o
                0x0000000020000010                st
 *fill*         0x0000000020000011        0x3 
 .data          0x0000000020000014       0xf0 src/antsel.o
                0x0000000020000014                ant_etxt
                0x000000002000008c                ant_dtxt
 .data          0x0000000020000104      0x974 src/bandsel.o
                0x0000000020000104                oldband
                0x0000000020000108                _selected_band
                0x0000000020000118                band_text_SW
                0x0000000020000460                bandmode_text
                0x00000000200004d8                bandbuttons_text
 .data          0x0000000020000a78       0x96 src/calib.o
                0x0000000020000a78                selcol
                0x0000000020000a7c                selline
                0x0000000020000a80                calib_linetext_pa
                0x0000000020000ac8                calib_linetext_pwrswr
 *fill*         0x0000000020000b0e        0x2 
 .data          0x0000000020000b10        0x8 src/flashdata.o
                0x0000000020000b10                reg16
                0x0000000020000b14                pcfgdata
 .data          0x0000000020000b18        0x4 src/freq_meas.o
                0x0000000020000b18                fcorr
 .data          0x0000000020000b1c        0x9 src/history.o
                0x0000000020000b1c                hist_maxpwr
                0x0000000020000b20                xspeed
 *fill*         0x0000000020000b25        0x3 
 .data          0x0000000020000b28        0x8 src/instrument.o
                0x0000000020000b28                ofwd
                0x0000000020000b2c                orev
 .data          0x0000000020000b30      0x7ac src/menu.o
                0x0000000020000b30                menunum
                0x0000000020000b34                dicons
                0x0000000020000c74                eicons
                0x0000000020000db4                eadc_title
                0x000000002000100c                dadc_title
                0x0000000020001264                adc_order
                0x0000000020001278                col_order
                0x00000000200012a0                first_statdisplay
                0x00000000200012a4                first_touchcal
                0x00000000200012a8                act_coupler
                0x00000000200012b4                bb_y
                0x00000000200012b8                bb_xleft
                0x00000000200012bc                bb_yspace
                0x00000000200012c0                bb_xfan
                0x00000000200012c4                oldmenunum
                0x00000000200012d8                bb_xright
 .data          0x00000000200012dc       0xf4 src/powerlog.o
                0x00000000200012dc                maxpwr
                0x00000000200012ec                maxdrvpwr
                0x00000000200012fc                maxIunits
                0x000000002000130c                maxUunits
                0x000000002000131c                h_swr
                0x0000000020001330                h_power
 .data          0x00000000200013d0      0x200 src/setup.o
                0x00000000200013d0                esetup_items
                0x00000000200014a4                dsetup_items
                0x0000000020001578                setup_items
                0x000000002000157c                editline
                0x0000000020001580                conttext
                0x00000000200015a8                txontext
 .data          0x00000000200015d0        0x4 src/smallflash.o
                0x00000000200015d0                sf_startmenu
 .data          0x00000000200015d4      0x28c src/system.o
                0x00000000200015d4                esystem_items
                0x0000000020001688                dsystem_items
                0x000000002000173c                system_editline
                0x0000000020001740                languagetext
                0x0000000020001754                disprevtext
                0x0000000020001768                tempunitstext
                0x0000000020001788                maxUunitstext
                0x00000000200017b0                maxIunitstext
                0x00000000200017d8                maxpwrunitstext
                0x0000000020001800                maxdrvpwrunitstext
                0x0000000020001828                shuntRtext
                0x0000000020001850                shuntValue
 .data          0x0000000020001860      0x140 src/system2.o
                0x0000000020001860                esystem_items2
                0x00000000200018d8                dsystem_items2
                0x0000000020001950                system_editline2
                0x0000000020001954                auxtext_de
                0x000000002000196c                auxtext_en
                0x0000000020001984                sysmodetxt
 .data          0x00000000200019a0       0x28 src/tft_highlevel.o
                0x00000000200019a0                pixnum
                0x00000000200019c0                flashaddress
                0x00000000200019c4                tableaddess
 .data          0x00000000200019c8        0xc src/tick1ms.o
                0x00000000200019c8                hist_1s
                0x00000000200019cc                hist_10ms
                0x00000000200019d0                wifi_1s
 .data          0x00000000200019d4       0x15 src/wifi_if.o
                0x00000000200019d4                ipadr
 *fill*         0x00000000200019e9        0x3 
 .data          0x00000000200019ec       0xb4 src/fatfs/diskio.o
                0x00000000200019ec                FATFS_LowLevelDrivers
 .data          0x0000000020001aa0        0x1 src/fatfs/fatfs_sd.o
 *fill*         0x0000000020001aa1        0x3 
 .data          0x0000000020001aa4        0xc src/fonts/lucida_console12.o
                0x0000000020001aa4                lucidaConsole_12ptFontInfo
 .data          0x0000000020001ab0        0xc src/fonts/lucida_console14.o
                0x0000000020001ab0                lucidaConsole_14ptFontInfo
 .data          0x0000000020001abc        0xc src/fonts/lucida_console18.o
                0x0000000020001abc                lucidaConsole_18ptFontInfo
 .data          0x0000000020001ac8        0xc src/fonts/lucida_console22.o
                0x0000000020001ac8                lucidaConsole_22ptFontInfo
 .data          0x0000000020001ad4        0xc src/fonts/lucida_console_bold_18.o
                0x0000000020001ad4                lucidaConsoleBold_18ptFontInfo
 .data          0x0000000020001ae0        0xc src/fonts/verdana10.o
                0x0000000020001ae0                verdana_10ptFontInfo
 .data          0x0000000020001aec        0xc src/fonts/verdana12.o
                0x0000000020001aec                verdana_12ptFontInfo
 .data          0x0000000020001af8        0xc src/fonts/verdana18.o
                0x0000000020001af8                verdana_18ptFontInfo
 .data          0x0000000020001b04        0xc src/fonts/verdana22.o
                0x0000000020001b04                verdana_22ptFontInfo
 .data          0x0000000020001b10        0xc src/fonts/verdana36.o
                0x0000000020001b10                verdana_36ptFontInfo
 *(.data*)
 .data.__fdlib_version
                0x0000000020001b1c        0x1 /home/kurt/Ac6/SystemWorkbench/plugins/fr.ac6.mcu.externaltools.arm-none.linux64_1.15.0.201708311556/tools/compiler/bin/../lib/gcc/arm-none-eabi/6.3.1/../../../../arm-none-eabi/lib/thumb/v7e-m/fpv4-sp/hard/libm.a(lib_a-s_lib_ver.o)
                0x0000000020001b1c                __fdlib_version
 *fill*         0x0000000020001b1d        0x3 
 .data._impure_ptr