stm32f4xx_dma2d.c:111:6:DMA2D_DeInit	8	static
stm32f4xx_dma2d.c:128:6:DMA2D_Init	12	static
stm32f4xx_dma2d.c:217:6:DMA2D_StructInit	0	static
stm32f4xx_dma2d.c:248:6:DMA2D_StartTransfer	0	static
stm32f4xx_dma2d.c:260:6:DMA2D_AbortTransfer	0	static
stm32f4xx_dma2d.c:273:6:DMA2D_Suspend	0	static
stm32f4xx_dma2d.c:298:6:DMA2D_FGConfig	8	static
stm32f4xx_dma2d.c:350:6:DMA2D_FG_StructInit	0	static
stm32f4xx_dma2d.c:395:6:DMA2D_BGConfig	8	static
stm32f4xx_dma2d.c:448:6:DMA2D_BG_StructInit	0	static
stm32f4xx_dma2d.c:491:6:DMA2D_FGStart	0	static
stm32f4xx_dma2d.c:515:6:DMA2D_BGStart	0	static
stm32f4xx_dma2d.c:538:6:DMA2D_DeadTimeConfig	0	static
stm32f4xx_dma2d.c:565:6:DMA2D_LineWatermarkConfig	0	static
stm32f4xx_dma2d.c:632:6:DMA2D_ITConfig	0	static
stm32f4xx_dma2d.c:663:12:DMA2D_GetFlagStatus	0	static
stm32f4xx_dma2d.c:697:6:DMA2D_ClearFlag	0	static
stm32f4xx_dma2d.c:718:10:DMA2D_GetITStatus	0	static
stm32f4xx_dma2d.c:758:6:DMA2D_ClearITPendingBit	0	static
