stm32f4xx_adc.c:213:6:ADC_DeInit	8	static
stm32f4xx_adc.c:235:6:ADC_Init	12	static
stm32f4xx_adc.c:310:6:ADC_StructInit	0	static
stm32f4xx_adc.c:341:6:ADC_CommonInit	8	static
stm32f4xx_adc.c:377:6:ADC_CommonStructInit	0	static
stm32f4xx_adc.c:399:6:ADC_Cmd	0	static
stm32f4xx_adc.c:455:6:ADC_AnalogWatchdogCmd	0	static
stm32f4xx_adc.c:484:6:ADC_AnalogWatchdogThresholdsConfig	0	static
stm32f4xx_adc.c:525:6:ADC_AnalogWatchdogSingleChannelConfig	0	static
stm32f4xx_adc.c:589:6:ADC_TempSensorVrefintCmd	0	static
stm32f4xx_adc.c:615:6:ADC_VBATCmd	0	static
stm32f4xx_adc.c:716:6:ADC_RegularChannelConfig	12	static
stm32f4xx_adc.c:836:6:ADC_SoftwareStartConv	0	static
stm32f4xx_adc.c:850:12:ADC_GetSoftwareStartConvStatus	0	static
stm32f4xx_adc.c:880:6:ADC_EOCOnEachRegularChannelCmd	0	static
stm32f4xx_adc.c:905:6:ADC_ContinuousModeCmd	0	static
stm32f4xx_adc.c:931:6:ADC_DiscModeChannelCountConfig	0	static
stm32f4xx_adc.c:963:6:ADC_DiscModeCmd	0	static
stm32f4xx_adc.c:986:10:ADC_GetConversionValue	0	static
stm32f4xx_adc.c:1007:10:ADC_GetMultiModeConversionValue	0	static
stm32f4xx_adc.c:1053:6:ADC_DMACmd	0	static
stm32f4xx_adc.c:1077:6:ADC_DMARequestAfterLastTransferCmd	0	static
stm32f4xx_adc.c:1104:6:ADC_MultiModeDMARequestAfterLastTransferCmd	0	static
stm32f4xx_adc.c:1191:6:ADC_InjectedChannelConfig	12	static
stm32f4xx_adc.c:1254:6:ADC_InjectedSequencerLengthConfig	0	static
stm32f4xx_adc.c:1289:6:ADC_SetInjectedOffset	8	static
stm32f4xx_adc.c:1327:6:ADC_ExternalTrigInjectedConvConfig	0	static
stm32f4xx_adc.c:1361:6:ADC_ExternalTrigInjectedConvEdgeConfig	0	static
stm32f4xx_adc.c:1382:6:ADC_SoftwareStartInjectedConv	0	static
stm32f4xx_adc.c:1395:12:ADC_GetSoftwareStartInjectedConvCmdStatus	0	static
stm32f4xx_adc.c:1424:6:ADC_AutoInjectedConvCmd	0	static
stm32f4xx_adc.c:1450:6:ADC_InjectedDiscModeCmd	0	static
stm32f4xx_adc.c:1478:10:ADC_GetInjectedConversionValue	8	static
stm32f4xx_adc.c:1585:6:ADC_ITConfig	0	static
stm32f4xx_adc.c:1622:12:ADC_GetFlagStatus	0	static
stm32f4xx_adc.c:1657:6:ADC_ClearFlag	0	static
stm32f4xx_adc.c:1678:10:ADC_GetITStatus	0	static
stm32f4xx_adc.c:1719:6:ADC_ClearITPendingBit	0	static
