stm32f4xx_can.c:167:6:CAN_DeInit	8	static
stm32f4xx_can.c:216:9:CAN_Init	12	static
stm32f4xx_can.c:448:6:CAN_FilterInit	16	static
stm32f4xx_can.c:540:6:CAN_StructInit	0	static
stm32f4xx_can.c:606:6:CAN_SlaveStartBank	0	static
stm32f4xx_can.c:632:6:CAN_DBGFreeze	0	static
stm32f4xx_can.c:663:6:CAN_TTComModeCmd	0	static
stm32f4xx_can.c:718:9:CAN_Transmit	16	static
stm32f4xx_can.c:791:9:CAN_TransmitStatus	0	static
stm32f4xx_can.c:846:6:CAN_CancelTransmit	0	static
stm32f4xx_can.c:894:6:CAN_Receive	4	static
stm32f4xx_can.c:944:6:CAN_FIFORelease	0	static
stm32f4xx_can.c:968:9:CAN_MessagePending	0	static
stm32f4xx_can.c:1018:9:CAN_OperatingModeRequest	0	static
stm32f4xx_can.c:1100:9:CAN_Sleep	0	static
stm32f4xx_can.c:1126:9:CAN_WakeUp	0	static
stm32f4xx_can.c:1188:9:CAN_GetLastErrorCode	0	static
stm32f4xx_can.c:1214:9:CAN_GetReceiveErrorCounter	0	static
stm32f4xx_can.c:1235:9:CAN_GetLSBTransmitErrorCounter	0	static
stm32f4xx_can.c:1441:6:CAN_ITConfig	0	static
stm32f4xx_can.c:1482:12:CAN_GetFlagStatus	0	static
stm32f4xx_can.c:1583:6:CAN_ClearFlag	0	static
stm32f4xx_can.c:1644:10:CAN_GetITStatus	0	static
stm32f4xx_can.c:1749:6:CAN_ClearITPendingBit	0	static
