stm32f4xx_sai.c:185:6:SAI_DeInit	8	static
stm32f4xx_sai.c:223:6:SAI_Init	12	static
stm32f4xx_sai.c:291:6:SAI_FrameInit	12	static
stm32f4xx_sai.c:339:6:SAI_SlotInit	12	static
stm32f4xx_sai.c:378:6:SAI_StructInit	0	static
stm32f4xx_sai.c:411:6:SAI_FrameStructInit	0	static
stm32f4xx_sai.c:432:6:SAI_SlotStructInit	0	static
stm32f4xx_sai.c:453:6:SAI_Cmd	0	static
stm32f4xx_sai.c:482:6:SAI_MonoModeConfig	0	static
stm32f4xx_sai.c:505:6:SAI_TRIStateConfig	0	static
stm32f4xx_sai.c:533:6:SAI_CompandingModeConfig	0	static
stm32f4xx_sai.c:557:6:SAI_MuteModeCmd	0	static
stm32f4xx_sai.c:588:6:SAI_MuteValueConfig	0	static
stm32f4xx_sai.c:610:6:SAI_MuteFrameCounterConfig	0	static
stm32f4xx_sai.c:699:6:SAI_FlushFIFO	0	static
stm32f4xx_sai.c:741:10:SAI_ReceiveData	0	static
stm32f4xx_sai.c:757:6:SAI_SendData	0	static
stm32f4xx_sai.c:789:6:SAI_DMACmd	0	static
stm32f4xx_sai.c:933:6:SAI_ITConfig	0	static
stm32f4xx_sai.c:966:12:SAI_GetFlagStatus	0	static
stm32f4xx_sai.c:1009:6:SAI_ClearFlag	0	static
stm32f4xx_sai.c:1034:10:SAI_GetITStatus	0	static
stm32f4xx_sai.c:1081:6:SAI_ClearITPendingBit	0	static
stm32f4xx_sai.c:1103:17:SAI_GetCmdStatus	0	static
stm32f4xx_sai.c:1136:10:SAI_GetFIFOStatus	0	static
