stm32f4xx_fmc.c:137:6:FMC_NORSRAMDeInit	0	static
stm32f4xx_fmc.c:164:6:FMC_NORSRAMInit	20	static
stm32f4xx_fmc.c:281:6:FMC_NORSRAMStructInit	8	static
stm32f4xx_fmc.c:314:6:FMC_NORSRAMCmd	0	static
stm32f4xx_fmc.c:387:6:FMC_NANDDeInit	0	static
stm32f4xx_fmc.c:418:6:FMC_NANDInit	20	static
stm32f4xx_fmc.c:529:6:FMC_NANDStructInit	8	static
stm32f4xx_fmc.c:558:6:FMC_NANDCmd	0	static
stm32f4xx_fmc.c:598:6:FMC_NANDECCCmd	0	static
stm32f4xx_fmc.c:637:10:FMC_GetECC	0	static
stm32f4xx_fmc.c:701:6:FMC_PCCARDDeInit	0	static
stm32f4xx_fmc.c:718:6:FMC_PCCARDInit	12	static
stm32f4xx_fmc.c:809:6:FMC_PCCARDStructInit	8	static
stm32f4xx_fmc.c:835:6:FMC_PCCARDCmd	0	static
stm32f4xx_fmc.c:907:6:FMC_SDRAMDeInit	8	static
stm32f4xx_fmc.c:927:6:FMC_SDRAMInit	48	static
stm32f4xx_fmc.c:1054:6:FMC_SDRAMStructInit	8	static
stm32f4xx_fmc.c:1084:6:FMC_SDRAMCmdConfig	8	static
stm32f4xx_fmc.c:1110:10:FMC_GetModeStatus	0	static
stm32f4xx_fmc.c:1136:6:FMC_SetRefreshCount	0	static
stm32f4xx_fmc.c:1150:6:FMC_SetAutoRefresh_Number	0	static
stm32f4xx_fmc.c:1166:6:FMC_SDRAMWriteProtectionConfig	0	static
stm32f4xx_fmc.c:1218:6:FMC_ITConfig	0	static
stm32f4xx_fmc.c:1295:12:FMC_GetFlagStatus	0	static
stm32f4xx_fmc.c:1351:6:FMC_ClearFlag	0	static
stm32f4xx_fmc.c:1394:10:FMC_GetITStatus	4	static
stm32f4xx_fmc.c:1466:6:FMC_ClearITPendingBit	0	static
