Archive member included to satisfy reference by file (symbol)

c:/st/stm32cubeide_1.3.0/stm32cubeide/plugins/com.st.stm32cube.ide.mcu.externaltools.gnu-tools-for-stm32.7-2018-q2-update.win32_1.0.0.201904181610/tools/bin/../lib/gcc/arm-none-eabi/7.3.1/../../../../arm-none-eabi/lib/thumb/v7e-m/fpv4-sp/hard\libc.a(lib_a-errno.o)
                              src/syscalls.o (__errno)
c:/st/stm32cubeide_1.3.0/stm32cubeide/plugins/com.st.stm32cube.ide.mcu.externaltools.gnu-tools-for-stm32.7-2018-q2-update.win32_1.0.0.201904181610/tools/bin/../lib/gcc/arm-none-eabi/7.3.1/../../../../arm-none-eabi/lib/thumb/v7e-m/fpv4-sp/hard\libc.a(lib_a-exit.o)
                              c:/st/stm32cubeide_1.3.0/stm32cubeide/plugins/com.st.stm32cube.ide.mcu.externaltools.gnu-tools-for-stm32.7-2018-q2-update.win32_1.0.0.201904181610/tools/bin/../lib/gcc/arm-none-eabi/7.3.1/../../../../arm-none-eabi/lib/thumb/v7e-m/fpv4-sp/hard/crt0.o (exit)
c:/st/stm32cubeide_1.3.0/stm32cubeide/plugins/com.st.stm32cube.ide.mcu.externaltools.gnu-tools-for-stm32.7-2018-q2-update.win32_1.0.0.201904181610/tools/bin/../lib/gcc/arm-none-eabi/7.3.1/../../../../arm-none-eabi/lib/thumb/v7e-m/fpv4-sp/hard\libc.a(lib_a-impure.o)
                              c:/st/stm32cubeide_1.3.0/stm32cubeide/plugins/com.st.stm32cube.ide.mcu.externaltools.gnu-tools-for-stm32.7-2018-q2-update.win32_1.0.0.201904181610/tools/bin/../lib/gcc/arm-none-eabi/7.3.1/../../../../arm-none-eabi/lib/thumb/v7e-m/fpv4-sp/hard\libc.a(lib_a-exit.o) (_global_impure_ptr)
c:/st/stm32cubeide_1.3.0/stm32cubeide/plugins/com.st.stm32cube.ide.mcu.externaltools.gnu-tools-for-stm32.7-2018-q2-update.win32_1.0.0.201904181610/tools/bin/../lib/gcc/arm-none-eabi/7.3.1/../../../../arm-none-eabi/lib/thumb/v7e-m/fpv4-sp/hard\libc.a(lib_a-init.o)
                              c:/st/stm32cubeide_1.3.0/stm32cubeide/plugins/com.st.stm32cube.ide.mcu.externaltools.gnu-tools-for-stm32.7-2018-q2-update.win32_1.0.0.201904181610/tools/bin/../lib/gcc/arm-none-eabi/7.3.1/../../../../arm-none-eabi/lib/thumb/v7e-m/fpv4-sp/hard/crt0.o (__libc_init_array)
c:/st/stm32cubeide_1.3.0/stm32cubeide/plugins/com.st.stm32cube.ide.mcu.externaltools.gnu-tools-for-stm32.7-2018-q2-update.win32_1.0.0.201904181610/tools/bin/../lib/gcc/arm-none-eabi/7.3.1/../../../../arm-none-eabi/lib/thumb/v7e-m/fpv4-sp/hard\libc.a(lib_a-locale.o)
                              src/menu.o (__locale_ctype_ptr)
c:/st/stm32cubeide_1.3.0/stm32cubeide/plugins/com.st.stm32cube.ide.mcu.externaltools.gnu-tools-for-stm32.7-2018-q2-update.win32_1.0.0.201904181610/tools/bin/../lib/gcc/arm-none-eabi/7.3.1/../../../../arm-none-eabi/lib/thumb/v7e-m/fpv4-sp/hard\libc.a(lib_a-malloc.o)
                              src/fatfs/tm_stm32f4_fatfs.o (malloc)
c:/st/stm32cubeide_1.3.0/stm32cubeide/plugins/com.st.stm32cube.ide.mcu.externaltools.gnu-tools-for-stm32.7-2018-q2-update.win32_1.0.0.201904181610/tools/bin/../lib/gcc/arm-none-eabi/7.3.1/../../../../arm-none-eabi/lib/thumb/v7e-m/fpv4-sp/hard\libc.a(lib_a-mallocr.o)
                              c:/st/stm32cubeide_1.3.0/stm32cubeide/plugins/com.st.stm32cube.ide.mcu.externaltools.gnu-tools-for-stm32.7-2018-q2-update.win32_1.0.0.201904181610/tools/bin/../lib/gcc/arm-none-eabi/7.3.1/../../../../arm-none-eabi/lib/thumb/v7e-m/fpv4-sp/hard\libc.a(lib_a-malloc.o) (_malloc_r)
c:/st/stm32cubeide_1.3.0/stm32cubeide/plugins/com.st.stm32cube.ide.mcu.externaltools.gnu-tools-for-stm32.7-2018-q2-update.win32_1.0.0.201904181610/tools/bin/../lib/gcc/arm-none-eabi/7.3.1/../../../../arm-none-eabi/lib/thumb/v7e-m/fpv4-sp/hard\libc.a(lib_a-mbtowc_r.o)
                              c:/st/stm32cubeide_1.3.0/stm32cubeide/plugins/com.st.stm32cube.ide.mcu.externaltools.gnu-tools-for-stm32.7-2018-q2-update.win32_1.0.0.201904181610/tools/bin/../lib/gcc/arm-none-eabi/7.3.1/../../../../arm-none-eabi/lib/thumb/v7e-m/fpv4-sp/hard\libc.a(lib_a-locale.o) (__ascii_mbtowc)
c:/st/stm32cubeide_1.3.0/stm32cubeide/plugins/com.st.stm32cube.ide.mcu.externaltools.gnu-tools-for-stm32.7-2018-q2-update.win32_1.0.0.201904181610/tools/bin/../lib/gcc/arm-none-eabi/7.3.1/../../../../arm-none-eabi/lib/thumb/v7e-m/fpv4-sp/hard\libc.a(lib_a-memcpy-stub.o)
                              StdPeriph_Driver/src/stm32f4xx_cryp_aes.o (memcpy)
c:/st/stm32cubeide_1.3.0/stm32cubeide/plugins/com.st.stm32cube.ide.mcu.externaltools.gnu-tools-for-stm32.7-2018-q2-update.win32_1.0.0.201904181610/tools/bin/../lib/gcc/arm-none-eabi/7.3.1/../../../../arm-none-eabi/lib/thumb/v7e-m/fpv4-sp/hard\libc.a(lib_a-memmove.o)
                              src/adc_dma.o (memmove)
c:/st/stm32cubeide_1.3.0/stm32cubeide/plugins/com.st.stm32cube.ide.mcu.externaltools.gnu-tools-for-stm32.7-2018-q2-update.win32_1.0.0.201904181610/tools/bin/../lib/gcc/arm-none-eabi/7.3.1/../../../../arm-none-eabi/lib/thumb/v7e-m/fpv4-sp/hard\libc.a(lib_a-memset.o)
[...]
Memory Configuration

Name             Origin             Length             Attributes
RAM              0x0000000020000000 0x0000000000030000 xrw
ROMRESET         0x0000000008000000 0x0000000000004000 xr
ROM              0x0000000008008000 0x0000000000078000 xr
*default*        0x0000000000000000 0xffffffffffffffff

Linker script and memory map

LOAD c:/st/stm32cubeide_1.3.0/stm32cubeide/plugins/com.st.stm32cube.ide.mcu.externaltools.gnu-tools-for-stm32.7-2018-q2-update.win32_1.0.0.201904181610/tools/bin/../lib/gcc/arm-none-eabi/7.3.1/thumb/v7e-m/fpv4-sp/hard/crti.o
LOAD c:/st/stm32cubeide_1.3.0/stm32cubeide/plugins/com.st.stm32cube.ide.mcu.externaltools.gnu-tools-for-stm32.7-2018-q2-update.win32_1.0.0.201904181610/tools/bin/../lib/gcc/arm-none-eabi/7.3.1/thumb/v7e-m/fpv4-sp/hard/crtbegin.o
LOAD c:/st/stm32cubeide_1.3.0/stm32cubeide/plugins/com.st.stm32cube.ide.mcu.externaltools.gnu-tools-for-stm32.7-2018-q2-update.win32_1.0.0.201904181610/tools/bin/../lib/gcc/arm-none-eabi/7.3.1/../../../../arm-none-eabi/lib/thumb/v7e-m/fpv4-sp/hard/crt0.o
LOAD StdPeriph_Driver/src/misc.o
LOAD StdPeriph_Driver/src/stm32f4xx_adc.o
LOAD StdPeriph_Driver/src/stm32f4xx_can.o
LOAD StdPeriph_Driver/src/stm32f4xx_cec.o
LOAD StdPeriph_Driver/src/stm32f4xx_crc.o
LOAD StdPeriph_Driver/src/stm32f4xx_cryp.o
LOAD StdPeriph_Driver/src/stm32f4xx_cryp_aes.o
LOAD StdPeriph_Driver/src/stm32f4xx_cryp_des.o
LOAD StdPeriph_Driver/src/stm32f4xx_cryp_tdes.o
LOAD StdPeriph_Driver/src/stm32f4xx_dac.o
LOAD StdPeriph_Driver/src/stm32f4xx_dbgmcu.o
LOAD StdPeriph_Driver/src/stm32f4xx_dcmi.o
LOAD StdPeriph_Driver/src/stm32f4xx_dfsdm.o
LOAD StdPeriph_Driver/src/stm32f4xx_dma.o
LOAD StdPeriph_Driver/src/stm32f4xx_dma2d.o
LOAD StdPeriph_Driver/src/stm32f4xx_dsi.o
LOAD StdPeriph_Driver/src/stm32f4xx_exti.o
LOAD StdPeriph_Driver/src/stm32f4xx_flash.o
LOAD StdPeriph_Driver/src/stm32f4xx_flash_ramfunc.o
LOAD StdPeriph_Driver/src/stm32f4xx_fmc.o
LOAD StdPeriph_Driver/src/stm32f4xx_fmip2c.o
LOAD StdPeriph_Driver/src/stm32f4xx_fsmc.o
LOAD StdPeriph_Driver/src/stm32f4xx_gpio.o
LOAD StdPeriph_Driver/src/stm32f4xx_hash.o
LOAD StdPeriph_Driver/src/stm32f4xx_hash_md5.o
LOAD StdPeriph_Driver/src/stm32f4xx_hash_sha1.o
LOAD StdPeriph_Driver/src/stm32f4xx_i2c.o
LOAD StdPeriph_Driver/src/stm32f4xx_iwdg.o
LOAD StdPeriph_Driver/src/stm32f4xx_lptim.o
LOAD StdPeriph_Driver/src/stm32f4xx_ltdc.o
LOAD StdPeriph_Driver/src/stm32f4xx_pwr.o
LOAD StdPeriph_Driver/src/stm32f4xx_qspi.o
LOAD StdPeriph_Driver/src/stm32f4xx_rcc.o
LOAD StdPeriph_Driver/src/stm32f4xx_rng.o
LOAD StdPeriph_Driver/src/stm32f4xx_rtc.o
LOAD StdPeriph_Driver/src/stm32f4xx_sai.o
LOAD StdPeriph_Driver/src/stm32f4xx_sdio.o
LOAD StdPeriph_Driver/src/stm32f4xx_spdifrx.o
LOAD StdPeriph_Driver/src/stm32f4xx_spi.o
LOAD StdPeriph_Driver/src/stm32f4xx_syscfg.o
LOAD StdPeriph_Driver/src/stm32f4xx_tim.o
LOAD StdPeriph_Driver/src/stm32f4xx_usart.o
LOAD StdPeriph_Driver/src/stm32f4xx_wwdg.o
LOAD src/adc3_dma.o
LOAD src/adc_dma.o
LOAD src/adc_getvals.o
LOAD src/antsel.o
LOAD src/bandsel.o
LOAD src/bargraph.o
LOAD src/bargraph_defines.o
LOAD src/calib.o
LOAD src/controller.o
LOAD src/fan.o
LOAD src/flashdata.o
LOAD src/freq_meas.o
LOAD src/gpio.o
LOAD src/history.o
LOAD src/instrument.o
LOAD src/language.o
LOAD src/led.o
LOAD src/main.o
LOAD src/mainloop.o
LOAD src/menu.o
LOAD src/messagebox.o
LOAD src/ntc.o
LOAD src/powerlog.o
LOAD src/pwrswr.o
LOAD src/setup.o
LOAD src/smallflash.o
LOAD src/syscalls.o
LOAD src/system.o
LOAD src/system2.o
LOAD src/system_stm32f4xx.o
LOAD src/tft_highlevel.o
LOAD src/tft_lowlevel.o
LOAD src/tick1ms.o
LOAD src/touch_xsp2046.o
LOAD src/touchbutton.o
LOAD src/uart.o
LOAD src/uart_civ.o
LOAD src/wifi_if.o
LOAD src/fatfs/diskio.o
LOAD src/fatfs/fatfs_sd.o
LOAD src/fatfs/ff.o
LOAD src/fatfs/syscall.o
LOAD src/fatfs/tm_stm32f4_fatfs.o
LOAD src/fatfs/tm_stm32f4_gpio.o
LOAD src/fatfs/tm_stm32f4_spi.o
LOAD src/fatfs/unicode.o
LOAD src/fonts/font.o
LOAD src/fonts/lucida_console12.o
LOAD src/fonts/lucida_console14.o
LOAD src/fonts/lucida_console18.o
LOAD src/fonts/lucida_console22.o
LOAD src/fonts/lucida_console_bold_18.o
LOAD src/fonts/verdana10.o
LOAD src/fonts/verdana12.o
LOAD src/fonts/verdana18.o
LOAD src/fonts/verdana22.o
LOAD src/fonts/verdana36.o
LOAD startup/startup_stm32.o
START GROUP
LOAD c:/st/stm32cubeide_1.3.0/stm32cubeide/plugins/com.st.stm32cube.ide.mcu.externaltools.gnu-tools-for-stm32.7-2018-q2-update.win32_1.0.0.201904181610/tools/bin/../lib/gcc/arm-none-eabi/7.3.1/../../../../arm-none-eabi/lib/thumb/v7e-m/fpv4-sp/hard\libc.a
LOAD c:/st/stm32cubeide_1.3.0/stm32cubeide/plugins/com.st.stm32cube.ide.mcu.externaltools.gnu-tools-for-stm32.7-2018-q2-update.win32_1.0.0.201904181610/tools/bin/../lib/gcc/arm-none-eabi/7.3.1/../../../../arm-none-eabi/lib/thumb/v7e-m/fpv4-sp/hard\libm.a
END GROUP
START GROUP
LOAD c:/st/stm32cubeide_1.3.0/stm32cubeide/plugins/com.st.stm32cube.ide.mcu.externaltools.gnu-tools-for-stm32.7-2018-q2-update.win32_1.0.0.201904181610/tools/bin/../lib/gcc/arm-none-eabi/7.3.1/thumb/v7e-m/fpv4-sp/hard\libgcc.a
LOAD c:/st/stm32cubeide_1.3.0/stm32cubeide/plugins/com.st.stm32cube.ide.mcu.externaltools.gnu-tools-for-stm32.7-2018-q2-update.win32_1.0.0.201904181610/tools/bin/../lib/gcc/arm-none-eabi/7.3.1/../../../../arm-none-eabi/lib/thumb/v7e-m/fpv4-sp/hard\libc.a
END GROUP
LOAD c:/st/stm32cubeide_1.3.0/stm32cubeide/plugins/com.st.stm32cube.ide.mcu.externaltools.gnu-tools-for-stm32.7-2018-q2-update.win32_1.0.0.201904181610/tools/bin/../lib/gcc/arm-none-eabi/7.3.1/thumb/v7e-m/fpv4-sp/hard/crtend.o
LOAD c:/st/stm32cubeide_1.3.0/stm32cubeide/plugins/com.st.stm32cube.ide.mcu.externaltools.gnu-tools-for-stm32.7-2018-q2-update.win32_1.0.0.201904181610/tools/bin/../lib/gcc/arm-none-eabi/7.3.1/thumb/v7e-m/fpv4-sp/hard/crtn.o
                0x0000000020030000                _estack = 0x20030000
                0x0000000000000000                _Min_Heap_Size = 0x0
                0x0000000000001000                _Min_Stack_Size = 0x1000

.isr_vector     0x0000000008000000      0x184
                0x0000000008000000                . = ALIGN (0x4)
 *(.isr_vector)
 .isr_vector    0x0000000008000000      0x184 startup/startup_stm32.o
                0x0000000008000000                g_pfnVectors
                0x0000000008000184                . = ALIGN (0x4)

.text           0x0000000008008000    0x1c844
                0x0000000008008000                . = ALIGN (0x4)
 *(.text)
 .text          0x0000000008008000       0x40 c:/st/stm32cubeide_1.3.0/stm32cubeide/plugins/com.st.stm32cube.ide.mcu.externaltools.gnu-tools-for-stm32.7-2018-q2-update.win32_1.0.0.201904181610/tools/bin/../lib/gcc/arm-none-eabi/7.3.1/thumb/v7e-m/fpv4-sp/hard/crtbegin.o
 .text          0x0000000008008040       0x10 c:/st/stm32cubeide_1.3.0/stm32cubeide/plugins/com.st.stm32cube.ide.mcu.externaltools.gnu-tools-for-stm32.7-2018-q2-update.win32_1.0.0.201904181610/tools/bin/../lib/gcc/arm-none-eabi/7.3.1/../../../../arm-none-eabi/lib/thumb/v7e-m/fpv4-sp/hard\libc.a(lib_a-strlen.o)
                0x0000000008008040                strlen
 .text          0x0000000008008050       0xa0 c:/st/stm32cubeide_1.3.0/stm32cubeide/plugins/com.st.stm32cube.ide.mcu.externaltools.gnu-tools-for-stm32.7-2018-q2-update.win32_1.0.0.201904181610/tools/bin/../lib/gcc/arm-none-eabi/7.3.1/../../../../arm-none-eabi/lib/thumb/v7e-m/fpv4-sp/hard\libc.a(lib_a-memchr.o)
                0x0000000008008050                memchr
 .text          0x00000000080080f0      0x378 c:/st/stm32cubeide_1.3.0/stm32cubeide/plugins/com.st.stm32cube.ide.mcu.externaltools.gnu-tools-for-stm32.7-2018-q2-update.win32_1.0.0.201904181610/tools/bin/../lib/gcc/arm-none-eabi/7.3.1/thumb/v7e-m/fpv4-sp/hard\libgcc.a(_arm_addsubdf3.o)
                0x00000000080080f0                __aeabi_drsub
                0x00000000080080f8                __aeabi_dsub
                0x00000000080080f8                __subdf3
                0x00000000080080fc                __aeabi_dadd
                0x00000000080080fc                __adddf3
                0x0000000008008374                __floatunsidf
                0x0000000008008374                __aeabi_ui2d
                0x0000000008008394                __floatsidf
                0x0000000008008394                __aeabi_i2d
                0x00000000080083b8                __aeabi_f2d
                0x00000000080083b8                __extendsfdf2
                0x00000000080083fc                __floatundidf
                0x00000000080083fc                __aeabi_ul2d
                0x000000000800840c                __floatdidf
                0x000000000800840c                __aeabi_l2d
 .text          0x0000000008008468      0x424 c:/st/stm32cubeide_1.3.0/stm32cubeide/plugins/com.st.stm32cube.ide.mcu.externaltools.gnu-tools-for-stm32.7-2018-q2-update.win32_1.0.0.201904181610/tools/bin/../lib/gcc/arm-none-eabi/7.3.1/thumb/v7e-m/fpv4-sp/hard\libgcc.a(_arm_muldivdf3.o)
                0x0000000008008468                __aeabi_dmul
                0x0000000008008468                __muldf3
                0x00000000080086bc                __divdf3
                0x00000000080086bc                __aeabi_ddiv
 .text          0x000000000800888c      0x110 c:/st/stm32cubeide_1.3.0/stm32cubeide/plugins/com.st.stm32cube.ide.mcu.externaltools.gnu-tools-for-stm32.7-2018-q2-update.win32_1.0.0.201904181610/tools/bin/../lib/gcc/arm-none-eabi/7.3.1/thumb/v7e-m/fpv4-sp/hard\libgcc.a(_arm_cmpdf2.o)
                0x000000000800888c                __gtdf2
                0x000000000800888c                __gedf2
                0x0000000008008894                __ltdf2
                0x0000000008008894                __ledf2
                0x000000000800889c                __nedf2
                0x000000000800889c                __eqdf2
                0x000000000800889c                __cmpdf2
                0x0000000008008918                __aeabi_cdrcmple
                0x0000000008008928                __aeabi_cdcmpeq
                0x0000000008008928                __aeabi_cdcmple
                0x0000000008008938                __aeabi_dcmpeq
                0x000000000800894c                __aeabi_dcmplt
                0x0000000008008960                __aeabi_dcmple
                0x0000000008008974                __aeabi_dcmpge
                0x0000000008008988                __aeabi_dcmpgt
 .text          0x000000000800899c       0x2c c:/st/stm32cubeide_1.3.0/stm32cubeide/plugins/com.st.stm32cube.ide.mcu.externaltools.gnu-tools-for-stm32.7-2018-q2-update.win32_1.0.0.201904181610/tools/bin/../lib/gcc/arm-none-eabi/7.3.1/thumb/v7e-m/fpv4-sp/hard\libgcc.a(_arm_unorddf2.o)
                0x000000000800899c                __unorddf2
                0x000000000800899c                __aeabi_dcmpun
 .text          0x00000000080089c8       0x50 c:/st/stm32cubeide_1.3.0/stm32cubeide/plugins/com.st.stm32cube.ide.mcu.externaltools.gnu-tools-for-stm32.7-2018-q2-update.win32_1.0.0.201904181610/tools/bin/../lib/gcc/arm-none-eabi/7.3.1/thumb/v7e-m/fpv4-sp/hard\libgcc.a(_arm_fixdfsi.o)
                0x00000000080089c8                __aeabi_d2iz
                0x00000000080089c8                __fixdfsi
 .text          0x0000000008008a18       0xa0 c:/st/stm32cubeide_1.3.0/stm32cubeide/plugins/com.st.stm32cube.ide.mcu.externaltools.gnu-tools-for-stm32.7-2018-q2-update.win32_1.0.0.201904181610/tools/bin/../lib/gcc/arm-none-eabi/7.3.1/thumb/v7e-m/fpv4-sp/hard\libgcc.a(_arm_truncdfsf2.o)
                0x0000000008008a18                __truncdfsf2
                0x0000000008008a18                __aeabi_d2f
 .text          0x0000000008008ab8       0x30 c:/st/stm32cubeide_1.3.0/stm32cubeide/plugins/com.st.stm32cube.ide.mcu.externaltools.gnu-tools-for-stm32.7-2018-q2-update.win32_1.0.0.201904181610/tools/bin/../lib/gcc/arm-none-eabi/7.3.1/thumb/v7e-m/fpv4-sp/hard\libgcc.a(_aeabi_uldivmod.o)
                0x0000000008008ab8                __aeabi_uldivmod
 .text          0x0000000008008ae8      0x2cc c:/st/stm32cubeide_1.3.0/stm32cubeide/plugins/com.st.stm32cube.ide.mcu.externaltools.gnu-tools-for-stm32.7-2018-q2-update.win32_1.0.0.201904181610/tools/bin/../lib/gcc/arm-none-eabi/7.3.1/thumb/v7e-m/fpv4-sp/hard\libgcc.a(_udivmoddi4.o)
                0x0000000008008ae8                __udivmoddi4
 .text          0x0000000008008db4        0x4 c:/st/stm32cubeide_1.3.0/stm32cubeide/plugins/com.st.stm32cube.ide.mcu.externaltools.gnu-tools-for-stm32.7-2018-q2-update.win32_1.0.0.201904181610/tools/bin/../lib/gcc/arm-none-eabi/7.3.1/thumb/v7e-m/fpv4-sp/hard\libgcc.a(_dvmd_tls.o)
                0x0000000008008db4                __aeabi_idiv0
                0x0000000008008db4                __aeabi_ldiv0
 *(.text*)
 .text.NVIC_Init
                0x0000000008008db8       0x5c StdPeriph_Driver/src/misc.o
                0x0000000008008db8                NVIC_Init
 .text.ADC_Init
                0x0000000008008e14       0x4c StdPeriph_Driver/src/stm32f4xx_adc.o
                0x0000000008008e14                ADC_Init
 .text.ADC_CommonInit
                0x0000000008008e60       0x28 StdPeriph_Driver/src/stm32f4xx_adc.o
                0x0000000008008e60                ADC_CommonInit
 .text.ADC_Cmd  0x0000000008008e88       0x14 StdPeriph_Driver/src/stm32f4xx_adc.o
                0x0000000008008e88                ADC_Cmd
 .text.ADC_RegularChannelConfig
                0x0000000008008e9c       0x8c StdPeriph_Driver/src/stm32f4xx_adc.o
                0x0000000008008e9c                ADC_RegularChannelConfig
 .text.ADC_SoftwareStartConv
                0x0000000008008f28        0xc StdPeriph_Driver/src/stm32f4xx_adc.o
                0x0000000008008f28                ADC_SoftwareStartConv
 .text.ADC_DMACmd
                0x0000000008008f34       0x14 StdPeriph_Driver/src/stm32f4xx_adc.o
                0x0000000008008f34                ADC_DMACmd
 .text.ADC_DMARequestAfterLastTransferCmd
                0x0000000008008f48       0x14 StdPeriph_Driver/src/stm32f4xx_adc.o
                0x0000000008008f48                ADC_DMARequestAfterLastTransferCmd
 .text.DMA_Init
                0x0000000008008f5c       0x58 StdPeriph_Driver/src/stm32f4xx_dma.o
                0x0000000008008f5c                DMA_Init
 .text.DMA_Cmd  0x0000000008008fb4       0x14 StdPeriph_Driver/src/stm32f4xx_dma.o
                0x0000000008008fb4                DMA_Cmd
 .text.DMA_GetCmdStatus
                0x0000000008008fc8        0x8 StdPeriph_Driver/src/stm32f4xx_dma.o
                0x0000000008008fc8                DMA_GetCmdStatus
 .text.DMA_ITConfig
                0x0000000008008fd0       0x40 StdPeriph_Driver/src/stm32f4xx_dma.o
                0x0000000008008fd0                DMA_ITConfig
 .text.DMA_GetITStatus
                0x0000000008009010       0x54 StdPeriph_Driver/src/stm32f4xx_dma.o
                0x0000000008009010                DMA_GetITStatus
 .text.DMA_ClearITPendingBit
                0x0000000008009064       0x30 StdPeriph_Driver/src/stm32f4xx_dma.o
                0x0000000008009064                DMA_ClearITPendingBit
 .text.FLASH_Unlock
                0x0000000008009094       0x20 StdPeriph_Driver/src/stm32f4xx_flash.o
                0x0000000008009094                FLASH_Unlock
 .text.FLASH_Lock
                0x00000000080090b4       0x10 StdPeriph_Driver/src/stm32f4xx_flash.o
                0x00000000080090b4                FLASH_Lock
 .text.FLASH_WaitForLastOperation
                0x00000000080090c4       0xa8 StdPeriph_Driver/src/stm32f4xx_flash.o
                0x00000000080090c4                FLASH_WaitForLastOperation
 .text.FLASH_EraseSector
                0x000000000800916c      0x110 StdPeriph_Driver/src/stm32f4xx_flash.o
                0x000000000800916c                FLASH_EraseSector
 .text.FLASH_ProgramByte
                0x000000000800927c       0xdc StdPeriph_Driver/src/stm32f4xx_flash.o
                0x000000000800927c                FLASH_ProgramByte
 .text.FMC_NORSRAMInit
                0x0000000008009358       0xfc StdPeriph_Driver/src/stm32f4xx_fmc.o
                0x0000000008009358                FMC_NORSRAMInit
 .text.FMC_NORSRAMCmd
                0x0000000008009454       0x20 StdPeriph_Driver/src/stm32f4xx_fmc.o
                0x0000000008009454                FMC_NORSRAMCmd
 .text.GPIO_Init
                0x0000000008009474       0x9c StdPeriph_Driver/src/stm32f4xx_gpio.o
                0x0000000008009474                GPIO_Init
 .text.GPIO_ReadInputDataBit
                0x0000000008009510        0xc StdPeriph_Driver/src/stm32f4xx_gpio.o
                0x0000000008009510                GPIO_ReadInputDataBit
 .text.GPIO_SetBits
                0x000000000800951c        0x4 StdPeriph_Driver/src/stm32f4xx_gpio.o
                0x000000000800951c                GPIO_SetBits
 .text.GPIO_ResetBits
                0x0000000008009520        0x4 StdPeriph_Driver/src/stm32f4xx_gpio.o
                0x0000000008009520                GPIO_ResetBits
 .text.GPIO_WriteBit
                0x0000000008009524        0xc StdPeriph_Driver/src/stm32f4xx_gpio.o
                0x0000000008009524                GPIO_WriteBit
 .text.GPIO_PinAFConfig
                0x0000000008009530       0x2c StdPeriph_Driver/src/stm32f4xx_gpio.o
                0x0000000008009530                GPIO_PinAFConfig
 .text.RCC_GetClocksFreq
                0x000000000800955c       0x90 StdPeriph_Driver/src/stm32f4xx_rcc.o
                0x000000000800955c                RCC_GetClocksFreq
 .text.RCC_AHB1PeriphClockCmd
                0x00000000080095ec       0x18 StdPeriph_Driver/src/stm32f4xx_rcc.o
                0x00000000080095ec                RCC_AHB1PeriphClockCmd
 .text.RCC_AHB3PeriphClockCmd
                0x0000000008009604       0x18 StdPeriph_Driver/src/stm32f4xx_rcc.o
                0x0000000008009604                RCC_AHB3PeriphClockCmd
 .text.RCC_APB1PeriphClockCmd
                0x000000000800961c       0x18 StdPeriph_Driver/src/stm32f4xx_rcc.o
                0x000000000800961c                RCC_APB1PeriphClockCmd
 .text.RCC_APB2PeriphClockCmd
                0x0000000008009634       0x18 StdPeriph_Driver/src/stm32f4xx_rcc.o
                0x0000000008009634                RCC_APB2PeriphClockCmd
 .text.SPI_Init
                0x000000000800964c       0x40 StdPeriph_Driver/src/stm32f4xx_spi.o
                0x000000000800964c                SPI_Init
 .text.SPI_StructInit
                0x000000000800968c       0x10 StdPeriph_Driver/src/stm32f4xx_spi.o
                0x000000000800968c                SPI_StructInit
 .text.SPI_Cmd  0x000000000800969c       0x18 StdPeriph_Driver/src/stm32f4xx_spi.o
                0x000000000800969c                SPI_Cmd
 .text.SPI_I2S_ReceiveData
                0x00000000080096b4        0x4 StdPeriph_Driver/src/stm32f4xx_spi.o
                0x00000000080096b4                SPI_I2S_ReceiveData
 .text.SPI_I2S_SendData
                0x00000000080096b8        0x4 StdPeriph_Driver/src/stm32f4xx_spi.o
                0x00000000080096b8                SPI_I2S_SendData
 .text.SPI_I2S_GetFlagStatus
                0x00000000080096bc        0xc StdPeriph_Driver/src/stm32f4xx_spi.o
                0x00000000080096bc                SPI_I2S_GetFlagStatus
 .text.TIM_TimeBaseInit
                0x00000000080096c8       0x94 StdPeriph_Driver/src/stm32f4xx_tim.o
                0x00000000080096c8                TIM_TimeBaseInit
 .text.TIM_Cmd  0x000000000800975c       0x18 StdPeriph_Driver/src/stm32f4xx_tim.o
                0x000000000800975c                TIM_Cmd
 .text.TIM_ITConfig
                0x0000000008009774       0x14 StdPeriph_Driver/src/stm32f4xx_tim.o
                0x0000000008009774                TIM_ITConfig
 .text.TIM_GetITStatus
                0x0000000008009788       0x18 StdPeriph_Driver/src/stm32f4xx_tim.o
                0x0000000008009788                TIM_GetITStatus
 .text.TIM_ClearITPendingBit
                0x00000000080097a0        0x8 StdPeriph_Driver/src/stm32f4xx_tim.o
                0x00000000080097a0                TIM_ClearITPendingBit
 .text.USART_Init
                0x00000000080097a8       0xc0 StdPeriph_Driver/src/stm32f4xx_usart.o
                0x00000000080097a8                USART_Init
 .text.USART_Cmd
                0x0000000008009868       0x18 StdPeriph_Driver/src/stm32f4xx_usart.o
                0x0000000008009868                USART_Cmd
 .text.USART_ReceiveData
                0x0000000008009880        0x8 StdPeriph_Driver/src/stm32f4xx_usart.o
                0x0000000008009880                USART_ReceiveData
 .text.USART_DMACmd
                0x0000000008009888       0x14 StdPeriph_Driver/src/stm32f4xx_usart.o
                0x0000000008009888                USART_DMACmd
 .text.USART_ITConfig
                0x000000000800989c       0x3c StdPeriph_Driver/src/stm32f4xx_usart.o
                0x000000000800989c                USART_ITConfig
 .text.USART_ClearFlag
                0x00000000080098d8        0x8 StdPeriph_Driver/src/stm32f4xx_usart.o
                0x00000000080098d8                USART_ClearFlag
 .text.dsp7_ADC3_Init
                0x00000000080098e0      0x10c src/adc3_dma.o
                0x00000000080098e0                dsp7_ADC3_Init
 .text.ui16_Read_ADC3_ConvertedValue
                0x00000000080099ec       0x48 src/adc3_dma.o
                0x00000000080099ec                ui16_Read_ADC3_ConvertedValue
 .text.DMA2_Stream1_IRQHandler
                0x0000000008009a34       0x30 src/adc3_dma.o
                0x0000000008009a34                DMA2_Stream1_IRQHandler
 .text.isADC3ConvReady
                0x0000000008009a64       0x10 src/adc3_dma.o
                0x0000000008009a64                isADC3ConvReady
 .text.dsp7_ADC_Init
                0x0000000008009a74      0x1b8 src/adc_dma.o
                0x0000000008009a74                dsp7_ADC_Init
 .text.ui16_Read_ADC1_ConvertedValue
                0x0000000008009c2c       0x54 src/adc_dma.o
                0x0000000008009c2c                ui16_Read_ADC1_ConvertedValue
 .text.ui16_Read_ADC1_ConvertedValueSmooth
                0x0000000008009c80       0xf4 src/adc_dma.o
                0x0000000008009c80                ui16_Read_ADC1_ConvertedValueSmooth
 .text.ui16_Read_ADC_ConvertedPeakValue
                0x0000000008009d74       0x4c src/adc_dma.o
                0x0000000008009d74                ui16_Read_ADC_ConvertedPeakValue
 .text.ui16_Read_ADC_ConvertedPeakValue_noHold
                0x0000000008009dc0       0x38 src/adc_dma.o
                0x0000000008009dc0                ui16_Read_ADC_ConvertedPeakValue_noHold
 .text.clear_peakvals
                0x0000000008009df8       0x10 src/adc_dma.o
                0x0000000008009df8                clear_peakvals
 .text.DMA2_Stream0_IRQHandler
                0x0000000008009e08       0x30 src/adc_dma.o
                0x0000000008009e08                DMA2_Stream0_IRQHandler
 .text.isAdcConvReady
                0x0000000008009e38       0x14 src/adc_dma.o
                0x0000000008009e38                isAdcConvReady
 .text.adc_calculate_raw_values
                0x0000000008009e4c       0x70 src/adc_getvals.o
                0x0000000008009e4c                adc_calculate_raw_values
 *fill*         0x0000000008009ebc        0x4 
 .text.adc_calculate_values
                0x0000000008009ec0      0x1d4 src/adc_getvals.o
                0x0000000008009ec0                adc_calculate_values
 .text.draw_touchbuttons_antswitch
                0x000000000800a094       0x3c src/antsel.o
                0x000000000800a094                draw_touchbuttons_antswitch
 .text.showSelectedBandsForAntenna
                0x000000000800a0d0      0x3bc src/antsel.o
                0x000000000800a0d0                showSelectedBandsForAntenna
 .text.do_button_antsw
                0x000000000800a48c      0x108 src/antsel.o
                0x000000000800a48c                do_button_antsw
 .text.draw_antswmenu
                0x000000000800a594      0x11c src/antsel.o
                0x000000000800a594                draw_antswmenu
 .text.antennaswitch
                0x000000000800a6b0       0x74 src/antsel.o
                0x000000000800a6b0                antennaswitch
 .text.select_band
                0x000000000800a724       0x2c src/bandsel.o
                0x000000000800a724                select_band
 .text.activate_bandtouchbutton
                0x000000000800a750      0x158 src/bandsel.o
                0x000000000800a750                activate_bandtouchbutton
 .text.autoband_off
                0x000000000800a8a8      0x15c src/bandsel.o
                0x000000000800a8a8                autoband_off
 *fill*         0x000000000800aa04        0x4 
 .text.getBandindex
                0x000000000800aa08      0x200 src/bandsel.o
                0x000000000800aa08                getBandindex
 .text.bandselection
                0x000000000800ac08      0x9ac src/bandsel.o
                0x000000000800ac08                bandselection
 .text.show_bar
                0x000000000800b5b4      0x1c8 src/bargraph.o
                0x000000000800b5b4                show_bar
 .text.fill_bar
                0x000000000800b77c      0x28c src/bargraph.o
                0x000000000800b77c                fill_bar
 .text.makeLabelEntries_linear.constprop.2
                0x000000000800ba08       0xa0 src/bargraph_defines.o
 .text.makeLabelEntries_linear.constprop.3
                0x000000000800baa8       0xa0 src/bargraph_defines.o
 .text.makeLabelEntries_Power
                0x000000000800bb48      0x1d4 src/bargraph_defines.o
                0x000000000800bb48                makeLabelEntries_Power
 .text.makeLabelEntries_linear
                0x000000000800bd1c      0x1d0 src/bargraph_defines.o
                0x000000000800bd1c                makeLabelEntries_linear
 .text.init_bars
                0x000000000800beec     0x12b0 src/bargraph_defines.o
                0x000000000800beec                init_bars
 .text.show_mainbars
                0x000000000800d19c       0x70 src/bargraph_defines.o
                0x000000000800d19c                show_mainbars
 .text.show_bigbars
                0x000000000800d20c       0x1c src/bargraph_defines.o
                0x000000000800d20c                show_bigbars
 .text.show_bridge_bars
                0x000000000800d228       0x44 src/bargraph_defines.o
                0x000000000800d228                show_bridge_bars
 .text.draw_buttons_calib.part.0
                0x000000000800d26c       0xc4 src/calib.o
 .text.drawCalibVppHelp
                0x000000000800d330       0xd8 src/calib.o
                0x000000000800d330                drawCalibVppHelp
 .text.draw_calib_buttons
                0x000000000800d408      0x1dc src/calib.o
                0x000000000800d408                draw_calib_buttons
 .text.draw_menu_calib
                0x000000000800d5e4      0x20c src/calib.o
                0x000000000800d5e4                draw_menu_calib
 .text.calib_touch
                0x000000000800d7f0       0xdc src/calib.o
                0x000000000800d7f0                calib_touch
 .text.calib_changevalue
                0x000000000800d8cc      0x15c src/calib.o
                0x000000000800d8cc                calib_changevalue
 .text.calib_readvalue
                0x000000000800da28       0xb4 src/calib.o
                0x000000000800da28                calib_readvalue
 .text.do_button_calib
                0x000000000800dadc       0x90 src/calib.o
                0x000000000800dadc                do_button_calib
 .text.calibvalsOK
                0x000000000800db6c       0xa0 src/calib.o
                0x000000000800db6c                calibvalsOK
 .text.control  0x000000000800dc0c      0x538 src/controller.o
                0x000000000800dc0c                control
 .text.emergency_silent
                0x000000000800e144       0x28 src/controller.o
                0x000000000800e144                emergency_silent
 .text.emergency
                0x000000000800e16c       0x28 src/controller.o
                0x000000000800e16c                emergency
 .text.fan_timer
                0x000000000800e194       0x74 src/fan.o
                0x000000000800e194                fan_timer
 .text.do_fan   0x000000000800e208      0x11c src/fan.o
                0x000000000800e208                do_fan
 .text.copy_ram_to_flash
                0x000000000800e324      0x128 src/flashdata.o
                0x000000000800e324                copy_ram_to_flash
 .text.setDefaults
                0x000000000800e44c       0xf0 src/flashdata.o
                0x000000000800e44c                setDefaults
 .text.copy_flash_to_ram
                0x000000000800e53c      0x25c src/flashdata.o
                0x000000000800e53c                copy_flash_to_ram
 .text.crc16_messagecalc
                0x000000000800e798       0xa8 src/flashdata.o
                0x000000000800e798                crc16_messagecalc
 .text.init_freq_meas
                0x000000000800e840       0xc0 src/freq_meas.o
                0x000000000800e840                init_freq_meas
 .text.TIM6_DAC_IRQHandler
                0x000000000800e900       0x68 src/freq_meas.o
                0x000000000800e900                TIM6_DAC_IRQHandler
 .text.init_GPIOs
                0x000000000800e968      0x108 src/gpio.o
                0x000000000800e968                init_GPIOs
 .text.read_GPIOs
                0x000000000800ea70      0x150 src/gpio.o
                0x000000000800ea70                read_GPIOs
 .text.set_GPIO
                0x000000000800ebc0      0x17c src/gpio.o
                0x000000000800ebc0                set_GPIO
 .text.rotaryswitch_installed
                0x000000000800ed3c        0x4 src/gpio.o
                0x000000000800ed3c                rotaryswitch_installed
 .text.process_extbuttons
                0x000000000800ed40        0x4 src/gpio.o
                0x000000000800ed40                process_extbuttons
 .text.show_histdata.part.1
                0x000000000800ed44      0x3c4 src/history.o
 .text.hist_drawcoord
                0x000000000800f108      0x42c src/history.o
                0x000000000800f108                hist_drawcoord
 .text.hist_draw_frame
                0x000000000800f534       0x20 src/history.o
                0x000000000800f534                hist_draw_frame
 .text.hist_insertdata
                0x000000000800f554       0xe8 src/history.o
                0x000000000800f554                hist_insertdata
 .text.do_button_history
                0x000000000800f63c       0x9c src/history.o
                0x000000000800f63c                do_button_history
 .text.draw_forward
                0x000000000800f6d8      0x1f0 src/instrument.o
                0x000000000800f6d8                draw_forward
 .text.draw_reverse
                0x000000000800f8c8      0x1bc src/instrument.o
                0x000000000800f8c8                draw_reverse
 .text.draw_needle
                0x000000000800fa84       0xa0 src/instrument.o
                0x000000000800fa84                draw_needle
 *fill*         0x000000000800fb24        0x4 
 .text.printFwdScaleValue
                0x000000000800fb28      0x18c src/instrument.o
                0x000000000800fb28                printFwdScaleValue
 *fill*         0x000000000800fcb4        0x4 
 .text.printRevScaleValue
                0x000000000800fcb8      0x168 src/instrument.o
                0x000000000800fcb8                printRevScaleValue
 .text.draw_scale
                0x000000000800fe20      0x2b0 src/instrument.o
                0x000000000800fe20                draw_scale
 .text.setup_instrument
                0x00000000080100d0       0x64 src/instrument.o
                0x00000000080100d0                setup_instrument
 .text.getLang  0x0000000008010134       0x34 src/language.o
                0x0000000008010134                getLang
 .text.getLangadd
                0x0000000008010168       0x4c src/language.o
                0x0000000008010168                getLangadd
 .text.init_LEDs
                0x00000000080101b4       0x5c src/led.o
                0x00000000080101b4                init_LEDs
 .text.set_LED  0x0000000008010210       0x50 src/led.o
                0x0000000008010210                set_LED
 .text.startup.main
                0x0000000008010260       0x74 src/main.o
                0x0000000008010260                main
 .text.mainloop
                0x00000000080102d4       0xb4 src/mainloop.o
                0x00000000080102d4                mainloop
 .text.switchto_emergencymode
                0x0000000008010388       0x54 src/menu.o
                0x0000000008010388                switchto_emergencymode
 .text.switchto_active
                0x00000000080103dc       0x94 src/menu.o
                0x00000000080103dc                switchto_active
 .text.switchto_standby
                0x0000000008010470       0x34 src/menu.o
                0x0000000008010470                switchto_standby
 .text.show_selectionmenu
                0x00000000080104a4      0x1d4 src/menu.o
                0x00000000080104a4                show_selectionmenu
 .text.draw_menu_bridges
                0x0000000008010678      0x204 src/menu.o
                0x0000000008010678                draw_menu_bridges
 .text.draw_menu_adcvals
                0x000000000801087c       0xd4 src/menu.o
                0x000000000801087c                draw_menu_adcvals
 .text.draw_menu_realvals
                0x0000000008010950       0xd8 src/menu.o
                0x0000000008010950                draw_menu_realvals
 .text.draw_menu_status
                0x0000000008010a28      0x294 src/menu.o
                0x0000000008010a28                draw_menu_status
 .text.draw_menu_switch
                0x0000000008010cbc      0x27c src/menu.o
                0x0000000008010cbc                draw_menu_switch
 .text.draw_menu_antsw
                0x0000000008010f38       0xb0 src/menu.o
                0x0000000008010f38                draw_menu_antsw
 .text.draw_values_overviewbar
                0x0000000008010fe8      0x130 src/menu.o
                0x0000000008010fe8                draw_values_overviewbar
 .text.draw_value_bridges
                0x0000000008011118      0x2e0 src/menu.o
                0x0000000008011118                draw_value_bridges
 .text.draw_values_realvals
                0x00000000080113f8      0x348 src/menu.o
                0x00000000080113f8                draw_values_realvals
 .text.draw_values_status
                0x0000000008011740      0xdac src/menu.o
                0x0000000008011740                draw_values_status
 .text.switch_outputs
                0x00000000080124ec      0x130 src/menu.o
                0x00000000080124ec                switch_outputs
 .text.draw_values_switch
                0x000000000801261c      0x5c4 src/menu.o
                0x000000000801261c                draw_values_switch
 .text.touchcal
                0x0000000008012be0      0x230 src/menu.o
                0x0000000008012be0                touchcal
 .text.draw_values_touch
                0x0000000008012e10      0x148 src/menu.o
                0x0000000008012e10                draw_values_touch
 .text.draw_menu_emergency
                0x0000000008012f58      0x100 src/menu.o
                0x0000000008012f58                draw_menu_emergency
 .text.draw_menu_bar
                0x0000000008013058      0x17c src/menu.o
                0x0000000008013058                draw_menu_bar
 .text.draw_values_bigbar
                0x00000000080131d4      0x3a0 src/menu.o
                0x00000000080131d4                draw_values_bigbar
 .text.draw_values_meter
                0x0000000008013574      0x3f4 src/menu.o
                0x0000000008013574                draw_values_meter
 .text.draw_menu_meter
                0x0000000008013968      0x170 src/menu.o
                0x0000000008013968                draw_menu_meter
 .text.draw_menu_frame
                0x0000000008013ad8      0x144 src/menu.o
                0x0000000008013ad8                draw_menu_frame
 .text.switchto_ON
                0x0000000008013c1c       0x64 src/menu.o
                0x0000000008013c1c                switchto_ON
 .text.draw_menu_startup
                0x0000000008013c80      0x134 src/menu.o
                0x0000000008013c80                draw_menu_startup
 .text.process_button
                0x0000000008013db4      0x588 src/menu.o
                0x0000000008013db4                process_button
 .text.selection_menu
                0x000000000801433c      0x218 src/menu.o
                0x000000000801433c                selection_menu
 .text.draw_values
                0x0000000008014554      0x100 src/menu.o
                0x0000000008014554                draw_values
 .text.statusline
                0x0000000008014654      0x2d8 src/menu.o
                0x0000000008014654                statusline
 .text.messagebox
                0x000000000801492c       0xcc src/messagebox.o
                0x000000000801492c                messagebox
 .text.calc_temp
                0x00000000080149f8      0x11c src/ntc.o
                0x00000000080149f8                calc_temp
 .text.lin_log  0x0000000008014b14       0x9c src/powerlog.o
                0x0000000008014b14                lin_log
 .text.lin_log_percent_swr
                0x0000000008014bb0       0xa0 src/powerlog.o
                0x0000000008014bb0                lin_log_percent_swr
 .text.log_percent
                0x0000000008014c50       0x9c src/powerlog.o
                0x0000000008014c50                log_percent
 .text.getMaxPower
                0x0000000008014cec       0x18 src/powerlog.o
                0x0000000008014cec                getMaxPower
 .text.getMaxDrvPower
                0x0000000008014d04       0x1c src/powerlog.o
                0x0000000008014d04                getMaxDrvPower
 .text.calc_psvals
                0x0000000008014d20      0x334 src/pwrswr.o
                0x0000000008014d20                calc_psvals
 .text.calc_PwrBridges
                0x0000000008015054       0xb0 src/pwrswr.o
                0x0000000008015054                calc_PwrBridges
 .text.init_setup_buttons
                0x0000000008015104       0xcc src/setup.o
                0x0000000008015104                init_setup_buttons
 .text.setup_drawvalues
                0x00000000080151d0      0x17c src/setup.o
                0x00000000080151d0                setup_drawvalues
 .text.draw_menu_setup
                0x000000000801534c       0xfc src/setup.o
                0x000000000801534c                draw_menu_setup
 .text.setup_changevalue
                0x0000000008015448      0x12c src/setup.o
                0x0000000008015448                setup_changevalue
 .text.do_button_setup
                0x0000000008015574       0xe4 src/setup.o
                0x0000000008015574                do_button_setup
 .text.store_autoband
                0x0000000008015658       0x9c src/smallflash.o
                0x0000000008015658                store_autoband
 .text.store_startmenu
                0x00000000080156f4       0x80 src/smallflash.o
                0x00000000080156f4                store_startmenu
 .text.restore_smallflash_data
                0x0000000008015774       0x54 src/smallflash.o
                0x0000000008015774                restore_smallflash_data
 .text._sbrk    0x00000000080157c8       0x3c src/syscalls.o
                0x00000000080157c8                _sbrk
 .text.setDisplayReverse
                0x0000000008015804       0x24 src/system.o
                0x0000000008015804                setDisplayReverse
 .text.init_system_buttons
                0x0000000008015828       0xcc src/system.o
                0x0000000008015828                init_system_buttons
 .text.draw_values_system
                0x00000000080158f4      0x1f4 src/system.o
                0x00000000080158f4                draw_values_system
 .text.draw_menu_system
                0x0000000008015ae8       0xc8 src/system.o
                0x0000000008015ae8                draw_menu_system
 .text.changeValue
                0x0000000008015bb0       0x28 src/system.o
                0x0000000008015bb0                changeValue
 .text.system_changevalue
                0x0000000008015bd8      0x1b4 src/system.o
                0x0000000008015bd8                system_changevalue
 .text.do_button_system
                0x0000000008015d8c       0xc4 src/system.o
                0x0000000008015d8c                do_button_system
 .text.init_system_buttons2
                0x0000000008015e50       0xa0 src/system2.o
                0x0000000008015e50                init_system_buttons2
 .text.draw_values_system2
                0x0000000008015ef0      0x144 src/system2.o
                0x0000000008015ef0                draw_values_system2
 .text.draw_menu_system2
                0x0000000008016034       0x90 src/system2.o
                0x0000000008016034                draw_menu_system2
 .text.system_changevalue2
                0x00000000080160c4       0xd8 src/system2.o
                0x00000000080160c4                system_changevalue2
 .text.do_button_system2
                0x000000000801619c       0xb4 src/system2.o
                0x000000000801619c                do_button_system2
 .text.SystemInit
                0x0000000008016250      0x11c src/system_stm32f4xx.o
                0x0000000008016250                SystemInit
 .text.TFT_setRegion
                0x000000000801636c       0x68 src/tft_highlevel.o
                0x000000000801636c                TFT_setRegion
 .text.TFT_Fill_Rectangle
                0x00000000080163d4       0xa8 src/tft_highlevel.o
                0x00000000080163d4                TFT_Fill_Rectangle
 .text.TFT_Fill_Screen
                0x000000000801647c       0x50 src/tft_highlevel.o
                0x000000000801647c                TFT_Fill_Screen
 .text.TFT_Hor_Line
                0x00000000080164cc       0xe4 src/tft_highlevel.o
                0x00000000080164cc                TFT_Hor_Line
 .text.TFT_Vert_Line
                0x00000000080165b0       0xf4 src/tft_highlevel.o
                0x00000000080165b0                TFT_Vert_Line
 .text.TFT_DrawLine
                0x00000000080166a4      0x1ac src/tft_highlevel.o
                0x00000000080166a4                TFT_DrawLine
 .text.TFT_DrawLine_aboveY
                0x0000000008016850      0x178 src/tft_highlevel.o
                0x0000000008016850                TFT_DrawLine_aboveY
 .text.TFT_DeleteLastLine
                0x00000000080169c8      0x15c src/tft_highlevel.o
                0x00000000080169c8                TFT_DeleteLastLine
 .text.TFT_Rectangle
                0x0000000008016b24      0x290 src/tft_highlevel.o
                0x0000000008016b24                TFT_Rectangle
 *fill*         0x0000000008016db4        0x4 
 .text.TFT_PolarToKartesian
                0x0000000008016db8       0xb4 src/tft_highlevel.o
                0x0000000008016db8                TFT_PolarToKartesian
 .text.tft_copy_sd_to_flash
                0x0000000008016e6c      0x144 src/tft_highlevel.o
                0x0000000008016e6c                tft_copy_sd_to_flash
 .text.copy_bmp_to_flash
                0x0000000008016fb0      0x1d0 src/tft_highlevel.o
                0x0000000008016fb0                copy_bmp_to_flash
 .text.TFT_DrawFlash
                0x0000000008017180      0x228 src/tft_highlevel.o
                0x0000000008017180                TFT_DrawFlash
 .text.TFT_CtrlLinesConfig
                0x00000000080173a8      0x140 src/tft_lowlevel.o
                0x00000000080173a8                TFT_CtrlLinesConfig
 .text.SSD1963_Init1
                0x00000000080174e8      0x14c src/tft_lowlevel.o
                0x00000000080174e8                SSD1963_Init1
 .text.init_TFT_and_Perif
                0x0000000008017634       0x70 src/tft_lowlevel.o
                0x0000000008017634                init_TFT_and_Perif
 .text.setDisplayamKopf
                0x00000000080176a4       0x28 src/tft_lowlevel.o
                0x00000000080176a4                setDisplayamKopf
 .text.TIM3_IRQHandler
                0x00000000080176cc       0xbc src/tick1ms.o
                0x00000000080176cc                TIM3_IRQHandler
 .text.TIM3_Initialization
                0x0000000008017788       0x54 src/tick1ms.o
                0x0000000008017788                TIM3_Initialization
 .text.delay_1ms
                0x00000000080177dc       0x14 src/tick1ms.o
                0x00000000080177dc                delay_1ms
 .text.set_Downcounter
                0x00000000080177f0        0xc src/tick1ms.o
                0x00000000080177f0                set_Downcounter
 .text.check_Downcounter
                0x00000000080177fc        0xc src/tick1ms.o
                0x00000000080177fc                check_Downcounter
 .text.set_touchref
                0x0000000008017808       0x54 src/touch_xsp2046.o
                0x0000000008017808                set_touchref
 .text.touch_init
                0x000000000801785c       0xa8 src/touch_xsp2046.o
                0x000000000801785c                touch_init
 .text.XPT2046_GetAdXY
                0x0000000008017904      0x8cc src/touch_xsp2046.o
                0x0000000008017904                XPT2046_GetAdXY
 .text.init_touchbuttons
                0x00000000080181d0     0x16c4 src/touchbutton.o
                0x00000000080181d0                init_touchbuttons
 .text.setup_touchbutton_presscolor
                0x0000000008019894        0x4 src/touchbutton.o
                0x0000000008019894                setup_touchbutton_presscolor
 .text.setup_touchbutton
                0x0000000008019898       0xac src/touchbutton.o
                0x0000000008019898                setup_touchbutton
 .text.blink_touchbutton
                0x0000000008019944      0x164 src/touchbutton.o
                0x0000000008019944                blink_touchbutton
 .text.draw_touchbutton
                0x0000000008019aa8       0x7c src/touchbutton.o
                0x0000000008019aa8                draw_touchbutton
 .text.draw_touchbuttons_history
                0x0000000008019b24       0xa0 src/touchbutton.o
                0x0000000008019b24                draw_touchbuttons_history
 .text.draw_touchbuttons_bottom
                0x0000000008019bc4       0xa0 src/touchbutton.o
                0x0000000008019bc4                draw_touchbuttons_bottom
 .text.draw_touchbuttons_mainmenu
                0x0000000008019c64      0x104 src/touchbutton.o
                0x0000000008019c64                draw_touchbuttons_mainmenu
 .text.process_touchbuttons
                0x0000000008019d68      0x1b8 src/touchbutton.o
                0x0000000008019d68                process_touchbuttons
 .text.init_wifi_uart
                0x0000000008019f20       0xf4 src/uart.o
                0x0000000008019f20                init_wifi_uart
 .text.DMA1_Stream6_IRQHandler
                0x000000000801a014       0x24 src/uart.o
                0x000000000801a014                DMA1_Stream6_IRQHandler
 .text.USART2_IRQHandler
                0x000000000801a038       0x38 src/uart.o
                0x000000000801a038                USART2_IRQHandler
 .text.wifi_send
                0x000000000801a070       0x7c src/uart.o
                0x000000000801a070                wifi_send
 .text.init_CIV_uart
                0x000000000801a0ec       0xf4 src/uart_civ.o
                0x000000000801a0ec                init_CIV_uart
 .text.DMA2_Stream7_IRQHandler
                0x000000000801a1e0       0x24 src/uart_civ.o
                0x000000000801a1e0                DMA2_Stream7_IRQHandler
 .text.civ_request_frequency
                0x000000000801a204       0xfc src/uart_civ.o
                0x000000000801a204                civ_request_frequency
 .text.handle_civrx
                0x000000000801a300      0x110 src/uart_civ.o
                0x000000000801a300                handle_civrx
 .text.USART1_IRQHandler
                0x000000000801a410       0x38 src/uart_civ.o
                0x000000000801a410                USART1_IRQHandler
 .text.getCIVfreq
                0x000000000801a448       0x40 src/uart_civ.o
                0x000000000801a448                getCIVfreq
 .text.insert_pwrswr
                0x000000000801a488      0x18c src/wifi_if.o
                0x000000000801a488                insert_pwrswr
 .text.build_wifi_data
                0x000000000801a614      0x18c src/wifi_if.o
                0x000000000801a614                build_wifi_data
 .text.wifi     0x000000000801a7a0      0x19c src/wifi_if.o
                0x000000000801a7a0                wifi
 .text.handle_wifi
                0x000000000801a93c      0x140 src/wifi_if.o
                0x000000000801a93c                handle_wifi
 .text.check_wifi_commands
                0x000000000801aa7c       0x4c src/wifi_if.o
                0x000000000801aa7c                check_wifi_commands
 .text.TM_FATFS_SPI_FLASH_disk_write
                0x000000000801aac8        0x4 src/fatfs/diskio.o
                0x000000000801aac8                TM_FATFS_SPI_FLASH_disk_write
 .text.TM_FATFS_USB_disk_read
                0x000000000801aacc        0x4 src/fatfs/diskio.o
                0x000000000801aacc                TM_FATFS_USB_disk_read
 .text.TM_FATFS_SDRAM_disk_read
                0x000000000801aad0        0x4 src/fatfs/diskio.o
                0x000000000801aad0                TM_FATFS_SDRAM_disk_read
 .text.TM_FATFS_SPI_FLASH_disk_read
                0x000000000801aad4        0x4 src/fatfs/diskio.o
                0x000000000801aad4                TM_FATFS_SPI_FLASH_disk_read
 .text.TM_FATFS_USB_disk_write
                0x000000000801aad8        0x4 src/fatfs/diskio.o
                0x000000000801aad8                TM_FATFS_USB_disk_write
 .text.TM_FATFS_SDRAM_disk_write
                0x000000000801aadc        0x4 src/fatfs/diskio.o
                0x000000000801aadc                TM_FATFS_SDRAM_disk_write
 .text.TM_FATFS_USB_disk_ioctl
                0x000000000801aae0        0x4 src/fatfs/diskio.o
                0x000000000801aae0                TM_FATFS_USB_disk_ioctl
 .text.TM_FATFS_SDRAM_disk_ioctl
                0x000000000801aae4        0x4 src/fatfs/diskio.o
                0x000000000801aae4                TM_FATFS_SDRAM_disk_ioctl
 .text.TM_FATFS_SPI_FLASH_disk_ioctl
                0x000000000801aae8        0x4 src/fatfs/diskio.o
                0x000000000801aae8                TM_FATFS_SPI_FLASH_disk_ioctl
 .text.TM_FATFS_USB_disk_initialize
                0x000000000801aaec        0x4 src/fatfs/diskio.o
                0x000000000801aaec                TM_FATFS_USB_disk_initialize
 .text.TM_FATFS_SDRAM_disk_initialize
                0x000000000801aaf0        0x4 src/fatfs/diskio.o
                0x000000000801aaf0                TM_FATFS_SDRAM_disk_initialize
 .text.TM_FATFS_SPI_FLASH_disk_initialize
                0x000000000801aaf4        0x4 src/fatfs/diskio.o
                0x000000000801aaf4                TM_FATFS_SPI_FLASH_disk_initialize
 .text.TM_FATFS_USB_disk_status
                0x000000000801aaf8        0x4 src/fatfs/diskio.o
                0x000000000801aaf8                TM_FATFS_USB_disk_status
 .text.TM_FATFS_SDRAM_disk_status
                0x000000000801aafc        0x4 src/fatfs/diskio.o
                0x000000000801aafc                TM_FATFS_SDRAM_disk_status
 .text.TM_FATFS_SPI_FLASH_disk_status
                0x000000000801ab00        0x4 src/fatfs/diskio.o
                0x000000000801ab00                TM_FATFS_SPI_FLASH_disk_status
 .text.disk_initialize
                0x000000000801ab04       0x18 src/fatfs/diskio.o
                0x000000000801ab04                disk_initialize
 .text.disk_status
                0x000000000801ab1c       0x18 src/fatfs/diskio.o
                0x000000000801ab1c                disk_status
 .text.disk_read
                0x000000000801ab34       0x30 src/fatfs/diskio.o
                0x000000000801ab34                disk_read
 .text.disk_write
                0x000000000801ab64       0x30 src/fatfs/diskio.o
                0x000000000801ab64                disk_write
 .text.disk_ioctl
                0x000000000801ab94       0x1c src/fatfs/diskio.o
                0x000000000801ab94                disk_ioctl
 .text.get_fattime
                0x000000000801abb0        0x8 src/fatfs/diskio.o
                0x000000000801abb0                get_fattime
 .text.select_km
                0x000000000801abb8       0xb4 src/fatfs/fatfs_sd.o
 .text.rcvr_datablock
                0x000000000801ac6c       0xc4 src/fatfs/fatfs_sd.o
 .text.send_cmd
                0x000000000801ad30      0x248 src/fatfs/fatfs_sd.o
 .text.TM_FATFS_SD_disk_initialize
                0x000000000801af78      0x234 src/fatfs/fatfs_sd.o
                0x000000000801af78                TM_FATFS_SD_disk_initialize
 .text.TM_FATFS_SD_disk_status
                0x000000000801b1ac       0x14 src/fatfs/fatfs_sd.o
                0x000000000801b1ac                TM_FATFS_SD_disk_status
 .text.TM_FATFS_SD_disk_read
                0x000000000801b1c0       0xc0 src/fatfs/fatfs_sd.o
                0x000000000801b1c0                TM_FATFS_SD_disk_read
 .text.TM_FATFS_SD_disk_write
                0x000000000801b280      0x340 src/fatfs/fatfs_sd.o
                0x000000000801b280                TM_FATFS_SD_disk_write
 .text.TM_FATFS_SD_disk_ioctl
                0x000000000801b5c0      0x2a0 src/fatfs/fatfs_sd.o
                0x000000000801b5c0                TM_FATFS_SD_disk_ioctl
 .text.pattern_matching
                0x000000000801b860       0xec src/fatfs/ff.o
 .text.get_ldnumber
                0x000000000801b94c       0x94 src/fatfs/ff.o
 .text.unlikely.sync_window.part.3
                0x000000000801b9e0       0x48 src/fatfs/ff.o
 .text.move_window.part.4
                0x000000000801ba28       0x7c src/fatfs/ff.o
 .text.sync_fs  0x000000000801baa4       0xe4 src/fatfs/ff.o
 .text.remove_chain.part.10
                0x000000000801bb88      0x514 src/fatfs/ff.o
 .text.get_fat.part.6
                0x000000000801c09c      0x254 src/fatfs/ff.o
 .text.dir_next.constprop.18
                0x000000000801c2f0       0x84 src/fatfs/ff.o
 .text.put_fat.part.8
                0x000000000801c374      0x2a8 src/fatfs/ff.o
 .text.create_chain
                0x000000000801c61c      0x32c src/fatfs/ff.o
 .text.dir_sdi  0x000000000801c948      0x304 src/fatfs/ff.o
 .text.follow_path
                0x000000000801cc4c      0x340 src/fatfs/ff.o
 .text.dir_register
                0x000000000801cf8c      0x308 src/fatfs/ff.o
 .text.find_volume
                0x000000000801d294      0x454 src/fatfs/ff.o
 .text.f_mount  0x000000000801d6e8       0x5c src/fatfs/ff.o
                0x000000000801d6e8                f_mount
 .text.f_open   0x000000000801d744      0x174 src/fatfs/ff.o
                0x000000000801d744                f_open
 .text.f_read   0x000000000801d8b8      0x370 src/fatfs/ff.o
                0x000000000801d8b8                f_read
 .text.f_close  0x000000000801dc28      0x158 src/fatfs/ff.o
                0x000000000801dc28                f_close
 .text.f_findnext
                0x000000000801dd80      0x394 src/fatfs/ff.o
                0x000000000801dd80                f_findnext
 .text.f_findfirst
                0x000000000801e114      0x4a0 src/fatfs/ff.o
                0x000000000801e114                f_findfirst
 .text.TM_GPIO_Init
                0x000000000801e5b4      0x12c src/fatfs/tm_stm32f4_gpio.o
                0x000000000801e5b4                TM_GPIO_Init
 .text.TM_GPIO_InitAlternate
                0x000000000801e6e0      0x1c0 src/fatfs/tm_stm32f4_gpio.o
                0x000000000801e6e0                TM_GPIO_InitAlternate
 .text.TM_SPI_WriteMulti
                0x000000000801e8a0       0x3c src/fatfs/tm_stm32f4_spi.o
                0x000000000801e8a0                TM_SPI_WriteMulti
 .text.TM_SPI_ReadMulti
                0x000000000801e8dc       0x3c src/fatfs/tm_stm32f4_spi.o
                0x000000000801e8dc                TM_SPI_ReadMulti
 .text.TM_SPI_InitCustomPinsCallback
                0x000000000801e918        0x4 src/fatfs/tm_stm32f4_spi.o
                0x000000000801e918                TM_SPI_InitCustomPinsCallback
 .text.TM_SPI_Init
                0x000000000801e91c      0x1c4 src/fatfs/tm_stm32f4_spi.o
                0x000000000801e91c                TM_SPI_Init
 .text.tft_print_restclear
                0x000000000801eae0      0x148 src/fonts/font.o
                0x000000000801eae0                tft_print_restclear
 .text.tft_print
                0x000000000801ec28       0x1c src/fonts/font.o
                0x000000000801ec28                tft_print
 .text.tft_textwidth_pixel
                0x000000000801ec44       0x4c src/fonts/font.o
                0x000000000801ec44                tft_textwidth_pixel
 .text.Reset_Handler
                0x000000000801ec90       0x48 startup/startup_stm32.o
                0x000000000801ec90                Reset_Handler
 .text.Default_Handler
                0x000000000801ecd8        0x2 startup/startup_stm32.o
                0x000000000801ecd8                RTC_Alarm_IRQHandler
                0x000000000801ecd8                HASH_RNG_IRQHandler
                0x000000000801ecd8                EXTI2_IRQHandler
                0x000000000801ecd8                TIM8_CC_IRQHandler
                0x000000000801ecd8                DebugMon_Handler
                0x000000000801ecd8                TIM1_CC_IRQHandler
                0x000000000801ecd8                DMA2_Stream5_IRQHandler
                0x000000000801ecd8                HardFault_Handler
                0x000000000801ecd8                DMA1_Stream5_IRQHandler
                0x000000000801ecd8                SysTick_Handler
                0x000000000801ecd8                PVD_IRQHandler
                0x000000000801ecd8                SDIO_IRQHandler
                0x000000000801ecd8                TAMP_STAMP_IRQHandler
                0x000000000801ecd8                PendSV_Handler
                0x000000000801ecd8                NMI_Handler
                0x000000000801ecd8                CAN2_RX1_IRQHandler
                0x000000000801ecd8                EXTI3_IRQHandler
                0x000000000801ecd8                TIM8_TRG_COM_TIM14_IRQHandler
                0x000000000801ecd8                TIM1_UP_TIM10_IRQHandler
                0x000000000801ecd8                TIM8_UP_TIM13_IRQHandler
                0x000000000801ecd8                I2C3_ER_IRQHandler
                0x000000000801ecd8                EXTI0_IRQHandler
                0x000000000801ecd8                I2C2_EV_IRQHandler
                0x000000000801ecd8                DMA1_Stream2_IRQHandler
                0x000000000801ecd8                CAN1_RX0_IRQHandler
                0x000000000801ecd8                OTG_HS_WKUP_IRQHandler
                0x000000000801ecd8                UsageFault_Handler
                0x000000000801ecd8                CAN2_SCE_IRQHandler
                0x000000000801ecd8                DMA2_Stream2_IRQHandler
                0x000000000801ecd8                SPI1_IRQHandler
                0x000000000801ecd8                TIM1_BRK_TIM9_IRQHandler
                0x000000000801ecd8                DCMI_IRQHandler
                0x000000000801ecd8                CAN2_RX0_IRQHandler
                0x000000000801ecd8                DMA2_Stream3_IRQHandler
                0x000000000801ecd8                USART6_IRQHandler
                0x000000000801ecd8                USART3_IRQHandler
                0x000000000801ecd8                CAN1_RX1_IRQHandler
                0x000000000801ecd8                UART5_IRQHandler
                0x000000000801ecd8                TIM4_IRQHandler
                0x000000000801ecd8                I2C1_EV_IRQHandler
                0x000000000801ecd8                DMA1_Stream1_IRQHandler
                0x000000000801ecd8                UART4_IRQHandler
                0x000000000801ecd8                RCC_IRQHandler
                0x000000000801ecd8                TIM8_BRK_TIM12_IRQHandler
                0x000000000801ecd8                Default_Handler
                0x000000000801ecd8                EXTI15_10_IRQHandler
                0x000000000801ecd8                ADC_IRQHandler
                0x000000000801ecd8                DMA1_Stream7_IRQHandler
                0x000000000801ecd8                TIM7_IRQHandler
                0x000000000801ecd8                CAN2_TX_IRQHandler
                0x000000000801ecd8                TIM5_IRQHandler
                0x000000000801ecd8                I2C3_EV_IRQHandler
                0x000000000801ecd8                EXTI9_5_IRQHandler
                0x000000000801ecd8                RTC_WKUP_IRQHandler
                0x000000000801ecd8                ETH_WKUP_IRQHandler
                0x000000000801ecd8                SPI2_IRQHandler
                0x000000000801ecd8                OTG_HS_EP1_IN_IRQHandler
                0x000000000801ecd8                MemManage_Handler
                0x000000000801ecd8                DMA1_Stream0_IRQHandler
                0x000000000801ecd8                CAN1_TX_IRQHandler
                0x000000000801ecd8                SVC_Handler
                0x000000000801ecd8                EXTI4_IRQHandler
                0x000000000801ecd8                FSMC_IRQHandler
                0x000000000801ecd8                ETH_IRQHandler
                0x000000000801ecd8                OTG_HS_EP1_OUT_IRQHandler
                0x000000000801ecd8                WWDG_IRQHandler
                0x000000000801ecd8                TIM2_IRQHandler
                0x000000000801ecd8                OTG_FS_WKUP_IRQHandler
                0x000000000801ecd8                TIM1_TRG_COM_TIM11_IRQHandler
                0x000000000801ecd8                OTG_HS_IRQHandler
                0x000000000801ecd8                EXTI1_IRQHandler
                0x000000000801ecd8                I2C2_ER_IRQHandler
                0x000000000801ecd8                CAN1_SCE_IRQHandler
                0x000000000801ecd8                FLASH_IRQHandler
                0x000000000801ecd8                DMA2_Stream4_IRQHandler
                0x000000000801ecd8                BusFault_Handler
                0x000000000801ecd8                OTG_FS_IRQHandler
                0x000000000801ecd8                SPI3_IRQHandler
                0x000000000801ecd8                DMA1_Stream4_IRQHandler
                0x000000000801ecd8                I2C1_ER_IRQHandler
                0x000000000801ecd8                DMA2_Stream6_IRQHandler
                0x000000000801ecd8                DMA1_Stream3_IRQHandler
 *fill*         0x000000000801ecda        0x2 
 .text.__errno  0x000000000801ecdc        0xc c:/st/stm32cubeide_1.3.0/stm32cubeide/plugins/com.st.stm32cube.ide.mcu.externaltools.gnu-tools-for-stm32.7-2018-q2-update.win32_1.0.0.201904181610/tools/bin/../lib/gcc/arm-none-eabi/7.3.1/../../../../arm-none-eabi/lib/thumb/v7e-m/fpv4-sp/hard\libc.a(lib_a-errno.o)
                0x000000000801ecdc                __errno
 .text.__libc_init_array
                0x000000000801ece8       0x48 c:/st/stm32cubeide_1.3.0/stm32cubeide/plugins/com.st.stm32cube.ide.mcu.externaltools.gnu-tools-for-stm32.7-2018-q2-update.win32_1.0.0.201904181610/tools/bin/../lib/gcc/arm-none-eabi/7.3.1/../../../../arm-none-eabi/lib/thumb/v7e-m/fpv4-sp/hard\libc.a(lib_a-init.o)
                0x000000000801ece8                __libc_init_array
 .text.__locale_ctype_ptr
                0x000000000801ed30       0x1c c:/st/stm32cubeide_1.3.0/stm32cubeide/plugins/com.st.stm32cube.ide.mcu.externaltools.gnu-tools-for-stm32.7-2018-q2-update.win32_1.0.0.201904181610/tools/bin/../lib/gcc/arm-none-eabi/7.3.1/../../../../arm-none-eabi/lib/thumb/v7e-m/fpv4-sp/hard\libc.a(lib_a-locale.o)
                0x000000000801ed30                __locale_ctype_ptr
 .text.malloc   0x000000000801ed4c       0x10 c:/st/stm32cubeide_1.3.0/stm32cubeide/plugins/com.st.stm32cube.ide.mcu.externaltools.gnu-tools-for-stm32.7-2018-q2-update.win32_1.0.0.201904181610/tools/bin/../lib/gcc/arm-none-eabi/7.3.1/../../../../arm-none-eabi/lib/thumb/v7e-m/fpv4-sp/hard\libc.a(lib_a-malloc.o)
                0x000000000801ed4c                malloc
 .text._malloc_r
                0x000000000801ed5c      0x46c c:/st/stm32cubeide_1.3.0/stm32cubeide/plugins/com.st.stm32cube.ide.mcu.externaltools.gnu-tools-for-stm32.7-2018-q2-update.win32_1.0.0.201904181610/tools/bin/../lib/gcc/arm-none-eabi/7.3.1/../../../../arm-none-eabi/lib/thumb/v7e-m/fpv4-sp/hard\libc.a(lib_a-mallocr.o)
                0x000000000801ed5c                _malloc_r
 .text.__ascii_mbtowc
                0x000000000801f1c8       0x24 c:/st/stm32cubeide_1.3.0/stm32cubeide/plugins/com.st.stm32cube.ide.mcu.externaltools.gnu-tools-for-stm32.7-2018-q2-update.win32_1.0.0.201904181610/tools/bin/../lib/gcc/arm-none-eabi/7.3.1/../../../../arm-none-eabi/lib/thumb/v7e-m/fpv4-sp/hard\libc.a(lib_a-mbtowc_r.o)
                0x000000000801f1c8                __ascii_mbtowc
 .text.memcpy   0x000000000801f1ec       0x16 c:/st/stm32cubeide_1.3.0/stm32cubeide/plugins/com.st.stm32cube.ide.mcu.externaltools.gnu-tools-for-stm32.7-2018-q2-update.win32_1.0.0.201904181610/tools/bin/../lib/gcc/arm-none-eabi/7.3.1/../../../../arm-none-eabi/lib/thumb/v7e-m/fpv4-sp/hard\libc.a(lib_a-memcpy-stub.o)
                0x000000000801f1ec                memcpy
 .text.memmove  0x000000000801f202       0x32 c:/st/stm32cubeide_1.3.0/stm32cubeide/plugins/com.st.stm32cube.ide.mcu.externaltools.gnu-tools-for-stm32.7-2018-q2-update.win32_1.0.0.201904181610/tools/bin/../lib/gcc/arm-none-eabi/7.3.1/../../../../arm-none-eabi/lib/thumb/v7e-m/fpv4-sp/hard\libc.a(lib_a-memmove.o)
                0x000000000801f202                memmove
 .text.memset   0x000000000801f234       0x10 c:/st/stm32cubeide_1.3.0/stm32cubeide/plugins/com.st.stm32cube.ide.mcu.externaltools.gnu-tools-for-stm32.7-2018-q2-update.win32_1.0.0.201904181610/tools/bin/../lib/gcc/arm-none-eabi/7.3.1/../../../../arm-none-eabi/lib/thumb/v7e-m/fpv4-sp/hard\libc.a(lib_a-memset.o)
                0x000000000801f234                memset
 .text.__malloc_lock
                0x000000000801f244        0xc c:/st/stm32cubeide_1.3.0/stm32cubeide/plugins/com.st.stm32cube.ide.mcu.externaltools.gnu-tools-for-stm32.7-2018-q2-update.win32_1.0.0.201904181610/tools/bin/../lib/gcc/arm-none-eabi/7.3.1/../../../../arm-none-eabi/lib/thumb/v7e-m/fpv4-sp/hard\libc.a(lib_a-mlock.o)
                0x000000000801f244                __malloc_lock
 .text.__malloc_unlock
                0x000000000801f250        0xc c:/st/stm32cubeide_1.3.0/stm32cubeide/plugins/com.st.stm32cube.ide.mcu.externaltools.gnu-tools-for-stm32.7-2018-q2-update.win32_1.0.0.201904181610/tools/bin/../lib/gcc/arm-none-eabi/7.3.1/../../../../arm-none-eabi/lib/thumb/v7e-m/fpv4-sp/hard\libc.a(lib_a-mlock.o)
                0x000000000801f250                __malloc_unlock
 .text._sbrk_r  0x000000000801f25c       0x20 c:/st/stm32cubeide_1.3.0/stm32cubeide/plugins/com.st.stm32cube.ide.mcu.externaltools.gnu-tools-for-stm32.7-2018-q2-update.win32_1.0.0.201904181610/tools/bin/../lib/gcc/arm-none-eabi/7.3.1/../../../../arm-none-eabi/lib/thumb/v7e-m/fpv4-sp/hard\libc.a(lib_a-sbrkr.o)
                0x000000000801f25c                _sbrk_r
 .text.sprintf  0x000000000801f27c       0x40 c:/st/stm32cubeide_1.3.0/stm32cubeide/plugins/com.st.stm32cube.ide.mcu.externaltools.gnu-tools-for-stm32.7-2018-q2-update.win32_1.0.0.201904181610/tools/bin/../lib/gcc/arm-none-eabi/7.3.1/../../../../arm-none-eabi/lib/thumb/v7e-m/fpv4-sp/hard\libc.a(lib_a-sprintf.o)
                0x000000000801f27c                sprintf
 .text.stpcpy   0x000000000801f2bc       0x12 c:/st/stm32cubeide_1.3.0/stm32cubeide/plugins/com.st.stm32cube.ide.mcu.externaltools.gnu-tools-for-stm32.7-2018-q2-update.win32_1.0.0.201904181610/tools/bin/../lib/gcc/arm-none-eabi/7.3.1/../../../../arm-none-eabi/lib/thumb/v7e-m/fpv4-sp/hard\libc.a(lib_a-stpcpy.o)
                0x000000000801f2bc                stpcpy
 .text.strcpy   0x000000000801f2ce       0x10 c:/st/stm32cubeide_1.3.0/stm32cubeide/plugins/com.st.stm32cube.ide.mcu.externaltools.gnu-tools-for-stm32.7-2018-q2-update.win32_1.0.0.201904181610/tools/bin/../lib/gcc/arm-none-eabi/7.3.1/../../../../arm-none-eabi/lib/thumb/v7e-m/fpv4-sp/hard\libc.a(lib_a-strcpy.o)
                0x000000000801f2ce                strcpy
 .text.strncpy  0x000000000801f2de       0x2a c:/st/stm32cubeide_1.3.0/stm32cubeide/plugins/com.st.stm32cube.ide.mcu.externaltools.gnu-tools-for-stm32.7-2018-q2-update.win32_1.0.0.201904181610/tools/bin/../lib/gcc/arm-none-eabi/7.3.1/../../../../arm-none-eabi/lib/thumb/v7e-m/fpv4-sp/hard\libc.a(lib_a-strncpy.o)
                0x000000000801f2de                strncpy
 .text.strstr   0x000000000801f308       0x34 c:/st/stm32cubeide_1.3.0/stm32cubeide/plugins/com.st.stm32cube.ide.mcu.externaltools.gnu-tools-for-stm32.7-2018-q2-update.win32_1.0.0.201904181610/tools/bin/../lib/gcc/arm-none-eabi/7.3.1/../../../../arm-none-eabi/lib/thumb/v7e-m/fpv4-sp/hard\libc.a(lib_a-strstr.o)
                0x000000000801f308                strstr
 *fill*         0x000000000801f33c        0x4 
 .text._svfprintf_r
                0x000000000801f340     0x143c c:/st/stm32cubeide_1.3.0/stm32cubeide/plugins/com.st.stm32cube.ide.mcu.externaltools.gnu-tools-for-stm32.7-2018-q2-update.win32_1.0.0.201904181610/tools/bin/../lib/gcc/arm-none-eabi/7.3.1/../../../../arm-none-eabi/lib/thumb/v7e-m/fpv4-sp/hard\libc.a(lib_a-svfprintf.o)
                0x000000000801f340                _svfprintf_r
 .text.sysconf  0x000000000802077c       0x1a c:/st/stm32cubeide_1.3.0/stm32cubeide/plugins/com.st.stm32cube.ide.mcu.externaltools.gnu-tools-for-stm32.7-2018-q2-update.win32_1.0.0.201904181610/tools/bin/../lib/gcc/arm-none-eabi/7.3.1/../../../../arm-none-eabi/lib/thumb/v7e-m/fpv4-sp/hard\libc.a(lib_a-sysconf.o)
                0x000000000802077c                sysconf
 .text.__ascii_wctomb
                0x0000000008020796       0x1a c:/st/stm32cubeide_1.3.0/stm32cubeide/plugins/com.st.stm32cube.ide.mcu.externaltools.gnu-tools-for-stm32.7-2018-q2-update.win32_1.0.0.201904181610/tools/bin/../lib/gcc/arm-none-eabi/7.3.1/../../../../arm-none-eabi/lib/thumb/v7e-m/fpv4-sp/hard\libc.a(lib_a-wctomb_r.o)
                0x0000000008020796                __ascii_wctomb
 .text.startup.register_fini
                0x00000000080207b0       0x14 c:/st/stm32cubeide_1.3.0/stm32cubeide/plugins/com.st.stm32cube.ide.mcu.externaltools.gnu-tools-for-stm32.7-2018-q2-update.win32_1.0.0.201904181610/tools/bin/../lib/gcc/arm-none-eabi/7.3.1/../../../../arm-none-eabi/lib/thumb/v7e-m/fpv4-sp/hard\libc.a(lib_a-__call_atexit.o)
 .text.atexit   0x00000000080207c4        0xc c:/st/stm32cubeide_1.3.0/stm32cubeide/plugins/com.st.stm32cube.ide.mcu.externaltools.gnu-tools-for-stm32.7-2018-q2-update.win32_1.0.0.201904181610/tools/bin/../lib/gcc/arm-none-eabi/7.3.1/../../../../arm-none-eabi/lib/thumb/v7e-m/fpv4-sp/hard\libc.a(lib_a-atexit.o)
                0x00000000080207c4                atexit
 .text.quorem   0x00000000080207d0      0x118 c:/st/stm32cubeide_1.3.0/stm32cubeide/plugins/com.st.stm32cube.ide.mcu.externaltools.gnu-tools-for-stm32.7-2018-q2-update.win32_1.0.0.201904181610/tools/bin/../lib/gcc/arm-none-eabi/7.3.1/../../../../arm-none-eabi/lib/thumb/v7e-m/fpv4-sp/hard\libc.a(lib_a-dtoa.o)
 .text._dtoa_r  0x00000000080208e8      0xb50 c:/st/stm32cubeide_1.3.0/stm32cubeide/plugins/com.st.stm32cube.ide.mcu.externaltools.gnu-tools-for-stm32.7-2018-q2-update.win32_1.0.0.201904181610/tools/bin/../lib/gcc/arm-none-eabi/7.3.1/../../../../arm-none-eabi/lib/thumb/v7e-m/fpv4-sp/hard\libc.a(lib_a-dtoa.o)
                0x00000000080208e8                _dtoa_r
 .text.__libc_fini_array
                0x0000000008021438       0x28 c:/st/stm32cubeide_1.3.0/stm32cubeide/plugins/com.st.stm32cube.ide.mcu.externaltools.gnu-tools-for-stm32.7-2018-q2-update.win32_1.0.0.201904181610/tools/bin/../lib/gcc/arm-none-eabi/7.3.1/../../../../arm-none-eabi/lib/thumb/v7e-m/fpv4-sp/hard\libc.a(lib_a-fini.o)
                0x0000000008021438                __libc_fini_array
 .text._malloc_trim_r
                0x0000000008021460       0xa8 c:/st/stm32cubeide_1.3.0/stm32cubeide/plugins/com.st.stm32cube.ide.mcu.externaltools.gnu-tools-for-stm32.7-2018-q2-update.win32_1.0.0.201904181610/tools/bin/../lib/gcc/arm-none-eabi/7.3.1/../../../../arm-none-eabi/lib/thumb/v7e-m/fpv4-sp/hard\libc.a(lib_a-freer.o)
                0x0000000008021460                _malloc_trim_r
 .text._free_r  0x0000000008021508      0x178 c:/st/stm32cubeide_1.3.0/stm32cubeide/plugins/com.st.stm32cube.ide.mcu.externaltools.gnu-tools-for-stm32.7-2018-q2-update.win32_1.0.0.201904181610/tools/bin/../lib/gcc/arm-none-eabi/7.3.1/../../../../arm-none-eabi/lib/thumb/v7e-m/fpv4-sp/hard\libc.a(lib_a-freer.o)
                0x0000000008021508                _free_r
 .text._localeconv_r
                0x0000000008021680       0x1c c:/st/stm32cubeide_1.3.0/stm32cubeide/plugins/com.st.stm32cube.ide.mcu.externaltools.gnu-tools-for-stm32.7-2018-q2-update.win32_1.0.0.201904181610/tools/bin/../lib/gcc/arm-none-eabi/7.3.1/../../../../arm-none-eabi/lib/thumb/v7e-m/fpv4-sp/hard\libc.a(lib_a-localeconv.o)
                0x0000000008021680                _localeconv_r
 .text.__retarget_lock_acquire_recursive
                0x000000000802169c        0x2 c:/st/stm32cubeide_1.3.0/stm32cubeide/plugins/com.st.stm32cube.ide.mcu.externaltools.gnu-tools-for-stm32.7-2018-q2-update.win32_1.0.0.201904181610/tools/bin/../lib/gcc/arm-none-eabi/7.3.1/../../../../arm-none-eabi/lib/thumb/v7e-m/fpv4-sp/hard\libc.a(lib_a-lock.o)
                0x000000000802169c                __retarget_lock_acquire_recursive
 .text.__retarget_lock_release_recursive
                0x000000000802169e        0x2 c:/st/stm32cubeide_1.3.0/stm32cubeide/plugins/com.st.stm32cube.ide.mcu.externaltools.gnu-tools-for-stm32.7-2018-q2-update.win32_1.0.0.201904181610/tools/bin/../lib/gcc/arm-none-eabi/7.3.1/../../../../arm-none-eabi/lib/thumb/v7e-m/fpv4-sp/hard\libc.a(lib_a-lock.o)
                0x000000000802169e                __retarget_lock_release_recursive
 .text._Balloc  0x00000000080216a0       0x4a c:/st/stm32cubeide_1.3.0/stm32cubeide/plugins/com.st.stm32cube.ide.mcu.externaltools.gnu-tools-for-stm32.7-2018-q2-update.win32_1.0.0.201904181610/tools/bin/../lib/gcc/arm-none-eabi/7.3.1/../../../../arm-none-eabi/lib/thumb/v7e-m/fpv4-sp/hard\libc.a(lib_a-mprec.o)
                0x00000000080216a0                _Balloc
 .text._Bfree   0x00000000080216ea       0x12 c:/st/stm32cubeide_1.3.0/stm32cubeide/plugins/com.st.stm32cube.ide.mcu.externaltools.gnu-tools-for-stm32.7-2018-q2-update.win32_1.0.0.201904181610/tools/bin/../lib/gcc/arm-none-eabi/7.3.1/../../../../arm-none-eabi/lib/thumb/v7e-m/fpv4-sp/hard\libc.a(lib_a-mprec.o)
                0x00000000080216ea                _Bfree
 .text.__multadd
                0x00000000080216fc       0x76 c:/st/stm32cubeide_1.3.0/stm32cubeide/plugins/com.st.stm32cube.ide.mcu.externaltools.gnu-tools-for-stm32.7-2018-q2-update.win32_1.0.0.201904181610/tools/bin/../lib/gcc/arm-none-eabi/7.3.1/../../../../arm-none-eabi/lib/thumb/v7e-m/fpv4-sp/hard\libc.a(lib_a-mprec.o)
                0x00000000080216fc                __multadd
 .text.__hi0bits
                0x0000000008021772       0x3e c:/st/stm32cubeide_1.3.0/stm32cubeide/plugins/com.st.stm32cube.ide.mcu.externaltools.gnu-tools-for-stm32.7-2018-q2-update.win32_1.0.0.201904181610/tools/bin/../lib/gcc/arm-none-eabi/7.3.1/../../../../arm-none-eabi/lib/thumb/v7e-m/fpv4-sp/hard\libc.a(lib_a-mprec.o)
                0x0000000008021772                __hi0bits
 .text.__lo0bits
                0x00000000080217b0       0x5e c:/st/stm32cubeide_1.3.0/stm32cubeide/plugins/com.st.stm32cube.ide.mcu.externaltools.gnu-tools-for-stm32.7-2018-q2-update.win32_1.0.0.201904181610/tools/bin/../lib/gcc/arm-none-eabi/7.3.1/../../../../arm-none-eabi/lib/thumb/v7e-m/fpv4-sp/hard\libc.a(lib_a-mprec.o)
                0x00000000080217b0                __lo0bits
 .text.__i2b    0x000000000802180e       0x12 c:/st/stm32cubeide_1.3.0/stm32cubeide/plugins/com.st.stm32cube.ide.mcu.externaltools.gnu-tools-for-stm32.7-2018-q2-update.win32_1.0.0.201904181610/tools/bin/../lib/gcc/arm-none-eabi/7.3.1/../../../../arm-none-eabi/lib/thumb/v7e-m/fpv4-sp/hard\libc.a(lib_a-mprec.o)
                0x000000000802180e                __i2b
 .text.__multiply
                0x0000000008021820      0x12c c:/st/stm32cubeide_1.3.0/stm32cubeide/plugins/com.st.stm32cube.ide.mcu.externaltools.gnu-tools-for-stm32.7-2018-q2-update.win32_1.0.0.201904181610/tools/bin/../lib/gcc/arm-none-eabi/7.3.1/../../../../arm-none-eabi/lib/thumb/v7e-m/fpv4-sp/hard\libc.a(lib_a-mprec.o)
                0x0000000008021820                __multiply
 .text.__pow5mult
                0x000000000802194c       0x80 c:/st/stm32cubeide_1.3.0/stm32cubeide/plugins/com.st.stm32cube.ide.mcu.externaltools.gnu-tools-for-stm32.7-2018-q2-update.win32_1.0.0.201904181610/tools/bin/../lib/gcc/arm-none-eabi/7.3.1/../../../../arm-none-eabi/lib/thumb/v7e-m/fpv4-sp/hard\libc.a(lib_a-mprec.o)
                0x000000000802194c                __pow5mult
 .text.__lshift
                0x00000000080219cc       0xa8 c:/st/stm32cubeide_1.3.0/stm32cubeide/plugins/com.st.stm32cube.ide.mcu.externaltools.gnu-tools-for-stm32.7-2018-q2-update.win32_1.0.0.201904181610/tools/bin/../lib/gcc/arm-none-eabi/7.3.1/../../../../arm-none-eabi/lib/thumb/v7e-m/fpv4-sp/hard\libc.a(lib_a-mprec.o)
                0x00000000080219cc                __lshift
 .text.__mcmp   0x0000000008021a74       0x34 c:/st/stm32cubeide_1.3.0/stm32cubeide/plugins/com.st.stm32cube.ide.mcu.externaltools.gnu-tools-for-stm32.7-2018-q2-update.win32_1.0.0.201904181610/tools/bin/../lib/gcc/arm-none-eabi/7.3.1/../../../../arm-none-eabi/lib/thumb/v7e-m/fpv4-sp/hard\libc.a(lib_a-mprec.o)
                0x0000000008021a74                __mcmp
 .text.__mdiff  0x0000000008021aa8       0xba c:/st/stm32cubeide_1.3.0/stm32cubeide/plugins/com.st.stm32cube.ide.mcu.externaltools.gnu-tools-for-stm32.7-2018-q2-update.win32_1.0.0.201904181610/tools/bin/../lib/gcc/arm-none-eabi/7.3.1/../../../../arm-none-eabi/lib/thumb/v7e-m/fpv4-sp/hard\libc.a(lib_a-mprec.o)
                0x0000000008021aa8                __mdiff
 .text.__d2b    0x0000000008021b62       0x9e c:/st/stm32cubeide_1.3.0/stm32cubeide/plugins/com.st.stm32cube.ide.mcu.externaltools.gnu-tools-for-stm32.7-2018-q2-update.win32_1.0.0.201904181610/tools/bin/../lib/gcc/arm-none-eabi/7.3.1/../../../../arm-none-eabi/lib/thumb/v7e-m/fpv4-sp/hard\libc.a(lib_a-mprec.o)
                0x0000000008021b62                __d2b
 .text.frexp    0x0000000008021c00       0x6c c:/st/stm32cubeide_1.3.0/stm32cubeide/plugins/com.st.stm32cube.ide.mcu.externaltools.gnu-tools-for-stm32.7-2018-q2-update.win32_1.0.0.201904181610/tools/bin/../lib/gcc/arm-none-eabi/7.3.1/../../../../arm-none-eabi/lib/thumb/v7e-m/fpv4-sp/hard\libc.a(lib_a-s_frexp.o)
                0x0000000008021c00                frexp
 .text.__ssprint_r
                0x0000000008021c6c       0xf0 c:/st/stm32cubeide_1.3.0/stm32cubeide/plugins/com.st.stm32cube.ide.mcu.externaltools.gnu-tools-for-stm32.7-2018-q2-update.win32_1.0.0.201904181610/tools/bin/../lib/gcc/arm-none-eabi/7.3.1/../../../../arm-none-eabi/lib/thumb/v7e-m/fpv4-sp/hard\libc.a(lib_a-svfiprintf.o)
                0x0000000008021c6c                __ssprint_r
 .text.__register_exitproc
                0x0000000008021d5c       0xac c:/st/stm32cubeide_1.3.0/stm32cubeide/plugins/com.st.stm32cube.ide.mcu.externaltools.gnu-tools-for-stm32.7-2018-q2-update.win32_1.0.0.201904181610/tools/bin/../lib/gcc/arm-none-eabi/7.3.1/../../../../arm-none-eabi/lib/thumb/v7e-m/fpv4-sp/hard\libc.a(lib_a-__atexit.o)
                0x0000000008021d5c                __register_exitproc
 .text._calloc_r
                0x0000000008021e08       0x5a c:/st/stm32cubeide_1.3.0/stm32cubeide/plugins/com.st.stm32cube.ide.mcu.externaltools.gnu-tools-for-stm32.7-2018-q2-update.win32_1.0.0.201904181610/tools/bin/../lib/gcc/arm-none-eabi/7.3.1/../../../../arm-none-eabi/lib/thumb/v7e-m/fpv4-sp/hard\libc.a(lib_a-callocr.o)
                0x0000000008021e08                _calloc_r
 *fill*         0x0000000008021e62        0x2 
 .text._realloc_r
                0x0000000008021e64      0x350 c:/st/stm32cubeide_1.3.0/stm32cubeide/plugins/com.st.stm32cube.ide.mcu.externaltools.gnu-tools-for-stm32.7-2018-q2-update.win32_1.0.0.201904181610/tools/bin/../lib/gcc/arm-none-eabi/7.3.1/../../../../arm-none-eabi/lib/thumb/v7e-m/fpv4-sp/hard\libc.a(lib_a-reallocr.o)
                0x0000000008021e64                _realloc_r
 *fill*         0x00000000080221b4        0x4 
 .text.cos      0x00000000080221b8       0x88 c:/st/stm32cubeide_1.3.0/stm32cubeide/plugins/com.st.stm32cube.ide.mcu.externaltools.gnu-tools-for-stm32.7-2018-q2-update.win32_1.0.0.201904181610/tools/bin/../lib/gcc/arm-none-eabi/7.3.1/../../../../arm-none-eabi/lib/thumb/v7e-m/fpv4-sp/hard\libm.a(lib_a-s_cos.o)
                0x00000000080221b8                cos
 .text.sin      0x0000000008022240       0x90 c:/st/stm32cubeide_1.3.0/stm32cubeide/plugins/com.st.stm32cube.ide.mcu.externaltools.gnu-tools-for-stm32.7-2018-q2-update.win32_1.0.0.201904181610/tools/bin/../lib/gcc/arm-none-eabi/7.3.1/../../../../arm-none-eabi/lib/thumb/v7e-m/fpv4-sp/hard\libm.a(lib_a-s_sin.o)
                0x0000000008022240                sin
 .text.log10    0x00000000080222d0      0x100 c:/st/stm32cubeide_1.3.0/stm32cubeide/plugins/com.st.stm32cube.ide.mcu.externaltools.gnu-tools-for-stm32.7-2018-q2-update.win32_1.0.0.201904181610/tools/bin/../lib/gcc/arm-none-eabi/7.3.1/../../../../arm-none-eabi/lib/thumb/v7e-m/fpv4-sp/hard\libm.a(lib_a-w_log10.o)
                0x00000000080222d0                log10
 .text.pow      0x00000000080223d0      0x2e0 c:/st/stm32cubeide_1.3.0/stm32cubeide/plugins/com.st.stm32cube.ide.mcu.externaltools.gnu-tools-for-stm32.7-2018-q2-update.win32_1.0.0.201904181610/tools/bin/../lib/gcc/arm-none-eabi/7.3.1/../../../../arm-none-eabi/lib/thumb/v7e-m/fpv4-sp/hard\libm.a(lib_a-w_pow.o)
                0x00000000080223d0                pow
 .text.sqrt     0x00000000080226b0       0xb4 c:/st/stm32cubeide_1.3.0/stm32cubeide/plugins/com.st.stm32cube.ide.mcu.externaltools.gnu-tools-for-stm32.7-2018-q2-update.win32_1.0.0.201904181610/tools/bin/../lib/gcc/arm-none-eabi/7.3.1/../../../../arm-none-eabi/lib/thumb/v7e-m/fpv4-sp/hard\libm.a(lib_a-w_sqrt.o)
                0x00000000080226b0                sqrt
 *fill*         0x0000000008022764        0x4 
 .text.__ieee754_log10
                0x0000000008022768      0x114 c:/st/stm32cubeide_1.3.0/stm32cubeide/plugins/com.st.stm32cube.ide.mcu.externaltools.gnu-tools-for-stm32.7-2018-q2-update.win32_1.0.0.201904181610/tools/bin/../lib/gcc/arm-none-eabi/7.3.1/../../../../arm-none-eabi/lib/thumb/v7e-m/fpv4-sp/hard\libm.a(lib_a-e_log10.o)
                0x0000000008022768                __ieee754_log10
 *fill*         0x000000000802287c        0x4 
 .text.__ieee754_pow
                0x0000000008022880      0xa1c c:/st/stm32cubeide_1.3.0/stm32cubeide/plugins/com.st.stm32cube.ide.mcu.externaltools.gnu-tools-for-stm32.7-2018-q2-update.win32_1.0.0.201904181610/tools/bin/../lib/gcc/arm-none-eabi/7.3.1/../../../../arm-none-eabi/lib/thumb/v7e-m/fpv4-sp/hard\libm.a(lib_a-e_pow.o)
                0x0000000008022880                __ieee754_pow
 *fill*         0x000000000802329c        0x4 
 .text.__ieee754_rem_pio2
                0x00000000080232a0      0x3e4 c:/st/stm32cubeide_1.3.0/stm32cubeide/plugins/com.st.stm32cube.ide.mcu.externaltools.gnu-tools-for-stm32.7-2018-q2-update.win32_1.0.0.201904181610/tools/bin/../lib/gcc/arm-none-eabi/7.3.1/../../../../arm-none-eabi/lib/thumb/v7e-m/fpv4-sp/hard\libm.a(lib_a-e_rem_pio2.o)
                0x00000000080232a0                __ieee754_rem_pio2
 .text.__ieee754_sqrt
                0x0000000008023684      0x160 c:/st/stm32cubeide_1.3.0/stm32cubeide/plugins/com.st.stm32cube.ide.mcu.externaltools.gnu-tools-for-stm32.7-2018-q2-update.win32_1.0.0.201904181610/tools/bin/../lib/gcc/arm-none-eabi/7.3.1/../../../../arm-none-eabi/lib/thumb/v7e-m/fpv4-sp/hard\libm.a(lib_a-e_sqrt.o)
                0x0000000008023684                __ieee754_sqrt
 *fill*         0x00000000080237e4        0x4 
 .text.__kernel_cos
                0x00000000080237e8      0x18c c:/st/stm32cubeide_1.3.0/stm32cubeide/plugins/com.st.stm32cube.ide.mcu.externaltools.gnu-tools-for-stm32.7-2018-q2-update.win32_1.0.0.201904181610/tools/bin/../lib/gcc/arm-none-eabi/7.3.1/../../../../arm-none-eabi/lib/thumb/v7e-m/fpv4-sp/hard\libm.a(lib_a-k_cos.o)
                0x00000000080237e8                __kernel_cos
 *fill*         0x0000000008023974        0x4 
 .text.__kernel_rem_pio2
                0x0000000008023978      0x680 c:/st/stm32cubeide_1.3.0/stm32cubeide/plugins/com.st.stm32cube.ide.mcu.externaltools.gnu-tools-for-stm32.7-2018-q2-update.win32_1.0.0.201904181610/tools/bin/../lib/gcc/arm-none-eabi/7.3.1/../../../../arm-none-eabi/lib/thumb/v7e-m/fpv4-sp/hard\libm.a(lib_a-k_rem_pio2.o)
                0x0000000008023978                __kernel_rem_pio2
 .text.__kernel_sin
                0x0000000008023ff8      0x174 c:/st/stm32cubeide_1.3.0/stm32cubeide/plugins/com.st.stm32cube.ide.mcu.externaltools.gnu-tools-for-stm32.7-2018-q2-update.win32_1.0.0.201904181610/tools/bin/../lib/gcc/arm-none-eabi/7.3.1/../../../../arm-none-eabi/lib/thumb/v7e-m/fpv4-sp/hard\libm.a(lib_a-k_sin.o)
                0x0000000008023ff8                __kernel_sin
 .text.fabs     0x000000000802416c       0x12 c:/st/stm32cubeide_1.3.0/stm32cubeide/plugins/com.st.stm32cube.ide.mcu.externaltools.gnu-tools-for-stm32.7-2018-q2-update.win32_1.0.0.201904181610/tools/bin/../lib/gcc/arm-none-eabi/7.3.1/../../../../arm-none-eabi/lib/thumb/v7e-m/fpv4-sp/hard\libm.a(lib_a-s_fabs.o)
                0x000000000802416c                fabs
 .text.finite   0x000000000802417e       0x10 c:/st/stm32cubeide_1.3.0/stm32cubeide/plugins/com.st.stm32cube.ide.mcu.externaltools.gnu-tools-for-stm32.7-2018-q2-update.win32_1.0.0.201904181610/tools/bin/../lib/gcc/arm-none-eabi/7.3.1/../../../../arm-none-eabi/lib/thumb/v7e-m/fpv4-sp/hard\libm.a(lib_a-s_finite.o)
                0x000000000802417e                finite
 *fill*         0x000000000802418e        0x2 
 .text.floor    0x0000000008024190      0x108 c:/st/stm32cubeide_1.3.0/stm32cubeide/plugins/com.st.stm32cube.ide.mcu.externaltools.gnu-tools-for-stm32.7-2018-q2-update.win32_1.0.0.201904181610/tools/bin/../lib/gcc/arm-none-eabi/7.3.1/../../../../arm-none-eabi/lib/thumb/v7e-m/fpv4-sp/hard\libm.a(lib_a-s_floor.o)
                0x0000000008024190                floor
 .text.matherr  0x0000000008024298        0x4 c:/st/stm32cubeide_1.3.0/stm32cubeide/plugins/com.st.stm32cube.ide.mcu.externaltools.gnu-tools-for-stm32.7-2018-q2-update.win32_1.0.0.201904181610/tools/bin/../lib/gcc/arm-none-eabi/7.3.1/../../../../arm-none-eabi/lib/thumb/v7e-m/fpv4-sp/hard\libm.a(lib_a-s_matherr.o)
                0x0000000008024298                matherr
 *fill*         0x000000000802429c        0x4 
 .text.nan      0x00000000080242a0       0x10 c:/st/stm32cubeide_1.3.0/stm32cubeide/plugins/com.st.stm32cube.ide.mcu.externaltools.gnu-tools-for-stm32.7-2018-q2-update.win32_1.0.0.201904181610/tools/bin/../lib/gcc/arm-none-eabi/7.3.1/../../../../arm-none-eabi/lib/thumb/v7e-m/fpv4-sp/hard\libm.a(lib_a-s_nan.o)
                0x00000000080242a0                nan
 .text.rint     0x00000000080242b0      0x108 c:/st/stm32cubeide_1.3.0/stm32cubeide/plugins/com.st.stm32cube.ide.mcu.externaltools.gnu-tools-for-stm32.7-2018-q2-update.win32_1.0.0.201904181610/tools/bin/../lib/gcc/arm-none-eabi/7.3.1/../../../../arm-none-eabi/lib/thumb/v7e-m/fpv4-sp/hard\libm.a(lib_a-s_rint.o)
                0x00000000080242b0                rint
 .text.scalbn   0x00000000080243b8       0xec c:/st/stm32cubeide_1.3.0/stm32cubeide/plugins/com.st.stm32cube.ide.mcu.externaltools.gnu-tools-for-stm32.7-2018-q2-update.win32_1.0.0.201904181610/tools/bin/../lib/gcc/arm-none-eabi/7.3.1/../../../../arm-none-eabi/lib/thumb/v7e-m/fpv4-sp/hard\libm.a(lib_a-s_scalbn.o)
                0x00000000080243b8                scalbn
 *fill*         0x00000000080244a4        0x4 
 .text.__ieee754_log
                0x00000000080244a8      0x364 c:/st/stm32cubeide_1.3.0/stm32cubeide/plugins/com.st.stm32cube.ide.mcu.externaltools.gnu-tools-for-stm32.7-2018-q2-update.win32_1.0.0.201904181610/tools/bin/../lib/gcc/arm-none-eabi/7.3.1/../../../../arm-none-eabi/lib/thumb/v7e-m/fpv4-sp/hard\libm.a(lib_a-e_log.o)
                0x00000000080244a8                __ieee754_log
 .text.copysign
                0x000000000802480c       0x1e c:/st/stm32cubeide_1.3.0/stm32cubeide/plugins/com.st.stm32cube.ide.mcu.externaltools.gnu-tools-for-stm32.7-2018-q2-update.win32_1.0.0.201904181610/tools/bin/../lib/gcc/arm-none-eabi/7.3.1/../../../../arm-none-eabi/lib/thumb/v7e-m/fpv4-sp/hard\libm.a(lib_a-s_copysign.o)
                0x000000000802480c                copysign
 *(.glue_7)
 .glue_7        0x000000000802482a        0x0 linker stubs
 *(.glue_7t)
 .glue_7t       0x000000000802482a        0x0 linker stubs
 *(.eh_frame)
 *fill*         0x000000000802482a        0x2 
 .eh_frame      0x000000000802482c        0x0 c:/st/stm32cubeide_1.3.0/stm32cubeide/plugins/com.st.stm32cube.ide.mcu.externaltools.gnu-tools-for-stm32.7-2018-q2-update.win32_1.0.0.201904181610/tools/bin/../lib/gcc/arm-none-eabi/7.3.1/thumb/v7e-m/fpv4-sp/hard/crtbegin.o
 *(.init)
 .init          0x000000000802482c        0x4 c:/st/stm32cubeide_1.3.0/stm32cubeide/plugins/com.st.stm32cube.ide.mcu.externaltools.gnu-tools-for-stm32.7-2018-q2-update.win32_1.0.0.201904181610/tools/bin/../lib/gcc/arm-none-eabi/7.3.1/thumb/v7e-m/fpv4-sp/hard/crti.o
                0x000000000802482c                _init
 .init          0x0000000008024830        0x8 c:/st/stm32cubeide_1.3.0/stm32cubeide/plugins/com.st.stm32cube.ide.mcu.externaltools.gnu-tools-for-stm32.7-2018-q2-update.win32_1.0.0.201904181610/tools/bin/../lib/gcc/arm-none-eabi/7.3.1/thumb/v7e-m/fpv4-sp/hard/crtn.o
 *(.fini)
 .fini          0x0000000008024838        0x4 c:/st/stm32cubeide_1.3.0/stm32cubeide/plugins/com.st.stm32cube.ide.mcu.externaltools.gnu-tools-for-stm32.7-2018-q2-update.win32_1.0.0.201904181610/tools/bin/../lib/gcc/arm-none-eabi/7.3.1/thumb/v7e-m/fpv4-sp/hard/crti.o
                0x0000000008024838                _fini
 .fini          0x000000000802483c        0x8 c:/st/stm32cubeide_1.3.0/stm32cubeide/plugins/com.st.stm32cube.ide.mcu.externaltools.gnu-tools-for-stm32.7-2018-q2-update.win32_1.0.0.201904181610/tools/bin/../lib/gcc/arm-none-eabi/7.3.1/thumb/v7e-m/fpv4-sp/hard/crtn.o
                0x0000000008024844                . = ALIGN (0x4)
                0x0000000008024844                _etext = .

.vfp11_veneer   0x0000000008024844        0x0
 .vfp11_veneer  0x0000000008024844        0x0 linker stubs

.v4_bx          0x0000000008024844        0x0
 .v4_bx         0x0000000008024844        0x0 linker stubs

.iplt           0x0000000008024844        0x0
 .iplt          0x0000000008024844        0x0 c:/st/stm32cubeide_1.3.0/stm32cubeide/plugins/com.st.stm32cube.ide.mcu.externaltools.gnu-tools-for-stm32.7-2018-q2-update.win32_1.0.0.201904181610/tools/bin/../lib/gcc/arm-none-eabi/7.3.1/thumb/v7e-m/fpv4-sp/hard/crtbegin.o

.rodata         0x0000000008024848    0x11928
                0x0000000008024848                . = ALIGN (0x4)
 *(.rodata)
 .rodata        0x0000000008024848     0x2008 src/language.o
                0x0000000008024848                deutsch
                0x000000000802584c                english
 .rodata        0x0000000008026850        0x6 src/uart_civ.o
 *fill*         0x0000000008026856        0x2 
 .rodata        0x0000000008026858       0xba src/fatfs/ff.o
 *fill*         0x0000000008026912        0x2 
 .rodata        0x0000000008026914      0xed8 src/fonts/lucida_console12.o
                0x0000000008026914                lucidaConsole_12ptDescriptors
                0x0000000008026c0c                lucidaConsole_12ptBitmaps
 .rodata        0x00000000080277ec     0x1112 src/fonts/lucida_console14.o
                0x00000000080277ec                lucidaConsole_14ptDescriptors
                0x0000000008027ae4                lucidaConsole_14ptBitmaps
 *fill*         0x00000000080288fe        0x2 
 .rodata        0x0000000008028900     0x14c8 src/fonts/lucida_console18.o
                0x0000000008028900                lucidaConsole_18ptDescriptors
                0x0000000008028bf8                lucidaConsole_18ptBitmaps
 .rodata        0x0000000008029dc8     0x2341 src/fonts/lucida_console22.o
                0x0000000008029dc8                lucidaConsole_22ptDescriptors
                0x000000000802a0c0                lucidaConsole_22ptBitmaps
 *fill*         0x000000000802c109        0x3 
 .rodata        0x000000000802c10c     0x14c8 src/fonts/lucida_console_bold_18.o
                0x000000000802c10c                lucidaConsoleBold_18ptDescriptors
                0x000000000802c404                lucidaConsoleBold_18ptBitmaps
 .rodata        0x000000000802d5d4      0x8d2 src/fonts/verdana10.o
                0x000000000802d5d4                verdana_10ptDescriptors
                0x000000000802d8cc                verdana_10ptBitmaps
 *fill*         0x000000000802dea6        0x2 
 .rodata        0x000000000802dea8      0xc3a src/fonts/verdana12.o
                0x000000000802dea8                verdana_12ptDescriptors
                0x000000000802e1a0                verdana_12ptBitmaps
 *fill*         0x000000000802eae2        0x2 
 .rodata        0x000000000802eae4     0x1360 src/fonts/verdana18.o
                0x000000000802eae4                verdana_18ptDescriptors
                0x000000000802eddc                verdana_18ptBitmaps
 .rodata        0x000000000802fe44     0x19f7 src/fonts/verdana22.o
                0x000000000802fe44                verdana_22ptDescriptors
                0x000000000803013c                verdana_22ptBitmaps
 *fill*         0x000000000803183b        0x1 
 .rodata        0x000000000803183c     0x3f20 src/fonts/verdana36.o